Archive member included to satisfy reference by file (symbol)

app/libapp.a(main.c.obj)      (--whole-archive)
app/libapp.a(mutex_lcd.c.obj)
                              (--whole-archive)
app/libapp.a(sem_sensor.c.obj)
                              (--whole-archive)
app/libapp.a(shared_data.c.obj)
                              (--whole-archive)
zephyr/libzephyr.a(heap.c.obj)
                              (--whole-archive)
zephyr/libzephyr.a(cbprintf_packaged.c.obj)
                              (--whole-archive)
zephyr/libzephyr.a(printk.c.obj)
                              (--whole-archive)
zephyr/libzephyr.a(sem.c.obj)
                              (--whole-archive)
zephyr/libzephyr.a(thread_entry.c.obj)
                              (--whole-archive)
zephyr/libzephyr.a(cbprintf_complete.c.obj)
                              (--whole-archive)
zephyr/libzephyr.a(cbprintf.c.obj)
                              (--whole-archive)
zephyr/libzephyr.a(assert.c.obj)
                              (--whole-archive)
zephyr/libzephyr.a(dec.c.obj)
                              (--whole-archive)
zephyr/libzephyr.a(hex.c.obj)
                              (--whole-archive)
zephyr/libzephyr.a(rb.c.obj)  (--whole-archive)
zephyr/libzephyr.a(timeutil.c.obj)
                              (--whole-archive)
zephyr/libzephyr.a(bitarray.c.obj)
                              (--whole-archive)
zephyr/libzephyr.a(ring_buffer.c.obj)
                              (--whole-archive)
zephyr/libzephyr.a(configs.c.obj)
                              (--whole-archive)
zephyr/libzephyr.a(mmu_regions.c.obj)
                              (--whole-archive)
zephyr/libzephyr.a(tracing_none.c.obj)
                              (--whole-archive)
zephyr/arch/common/libarch__common.a(sw_isr_common.c.obj)
                              (--whole-archive)
zephyr/arch/arch/arm64/core/libarch__arm64__core.a(cpu_idle.S.obj)
                              (--whole-archive)
zephyr/arch/arch/arm64/core/libarch__arm64__core.a(early_mem_funcs.S.obj)
                              (--whole-archive)
zephyr/arch/arch/arm64/core/libarch__arm64__core.a(fatal.c.obj)
                              (--whole-archive)
zephyr/arch/arch/arm64/core/libarch__arm64__core.a(irq_init.c.obj)
                              (--whole-archive)
zephyr/arch/arch/arm64/core/libarch__arm64__core.a(irq_manage.c.obj)
                              (--whole-archive)
zephyr/arch/arch/arm64/core/libarch__arm64__core.a(prep_c.c.obj)
                              (--whole-archive)
zephyr/arch/arch/arm64/core/libarch__arm64__core.a(reboot.c.obj)
                              (--whole-archive)
zephyr/arch/arch/arm64/core/libarch__arm64__core.a(reset.S.obj)
                              (--whole-archive)
zephyr/arch/arch/arm64/core/libarch__arm64__core.a(reset.c.obj)
                              (--whole-archive)
zephyr/arch/arch/arm64/core/libarch__arm64__core.a(switch.S.obj)
                              (--whole-archive)
zephyr/arch/arch/arm64/core/libarch__arm64__core.a(thread.c.obj)
                              (--whole-archive)
zephyr/arch/arch/arm64/core/libarch__arm64__core.a(vector_table.S.obj)
                              (--whole-archive)
zephyr/arch/arch/arm64/core/libarch__arm64__core.a(fpu.c.obj)
                              (--whole-archive)
zephyr/arch/arch/arm64/core/libarch__arm64__core.a(fpu.S.obj)
                              (--whole-archive)
zephyr/arch/arch/arm64/core/libarch__arm64__core.a(mmu.c.obj)
                              (--whole-archive)
zephyr/arch/arch/arm64/core/libarch__arm64__core.a(mmu.S.obj)
                              (--whole-archive)
zephyr/arch/arch/arm64/core/libarch__arm64__core.a(isr_wrapper.S.obj)
                              (--whole-archive)
zephyr/arch/arch/arm64/core/libarch__arm64__core.a(smccc-call.S.obj)
                              (--whole-archive)
zephyr/arch/arch/arm64/core/libarch__arm64__core.a(header.S.obj)
                              (--whole-archive)
zephyr/lib/libc/minimal/liblib__libc__minimal.a(atoi.c.obj)
                              (--whole-archive)
zephyr/lib/libc/minimal/liblib__libc__minimal.a(strtol.c.obj)
                              (--whole-archive)
zephyr/lib/libc/minimal/liblib__libc__minimal.a(strtoul.c.obj)
                              (--whole-archive)
zephyr/lib/libc/minimal/liblib__libc__minimal.a(strtoll.c.obj)
                              (--whole-archive)
zephyr/lib/libc/minimal/liblib__libc__minimal.a(strtoull.c.obj)
                              (--whole-archive)
zephyr/lib/libc/minimal/liblib__libc__minimal.a(bsearch.c.obj)
                              (--whole-archive)
zephyr/lib/libc/minimal/liblib__libc__minimal.a(exit.c.obj)
                              (--whole-archive)
zephyr/lib/libc/minimal/liblib__libc__minimal.a(qsort.c.obj)
                              (--whole-archive)
zephyr/lib/libc/minimal/liblib__libc__minimal.a(strerror.c.obj)
                              (--whole-archive)
[...]
Memory Configuration

Name             Origin             Length             Attributes
FLASH            0x0000000000000000 0x0000000004000000 xr
RAM              0x0000000040000000 0x0000000008000000 xw
IDT_LIST         0x00000000ffff8000 0x0000000000008000 xw
*default*        0x0000000000000000 0xffffffffffffffff

Linker script and memory map

LOAD zephyr/CMakeFiles/zephyr_pre0.dir/misc/empty_file.c.obj
LOAD zephyr/CMakeFiles/offsets.dir/./arch/arm64/core/offsets/offsets.c.obj
LOAD app/libapp.a
LOAD zephyr/libzephyr.a
LOAD zephyr/arch/common/libarch__common.a
LOAD zephyr/arch/arch/arm64/core/libarch__arm64__core.a
LOAD zephyr/lib/libc/minimal/liblib__libc__minimal.a
LOAD zephyr/lib/libc/common/liblib__libc__common.a
LOAD zephyr/subsys/random/libsubsys__random.a
LOAD zephyr/drivers/interrupt_controller/libdrivers__interrupt_controller.a
LOAD zephyr/drivers/console/libdrivers__console.a
LOAD zephyr/drivers/serial/libdrivers__serial.a
LOAD zephyr/drivers/timer/libdrivers__timer.a
LOAD zephyr/kernel/libkernel.a
LOAD zephyr/arch/common/libisr_tables.a
LOAD /home/emina/zephyr-sdk-0.17.1/aarch64-zephyr-elf/bin/../lib/gcc/aarch64-zephyr-elf/12.2.0/libgcc.a
                0x0000000000001000                _region_min_align = 0x1000

.rel.plt        0x0000000000000000        0x0
 *(SORT_BY_ALIGNMENT(.rel.plt))
                [!provide]                        PROVIDE (__rel_iplt_start = .)
 *(SORT_BY_ALIGNMENT(.rel.iplt))
                [!provide]                        PROVIDE (__rel_iplt_end = .)

.rela.plt       0x0000000000000000        0x0
 *(SORT_BY_ALIGNMENT(.rela.plt))
                [!provide]                        PROVIDE (__rela_iplt_start = .)
 *(SORT_BY_ALIGNMENT(.rela.iplt))
 .rela.iplt     0x0000000000000000        0x0 app/libapp.a(main.c.obj)
                [!provide]                        PROVIDE (__rela_iplt_end = .)

.rel.dyn
 *(SORT_BY_ALIGNMENT(.rel.*))

.rela.dyn       0x0000000000000000        0x0
 *(SORT_BY_ALIGNMENT(.rela.*))
 .rela.data._char_out
                0x0000000000000000        0x0 app/libapp.a(main.c.obj)
 .rela.rodata.mmu_zephyr_ranges
                0x0000000000000000        0x0 app/libapp.a(main.c.obj)
 .rela.image_header._image_header_section
                0x0000000000000000        0x0 app/libapp.a(main.c.obj)
 .rela.text.z_device_state_init
                0x0000000000000000        0x0 app/libapp.a(main.c.obj)
 .rela.text.z_init_static_threads
                0x0000000000000000        0x0 app/libapp.a(main.c.obj)
 .rela.text.z_bss_zero
                0x0000000000000000        0x0 app/libapp.a(main.c.obj)
 .rela.rodata.levels.0
                0x0000000000000000        0x0 app/libapp.a(main.c.obj)
 .rela.text.virt_region_init
                0x0000000000000000        0x0 app/libapp.a(main.c.obj)
 .rela.text.virt_region_free
                0x0000000000000000        0x0 app/libapp.a(main.c.obj)
 .rela.text.virt_region_alloc
                0x0000000000000000        0x0 app/libapp.a(main.c.obj)
 .rela.text.z_mem_manage_init
                0x0000000000000000        0x0 app/libapp.a(main.c.obj)
 .rela.text.statics_init
                0x0000000000000000        0x0 app/libapp.a(main.c.obj)

/DISCARD/
 *(SORT_BY_ALIGNMENT(.plt))

/DISCARD/
 *(SORT_BY_ALIGNMENT(.iplt))
                0x0000000000000000                __rom_region_start = 0x0

text            0x0000000040000000     0x9000
                0x0000000040000000                __text_region_start = .
                0x0000000040000000                z_mapped_start = .
 *(SORT_BY_ALIGNMENT(.image_header))
 *(SORT_BY_ALIGNMENT(.image_header.*))
 .image_header._image_header_section
                0x0000000040000000       0x40 zephyr/arch/arch/arm64/core/libarch__arm64__core.a(header.S.obj)
                0x0000000040000040                _vector_start = .
 *(SORT_BY_ALIGNMENT(.exc_vector_table))
 *(SORT_BY_ALIGNMENT(.exc_vector_table.*))
 *fill*         0x0000000040000040      0x7c0 
 .exc_vector_table._vector_table_section
                0x0000000040000800      0x784 zephyr/arch/arch/arm64/core/libarch__arm64__core.a(vector_table.S.obj)
                0x0000000040000800                _vector_table
 *(SORT_BY_ALIGNMENT(.vectors))
                0x0000000040000f84                _vector_end = .
 *(SORT_BY_ALIGNMENT(.text))
 *fill*         0x0000000040000f84        0xc 
 .text          0x0000000040000f90       0x2c /home/emina/zephyr-sdk-0.17.1/aarch64-zephyr-elf/bin/../lib/gcc/aarch64-zephyr-elf/12.2.0/libgcc.a(swp_8_4.o)
                0x0000000040000f90                __aarch64_swp8_acq_rel
 *(SORT_BY_ALIGNMENT(.text.*))
 *fill*         0x0000000040000fbc        0x4 
 .text._reset_section
                0x0000000040000fc0      0x108 zephyr/arch/arch/arm64/core/libarch__arm64__core.a(reset.S.obj)
                0x0000000040000fc0                __reset_prep_c
                0x0000000040001044                __reset
                0x0000000040001044                __start
 .text._isr_wrapper
                0x00000000400010c8       0xb8 zephyr/arch/arch/arm64/core/libarch__arm64__core.a(isr_wrapper.S.obj)
                0x00000000400010c8                _isr_wrapper
                0x0000000040001138                z_arm64_irq_done
 .text._OffsetAbsSyms
                0x0000000040001180        0x4 zephyr/CMakeFiles/offsets.dir/./arch/arm64/core/offsets/offsets.c.obj
                0x0000000040001180                _OffsetAbsSyms
 .text.main     0x0000000040001184       0x94 app/libapp.a(main.c.obj)
                0x0000000040001184                main
 .text.lcd_print
                0x0000000040001218       0x58 app/libapp.a(mutex_lcd.c.obj)
 .text.temperature_display_thread
                0x0000000040001270       0x58 app/libapp.a(mutex_lcd.c.obj)
 .text.humidity_display_thread
                0x00000000400012c8       0x58 app/libapp.a(mutex_lcd.c.obj)
 .text.get_system_status
                0x0000000040001320       0x30 app/libapp.a(mutex_lcd.c.obj)
 .text.status_display_thread
                0x0000000040001350       0x58 app/libapp.a(mutex_lcd.c.obj)
 .text.mutex_lcd_init
                0x00000000400013a8       0x1c app/libapp.a(mutex_lcd.c.obj)
                0x00000000400013a8                mutex_lcd_init
 .text.humidity_sensor_simulation
                0x00000000400013c4       0xc4 app/libapp.a(sem_sensor.c.obj)
 .text.sensor_isr_simulation
                0x0000000040001488       0xb8 app/libapp.a(sem_sensor.c.obj)
 .text.sensor_worker_thread
                0x0000000040001540      0x104 app/libapp.a(sem_sensor.c.obj)
 .text.sem_sensor_init
                0x0000000040001644       0x44 app/libapp.a(sem_sensor.c.obj)
                0x0000000040001644                sem_sensor_init
 .text.sensor_data_init
                0x0000000040001688       0x34 app/libapp.a(shared_data.c.obj)
                0x0000000040001688                sensor_data_init
 .text.sensor_data_set_temp
                0x00000000400016bc       0x44 app/libapp.a(shared_data.c.obj)
                0x00000000400016bc                sensor_data_set_temp
 .text.sensor_data_set_humidity
                0x0000000040001700       0x40 app/libapp.a(shared_data.c.obj)
                0x0000000040001700                sensor_data_set_humidity
 .text.sensor_data_get_temp
                0x0000000040001740       0x44 app/libapp.a(shared_data.c.obj)
                0x0000000040001740                sensor_data_get_temp
 .text.sensor_data_get_humidity
                0x0000000040001784       0x40 app/libapp.a(shared_data.c.obj)
                0x0000000040001784                sensor_data_get_humidity
 .text.free_list_add_bidx
                0x00000000400017c4       0x90 zephyr/libzephyr.a(heap.c.obj)
 .text.free_list_add
                0x0000000040001854       0x4c zephyr/libzephyr.a(heap.c.obj)
 .text.sys_heap_init
                0x00000000400018a0       0xd0 zephyr/libzephyr.a(heap.c.obj)
                0x00000000400018a0                sys_heap_init
 .text.arch_printk_char_out
                0x0000000040001970        0x8 zephyr/libzephyr.a(printk.c.obj)
                0x0000000040001970                arch_printk_char_out
 .text.char_out
                0x0000000040001978       0x1c zephyr/libzephyr.a(printk.c.obj)
 .text.__printk_hook_install
                0x0000000040001994        0xc zephyr/libzephyr.a(printk.c.obj)
                0x0000000040001994                __printk_hook_install
 .text.vprintk  0x00000000400019a0       0x44 zephyr/libzephyr.a(printk.c.obj)
                0x00000000400019a0                vprintk
 .text.printk   0x00000000400019e4       0x88 zephyr/libzephyr.a(printk.c.obj)
                0x00000000400019e4                printk
 .text.z_thread_entry
                0x0000000040001a6c       0x24 zephyr/libzephyr.a(thread_entry.c.obj)
                0x0000000040001a6c                z_thread_entry
 .text.extract_decimal
                0x0000000040001a90       0x3c zephyr/libzephyr.a(cbprintf_complete.c.obj)
 .text.extract_flags
                0x0000000040001acc       0xd4 zephyr/libzephyr.a(cbprintf_complete.c.obj)
 .text.extract_width
                0x0000000040001ba0       0xb4 zephyr/libzephyr.a(cbprintf_complete.c.obj)
 .text.extract_prec
                0x0000000040001c54       0xbc zephyr/libzephyr.a(cbprintf_complete.c.obj)
 .text.extract_length
                0x0000000040001d10      0x130 zephyr/libzephyr.a(cbprintf_complete.c.obj)
 .text.extract_specifier
                0x0000000040001e40      0x20c zephyr/libzephyr.a(cbprintf_complete.c.obj)
 .text.extract_conversion
                0x000000004000204c       0x78 zephyr/libzephyr.a(cbprintf_complete.c.obj)
 .text._ldiv5   0x00000000400020c4       0x1c zephyr/libzephyr.a(cbprintf_complete.c.obj)
 .text._ldiv10  0x00000000400020e0       0x20 zephyr/libzephyr.a(cbprintf_complete.c.obj)
 .text._get_digit
                0x0000000040002100       0x44 zephyr/libzephyr.a(cbprintf_complete.c.obj)
 .text.conversion_radix
                0x0000000040002144       0x5c zephyr/libzephyr.a(cbprintf_complete.c.obj)
 .text.encode_uint
                0x00000000400021a0       0xf8 zephyr/libzephyr.a(cbprintf_complete.c.obj)
 .text.encode_float
                0x0000000040002298      0x568 zephyr/libzephyr.a(cbprintf_complete.c.obj)
 .text.store_count
                0x0000000040002800       0xa0 zephyr/libzephyr.a(cbprintf_complete.c.obj)
 .text.outs     0x00000000400028a0       0x6c zephyr/libzephyr.a(cbprintf_complete.c.obj)
 .text.z_cbvprintf_impl
                0x000000004000290c      0xc60 zephyr/libzephyr.a(cbprintf_complete.c.obj)
                0x000000004000290c                z_cbvprintf_impl
 .text.setup_bundle_data
                0x000000004000356c       0x60 zephyr/libzephyr.a(bitarray.c.obj)
 .text.set_region
                0x00000000400035cc      0x12c zephyr/libzephyr.a(bitarray.c.obj)
 .text.set_clear_region
                0x00000000400036f8       0x8c zephyr/libzephyr.a(bitarray.c.obj)
 .text.match_region
                0x0000000040003784      0x11c zephyr/libzephyr.a(bitarray.c.obj)
 .text.sys_bitarray_alloc
                0x00000000400038a0      0x140 zephyr/libzephyr.a(bitarray.c.obj)
                0x00000000400038a0                sys_bitarray_alloc
 .text.sys_bitarray_free
                0x00000000400039e0       0xdc zephyr/libzephyr.a(bitarray.c.obj)
                0x00000000400039e0                sys_bitarray_free
 .text.sys_bitarray_set_region
                0x0000000040003abc       0x18 zephyr/libzephyr.a(bitarray.c.obj)
                0x0000000040003abc                sys_bitarray_set_region
 .text._ConfigAbsSyms
                0x0000000040003ad4        0x4 zephyr/libzephyr.a(configs.c.obj)
                0x0000000040003ad4                _ConfigAbsSyms
 .text.arch_cpu_idle
                0x0000000040003ad8       0x10 zephyr/arch/arch/arm64/core/libarch__arm64__core.a(cpu_idle.S.obj)
                0x0000000040003ad8                arch_cpu_idle
 .text.z_early_memset
                0x0000000040003ae8       0x40 zephyr/arch/arch/arm64/core/libarch__arm64__core.a(early_mem_funcs.S.obj)
                0x0000000040003ae8                z_early_memset
 .text.dump_esr
                0x0000000040003b28       0x98 zephyr/arch/arch/arm64/core/libarch__arm64__core.a(fatal.c.obj)
 .text.is_recoverable
                0x0000000040003bc0        0x8 zephyr/arch/arch/arm64/core/libarch__arm64__core.a(fatal.c.obj)
 .text.z_arm64_fatal_error
                0x0000000040003bc8       0xe4 zephyr/arch/arch/arm64/core/libarch__arm64__core.a(fatal.c.obj)
                0x0000000040003bc8                z_arm64_fatal_error
 .text.z_arm64_do_kernel_oops
                0x0000000040003cac       0x1c zephyr/arch/arch/arm64/core/libarch__arm64__core.a(fatal.c.obj)
                0x0000000040003cac                z_arm64_do_kernel_oops
 .text.z_arm64_interrupt_init
                0x0000000040003cc8        0x4 zephyr/arch/arch/arm64/core/libarch__arm64__core.a(irq_init.c.obj)
                0x0000000040003cc8                z_arm64_interrupt_init
 .text.arch_irq_enable
                0x0000000040003ccc       0x14 zephyr/arch/arch/arm64/core/libarch__arm64__core.a(irq_manage.c.obj)
                0x0000000040003ccc                arch_irq_enable
 .text.z_arm64_irq_priority_set
                0x0000000040003ce0       0x14 zephyr/arch/arch/arm64/core/libarch__arm64__core.a(irq_manage.c.obj)
                0x0000000040003ce0                z_arm64_irq_priority_set
 .text.z_irq_spurious
                0x0000000040003cf4       0x1c zephyr/arch/arch/arm64/core/libarch__arm64__core.a(irq_manage.c.obj)
                0x0000000040003cf4                z_irq_spurious
 .text.z_prep_c
                0x0000000040003d10       0x28 zephyr/arch/arch/arm64/core/libarch__arm64__core.a(prep_c.c.obj)
                0x0000000040003d10                z_prep_c
 .text.z_arm64_el3_plat_prep_c
                0x0000000040003d38        0x4 zephyr/arch/arch/arm64/core/libarch__arm64__core.a(reset.S.obj)
                0x0000000040003d38                z_arm64_el3_plat_prep_c
 .text.z_arm64_el2_plat_prep_c
                0x0000000040003d3c        0x4 zephyr/arch/arch/arm64/core/libarch__arm64__core.a(reset.S.obj)
                0x0000000040003d3c                z_arm64_el2_plat_prep_c
 .text.z_arm64_el1_plat_prep_c
                0x0000000040003d40        0x4 zephyr/arch/arch/arm64/core/libarch__arm64__core.a(reset.S.obj)
                0x0000000040003d40                z_arm64_el1_plat_prep_c
 .text.el3_get_next_el
                0x0000000040003d44       0x30 zephyr/arch/arch/arm64/core/libarch__arm64__core.a(reset.c.obj)
 .text.is_el_highest_implemented
                0x0000000040003d74       0x38 zephyr/arch/arch/arm64/core/libarch__arm64__core.a(reset.c.obj)
 .text.z_arm64_el_highest_plat_init
                0x0000000040003dac        0x4 zephyr/arch/arch/arm64/core/libarch__arm64__core.a(reset.c.obj)
                0x0000000040003dac                z_arm64_el_highest_plat_init
 .text.z_arm64_el3_plat_init
                0x0000000040003db0        0x4 zephyr/arch/arch/arm64/core/libarch__arm64__core.a(reset.c.obj)
                0x0000000040003db0                z_arm64_el3_plat_init
 .text.z_arm64_el2_plat_init
                0x0000000040003db4        0x4 zephyr/arch/arch/arm64/core/libarch__arm64__core.a(reset.c.obj)
                0x0000000040003db4                z_arm64_el2_plat_init
 .text.z_arm64_el1_plat_init
                0x0000000040003db8        0x4 zephyr/arch/arch/arm64/core/libarch__arm64__core.a(reset.c.obj)
                0x0000000040003db8                z_arm64_el1_plat_init
 .text.z_arm64_el_highest_init
                0x0000000040003dbc       0x30 zephyr/arch/arch/arm64/core/libarch__arm64__core.a(reset.c.obj)
                0x0000000040003dbc                z_arm64_el_highest_init
 .text.z_arm64_el2_init
                0x0000000040003dec       0x58 zephyr/arch/arch/arm64/core/libarch__arm64__core.a(reset.c.obj)
                0x0000000040003dec                z_arm64_el2_init
 .text.z_arm64_el3_init
                0x0000000040003e44       0x70 zephyr/arch/arch/arm64/core/libarch__arm64__core.a(reset.c.obj)
                0x0000000040003e44                z_arm64_el3_init
 .text.z_arm64_el1_init
                0x0000000040003eb4       0x4c zephyr/arch/arch/arm64/core/libarch__arm64__core.a(reset.c.obj)
                0x0000000040003eb4                z_arm64_el1_init
 .text.z_arm64_el3_get_next_el
                0x0000000040003f00       0x2c zephyr/arch/arch/arm64/core/libarch__arm64__core.a(reset.c.obj)
                0x0000000040003f00                z_arm64_el3_get_next_el
 .text.z_arm64_context_switch
                0x0000000040003f2c       0x78 zephyr/arch/arch/arm64/core/libarch__arm64__core.a(switch.S.obj)
                0x0000000040003f2c                z_arm64_context_switch
 .text.z_arm64_sync_exc
                0x0000000040003fa4       0x4c zephyr/arch/arch/arm64/core/libarch__arm64__core.a(switch.S.obj)
                0x0000000040003fa4                z_arm64_sync_exc
 .text.arch_new_thread
                0x0000000040003ff0       0x94 zephyr/arch/arch/arm64/core/libarch__arm64__core.a(thread.c.obj)
                0x0000000040003ff0                arch_new_thread
 .text.z_arm64_serror
                0x0000000040004084       0x10 zephyr/arch/arch/arm64/core/libarch__arm64__core.a(vector_table.S.obj)
                0x0000000040004084                z_arm64_serror
 .text.z_arm64_exit_exc
                0x0000000040004094       0x5c zephyr/arch/arch/arm64/core/libarch__arm64__core.a(vector_table.S.obj)
                0x0000000040004094                z_arm64_exit_exc
                0x0000000040004098                z_arm64_exit_exc_fpu_done
 .text.simulate_str_q_insn
                0x00000000400040f0       0x74 zephyr/arch/arch/arm64/core/libarch__arm64__core.a(fpu.c.obj)
 .text.fpu_access_update
                0x0000000040004164       0x5c zephyr/arch/arch/arm64/core/libarch__arm64__core.a(fpu.c.obj)
 .text.arch_flush_local_fpu
                0x00000000400041c0       0x64 zephyr/arch/arch/arm64/core/libarch__arm64__core.a(fpu.c.obj)
                0x00000000400041c0                arch_flush_local_fpu
 .text.z_arm64_fpu_enter_exc
                0x0000000040004224       0x14 zephyr/arch/arch/arm64/core/libarch__arm64__core.a(fpu.c.obj)
                0x0000000040004224                z_arm64_fpu_enter_exc
 .text.z_arm64_fpu_trap
                0x0000000040004238       0xb0 zephyr/arch/arch/arm64/core/libarch__arm64__core.a(fpu.c.obj)
                0x0000000040004238                z_arm64_fpu_trap
 .text.z_arm64_fpu_exit_exc
                0x00000000400042e8       0x18 zephyr/arch/arch/arm64/core/libarch__arm64__core.a(fpu.c.obj)
                0x00000000400042e8                z_arm64_fpu_exit_exc
 .text.z_arm64_fpu_thread_context_switch
                0x0000000040004300       0x18 zephyr/arch/arch/arm64/core/libarch__arm64__core.a(fpu.c.obj)
                0x0000000040004300                z_arm64_fpu_thread_context_switch
 .text.arch_float_disable
                0x0000000040004318       0x54 zephyr/arch/arch/arm64/core/libarch__arm64__core.a(fpu.c.obj)
                0x0000000040004318                arch_float_disable
 .text.z_arm64_fpu_save
                0x000000004000436c       0x54 zephyr/arch/arch/arm64/core/libarch__arm64__core.a(fpu.S.obj)
                0x000000004000436c                z_arm64_fpu_save
 .text.z_arm64_fpu_restore
                0x00000000400043c0       0x54 zephyr/arch/arch/arm64/core/libarch__arm64__core.a(fpu.S.obj)
                0x00000000400043c0                z_arm64_fpu_restore
 .text.new_table
                0x0000000040004414       0x50 zephyr/arch/arch/arm64/core/libarch__arm64__core.a(mmu.c.obj)
 .text.table_usage
                0x0000000040004464       0x38 zephyr/arch/arch/arm64/core/libarch__arm64__core.a(mmu.c.obj)
 .text.set_pte_table_desc
                0x000000004000449c        0xc zephyr/arch/arch/arm64/core/libarch__arm64__core.a(mmu.c.obj)
 .text.set_pte_block_desc
                0x00000000400044a8       0x1c zephyr/arch/arch/arm64/core/libarch__arm64__core.a(mmu.c.obj)
 .text.expand_to_table
                0x00000000400044c4       0xa8 zephyr/arch/arch/arm64/core/libarch__arm64__core.a(mmu.c.obj)
 .text.set_mapping
                0x000000004000456c      0x168 zephyr/arch/arch/arm64/core/libarch__arm64__core.a(mmu.c.obj)
 .text.get_region_desc
                0x00000000400046d4       0xa8 zephyr/arch/arch/arm64/core/libarch__arm64__core.a(mmu.c.obj)
 .text.__add_map
                0x000000004000477c       0x60 zephyr/arch/arch/arm64/core/libarch__arm64__core.a(mmu.c.obj)
 .text.add_map  0x00000000400047dc       0x2c zephyr/arch/arch/arm64/core/libarch__arm64__core.a(mmu.c.obj)
 .text.invalidate_tlb_all
                0x0000000040004808       0x14 zephyr/arch/arch/arm64/core/libarch__arm64__core.a(mmu.c.obj)
 .text.add_arm_mmu_flat_range
                0x000000004000481c       0x38 zephyr/arch/arch/arm64/core/libarch__arm64__core.a(mmu.c.obj)
 .text.add_arm_mmu_region
                0x0000000040004854       0x3c zephyr/arch/arch/arm64/core/libarch__arm64__core.a(mmu.c.obj)
 .text.inv_dcache_after_map_helper
                0x0000000040004890       0xa0 zephyr/arch/arch/arm64/core/libarch__arm64__core.a(mmu.c.obj)
 .text.setup_page_tables
                0x0000000040004930      0x134 zephyr/arch/arch/arm64/core/libarch__arm64__core.a(mmu.c.obj)
 .text.get_tcr  0x0000000040004a64       0x24 zephyr/arch/arch/arm64/core/libarch__arm64__core.a(mmu.c.obj)
 .text.enable_mmu_el1
                0x0000000040004a88       0x58 zephyr/arch/arch/arm64/core/libarch__arm64__core.a(mmu.c.obj)
 .text.__arch_mem_map
                0x0000000040004ae0       0xbc zephyr/arch/arch/arm64/core/libarch__arm64__core.a(mmu.c.obj)
 .text.z_arm64_mm_init
                0x0000000040004b9c       0x40 zephyr/arch/arch/arm64/core/libarch__arm64__core.a(mmu.c.obj)
                0x0000000040004b9c                z_arm64_mm_init
 .text.arch_mem_map
                0x0000000040004bdc       0x74 zephyr/arch/arch/arm64/core/libarch__arm64__core.a(mmu.c.obj)
                0x0000000040004bdc                arch_mem_map
 .text.arch_virt_region_align
                0x0000000040004c50       0x4c zephyr/arch/arch/arm64/core/libarch__arm64__core.a(mmu.c.obj)
                0x0000000040004c50                arch_virt_region_align
 .text.strncpy  0x0000000040004c9c       0x34 zephyr/lib/libc/minimal/liblib__libc__minimal.a(string.c.obj)
                0x0000000040004c9c                strncpy
 .text.strlen   0x0000000040004cd0       0x20 zephyr/lib/libc/minimal/liblib__libc__minimal.a(string.c.obj)
                0x0000000040004cd0                strlen
 .text.memcpy   0x0000000040004cf0       0x60 zephyr/lib/libc/minimal/liblib__libc__minimal.a(string.c.obj)
                0x0000000040004cf0                memcpy
 .text.memset   0x0000000040004d50       0x5c zephyr/lib/libc/minimal/liblib__libc__minimal.a(string.c.obj)
                0x0000000040004d50                memset
 .text._stdout_hook_default
                0x0000000040004dac        0x8 zephyr/lib/libc/minimal/liblib__libc__minimal.a(stdout_console.c.obj)
 .text.__stdout_hook_install
                0x0000000040004db4        0xc zephyr/lib/libc/minimal/liblib__libc__minimal.a(stdout_console.c.obj)
                0x0000000040004db4                __stdout_hook_install
 .text.sprintf_out
                0x0000000040004dc0       0x34 zephyr/lib/libc/minimal/liblib__libc__minimal.a(sprintf.c.obj)
 .text.snprintf
                0x0000000040004df4       0xb0 zephyr/lib/libc/minimal/liblib__libc__minimal.a(sprintf.c.obj)
                0x0000000040004df4                snprintf
 .text.strnlen  0x0000000040004ea4       0x28 zephyr/lib/libc/common/liblib__libc__common.a(strnlen.c.obj)
                0x0000000040004ea4                strnlen
 .text.rand32_get
                0x0000000040004ecc       0x60 zephyr/subsys/random/libsubsys__random.a(random_timer.c.obj)
 .text.z_impl_sys_rand_get
                0x0000000040004f2c       0x60 zephyr/subsys/random/libsubsys__random.a(random_timer.c.obj)
                0x0000000040004f2c                z_impl_sys_rand_get
 .text.gic_wait_rwp
                0x0000000040004f8c       0x48 zephyr/drivers/interrupt_controller/libdrivers__interrupt_controller.a(intc_gicv3.c.obj)
 .text.gicv3_rdist_enable
                0x0000000040004fd4       0x78 zephyr/drivers/interrupt_controller/libdrivers__interrupt_controller.a(intc_gicv3.c.obj)
 .text.gicv3_cpuif_init
                0x000000004000504c       0xf0 zephyr/drivers/interrupt_controller/libdrivers__interrupt_controller.a(intc_gicv3.c.obj)
 .text.gicv3_dist_init
                0x000000004000513c      0x228 zephyr/drivers/interrupt_controller/libdrivers__interrupt_controller.a(intc_gicv3.c.obj)
 .text.arm_gic_mpidr_to_affinity
                0x0000000040005364       0x24 zephyr/drivers/interrupt_controller/libdrivers__interrupt_controller.a(intc_gicv3.c.obj)
 .text.arm_gic_aff_matching
                0x0000000040005388        0xc zephyr/drivers/interrupt_controller/libdrivers__interrupt_controller.a(intc_gicv3.c.obj)
 .text.arm_gic_iterate_rdists
                0x0000000040005394       0x9c zephyr/drivers/interrupt_controller/libdrivers__interrupt_controller.a(intc_gicv3.c.obj)
 .text.__arm_gic_init
                0x0000000040005430       0x50 zephyr/drivers/interrupt_controller/libdrivers__interrupt_controller.a(intc_gicv3.c.obj)
 .text.arm_gic_init
                0x0000000040005480       0x1c zephyr/drivers/interrupt_controller/libdrivers__interrupt_controller.a(intc_gicv3.c.obj)
                0x0000000040005480                arm_gic_init
 .text.arm_gic_irq_set_priority
                0x000000004000549c      0x198 zephyr/drivers/interrupt_controller/libdrivers__interrupt_controller.a(intc_gicv3.c.obj)
                0x000000004000549c                arm_gic_irq_set_priority
 .text.arm_gic_irq_enable
                0x0000000040005634       0x8c zephyr/drivers/interrupt_controller/libdrivers__interrupt_controller.a(intc_gicv3.c.obj)
                0x0000000040005634                arm_gic_irq_enable
 .text.arm_gic_get_active
                0x00000000400056c0        0x8 zephyr/drivers/interrupt_controller/libdrivers__interrupt_controller.a(intc_gicv3.c.obj)
                0x00000000400056c0                arm_gic_get_active
 .text.arm_gic_eoi
                0x00000000400056c8       0x10 zephyr/drivers/interrupt_controller/libdrivers__interrupt_controller.a(intc_gicv3.c.obj)
                0x00000000400056c8                arm_gic_eoi
 .text.console_out
                0x00000000400056d8       0x5c zephyr/drivers/console/libdrivers__console.a(uart_console.c.obj)
 .text.uart_console_hook_install
                0x0000000040005734       0x30 zephyr/drivers/console/libdrivers__console.a(uart_console.c.obj)
 .text.uart_console_init
                0x0000000040005764       0x34 zephyr/drivers/console/libdrivers__console.a(uart_console.c.obj)
 .text.pl011_enable
                0x0000000040005798       0x18 zephyr/drivers/serial/libdrivers__serial.a(uart_pl011.c.obj)
 .text.pl011_disable
                0x00000000400057b0       0x18 zephyr/drivers/serial/libdrivers__serial.a(uart_pl011.c.obj)
 .text.pl011_enable_fifo
                0x00000000400057c8       0x18 zephyr/drivers/serial/libdrivers__serial.a(uart_pl011.c.obj)
 .text.pl011_disable_fifo
                0x00000000400057e0       0x18 zephyr/drivers/serial/libdrivers__serial.a(uart_pl011.c.obj)
 .text.pl011_set_flow_control
                0x00000000400057f8       0x6c zephyr/drivers/serial/libdrivers__serial.a(uart_pl011.c.obj)
 .text.pl011_set_baudrate
                0x0000000040005864       0x60 zephyr/drivers/serial/libdrivers__serial.a(uart_pl011.c.obj)
 .text.pl011_is_readable
                0x00000000400058c4       0x38 zephyr/drivers/serial/libdrivers__serial.a(uart_pl011.c.obj)
 .text.pl011_poll_in
                0x00000000400058fc       0x54 zephyr/drivers/serial/libdrivers__serial.a(uart_pl011.c.obj)
 .text.pl011_poll_out
                0x0000000040005950       0x1c zephyr/drivers/serial/libdrivers__serial.a(uart_pl011.c.obj)
 .text.pl011_err_check
                0x000000004000596c       0x44 zephyr/drivers/serial/libdrivers__serial.a(uart_pl011.c.obj)
 .text.pl011_runtime_config_get
                0x00000000400059b0       0x14 zephyr/drivers/serial/libdrivers__serial.a(uart_pl011.c.obj)
 .text.pl011_fifo_fill
                0x00000000400059c4       0x38 zephyr/drivers/serial/libdrivers__serial.a(uart_pl011.c.obj)
 .text.pl011_fifo_read
                0x00000000400059fc       0x38 zephyr/drivers/serial/libdrivers__serial.a(uart_pl011.c.obj)
 .text.pl011_irq_tx_enable
                0x0000000040005a34       0x90 zephyr/drivers/serial/libdrivers__serial.a(uart_pl011.c.obj)
 .text.pl011_irq_tx_disable
                0x0000000040005ac4       0x24 zephyr/drivers/serial/libdrivers__serial.a(uart_pl011.c.obj)
 .text.pl011_irq_tx_complete
                0x0000000040005ae8       0x1c zephyr/drivers/serial/libdrivers__serial.a(uart_pl011.c.obj)
 .text.pl011_irq_tx_ready
                0x0000000040005b04       0x5c zephyr/drivers/serial/libdrivers__serial.a(uart_pl011.c.obj)
 .text.pl011_irq_rx_enable
                0x0000000040005b60       0x1c zephyr/drivers/serial/libdrivers__serial.a(uart_pl011.c.obj)
 .text.pl011_irq_rx_disable
                0x0000000040005b7c       0x1c zephyr/drivers/serial/libdrivers__serial.a(uart_pl011.c.obj)
 .text.pl011_irq_rx_ready
                0x0000000040005b98       0x4c zephyr/drivers/serial/libdrivers__serial.a(uart_pl011.c.obj)
 .text.pl011_irq_err_enable
                0x0000000040005be4       0x18 zephyr/drivers/serial/libdrivers__serial.a(uart_pl011.c.obj)
 .text.pl011_irq_err_disable
                0x0000000040005bfc       0x18 zephyr/drivers/serial/libdrivers__serial.a(uart_pl011.c.obj)
 .text.pl011_irq_is_pending
                0x0000000040005c14       0x3c zephyr/drivers/serial/libdrivers__serial.a(uart_pl011.c.obj)
 .text.pl011_irq_update
                0x0000000040005c50        0x8 zephyr/drivers/serial/libdrivers__serial.a(uart_pl011.c.obj)
 .text.pl011_irq_callback_set
                0x0000000040005c58       0x10 zephyr/drivers/serial/libdrivers__serial.a(uart_pl011.c.obj)
 .text.pl011_isr
                0x0000000040005c68       0x60 zephyr/drivers/serial/libdrivers__serial.a(uart_pl011.c.obj)
                0x0000000040005c68                pl011_isr
 .text.pwr_on_arm_pl011_0
                0x0000000040005cc8        0x8 zephyr/drivers/serial/libdrivers__serial.a(uart_pl011.c.obj)
 .text.clk_enable_arm_pl011_0
                0x0000000040005cd0        0x8 zephyr/drivers/serial/libdrivers__serial.a(uart_pl011.c.obj)
 .text.pl011_runtime_configure_internal
                0x0000000040005cd8      0x1b0 zephyr/drivers/serial/libdrivers__serial.a(uart_pl011.c.obj)
 .text.pl011_runtime_configure
                0x0000000040005e88       0x18 zephyr/drivers/serial/libdrivers__serial.a(uart_pl011.c.obj)
 .text.pl011_init
                0x0000000040005ea0      0x140 zephyr/drivers/serial/libdrivers__serial.a(uart_pl011.c.obj)
 .text.pl011_irq_config_func_0
                0x0000000040005fe0       0x28 zephyr/drivers/serial/libdrivers__serial.a(uart_pl011.c.obj)
 .text.sys_clock_driver_init
                0x0000000040006008       0x84 zephyr/drivers/timer/libdrivers__timer.a(arm_arch_timer.c.obj)
 .text.arm_arch_timer_compare_isr
                0x000000004000608c       0x84 zephyr/drivers/timer/libdrivers__timer.a(arm_arch_timer.c.obj)
 .text.sys_clock_set_timeout
                0x0000000040006110       0xa8 zephyr/drivers/timer/libdrivers__timer.a(arm_arch_timer.c.obj)
                0x0000000040006110                sys_clock_set_timeout
 .text.sys_clock_elapsed
                0x00000000400061b8       0x44 zephyr/drivers/timer/libdrivers__timer.a(arm_arch_timer.c.obj)
                0x00000000400061b8                sys_clock_elapsed
 .text.sys_clock_cycle_get_32
                0x00000000400061fc        0x8 zephyr/drivers/timer/libdrivers__timer.a(arm_arch_timer.c.obj)
                0x00000000400061fc                sys_clock_cycle_get_32
 .text.z_device_state_init
                0x0000000040006204       0x24 zephyr/kernel/libkernel.a(device.c.obj)
                0x0000000040006204                z_device_state_init
 .text.z_impl_device_is_ready
                0x0000000040006228       0x38 zephyr/kernel/libkernel.a(device.c.obj)
                0x0000000040006228                z_impl_device_is_ready
 .text.arch_system_halt
                0x0000000040006260        0xc zephyr/kernel/libkernel.a(fatal.c.obj)
                0x0000000040006260                arch_system_halt
 .text.k_sys_fatal_error_handler
                0x000000004000626c        0xc zephyr/kernel/libkernel.a(fatal.c.obj)
                0x000000004000626c                k_sys_fatal_error_handler
 .text.z_fatal_error
                0x0000000040006278       0x40 zephyr/kernel/libkernel.a(fatal.c.obj)
                0x0000000040006278                z_fatal_error
 .text.do_device_init
                0x00000000400062b8       0x64 zephyr/kernel/libkernel.a(init.c.obj)
 .text.z_sys_init_run_level
                0x000000004000631c       0x68 zephyr/kernel/libkernel.a(init.c.obj)
 .text.init_idle_thread
                0x0000000040006384       0x90 zephyr/kernel/libkernel.a(init.c.obj)
 .text.thread_schedule_new
                0x0000000040006414       0x30 zephyr/kernel/libkernel.a(init.c.obj)
 .text.z_init_static_threads
                0x0000000040006444       0xbc zephyr/kernel/libkernel.a(init.c.obj)
 .text.bg_thread_main
                0x0000000040006500       0x54 zephyr/kernel/libkernel.a(init.c.obj)
 .text.arch_switch
                0x0000000040006554       0x18 zephyr/kernel/libkernel.a(init.c.obj)
 .text.z_swap_unlocked
                0x000000004000656c       0x7c zephyr/kernel/libkernel.a(init.c.obj)
 .text.switch_to_main_thread
                0x00000000400065e8        0xc zephyr/kernel/libkernel.a(init.c.obj)
 .text.z_bss_zero
                0x00000000400065f4       0x2c zephyr/kernel/libkernel.a(init.c.obj)
                0x00000000400065f4                z_bss_zero
 .text.z_init_cpu
                0x0000000040006620       0x60 zephyr/kernel/libkernel.a(init.c.obj)
                0x0000000040006620                z_init_cpu
 .text.prepare_multithreading
                0x0000000040006680       0x9c zephyr/kernel/libkernel.a(init.c.obj)
 .text.z_cstart
                0x000000004000671c       0x38 zephyr/kernel/libkernel.a(init.c.obj)
                0x000000004000671c                z_cstart
 .text.idle     0x0000000040006754       0x18 zephyr/kernel/libkernel.a(idle.c.obj)
                0x0000000040006754                idle
 .text.arch_spin_relax
                0x000000004000676c        0x8 zephyr/kernel/libkernel.a(idle.c.obj)
                0x000000004000676c                arch_spin_relax
 .text.new_prio_for_inheritance
                0x0000000040006774       0x24 zephyr/kernel/libkernel.a(mutex.c.obj)
 .text.adjust_owner_prio
                0x0000000040006798       0x30 zephyr/kernel/libkernel.a(mutex.c.obj)
 .text.z_impl_k_mutex_init
                0x00000000400067c8       0x18 zephyr/kernel/libkernel.a(mutex.c.obj)
                0x00000000400067c8                z_impl_k_mutex_init
 .text.z_impl_k_mutex_lock
                0x00000000400067e0      0x184 zephyr/kernel/libkernel.a(mutex.c.obj)
                0x00000000400067e0                z_impl_k_mutex_lock
 .text.z_impl_k_mutex_unlock
                0x0000000040006964      0x11c zephyr/kernel/libkernel.a(mutex.c.obj)
                0x0000000040006964                z_impl_k_mutex_unlock
 .text.z_impl_k_sem_give
                0x0000000040006a80       0xe0 zephyr/kernel/libkernel.a(sem.c.obj)
                0x0000000040006a80                z_impl_k_sem_give
 .text.z_impl_k_sem_take
                0x0000000040006b60       0x64 zephyr/kernel/libkernel.a(sem.c.obj)
                0x0000000040006b60                z_impl_k_sem_take
 .text.setup_thread_stack
                0x0000000040006bc4       0x1c zephyr/kernel/libkernel.a(thread.c.obj)
 .text.z_init_thread_base
                0x0000000040006be0       0x20 zephyr/kernel/libkernel.a(thread.c.obj)
                0x0000000040006be0                z_init_thread_base
 .text.z_setup_new_thread
                0x0000000040006c00      0x110 zephyr/kernel/libkernel.a(thread.c.obj)
                0x0000000040006c00                z_setup_new_thread
 .text.z_dummy_thread_init
                0x0000000040006d10       0x40 zephyr/kernel/libkernel.a(thread.c.obj)
                0x0000000040006d10                z_dummy_thread_init
 .text.thread_active_elsewhere
                0x0000000040006d50        0x8 zephyr/kernel/libkernel.a(sched.c.obj)
 .text.ready_thread
                0x0000000040006d58      0x16c zephyr/kernel/libkernel.a(sched.c.obj)
 .text.unready_thread
                0x0000000040006ec4       0xc8 zephyr/kernel/libkernel.a(sched.c.obj)
 .text.add_to_waitq_locked
                0x0000000040006f8c       0xc4 zephyr/kernel/libkernel.a(sched.c.obj)
 .text.arch_switch
                0x0000000040007050       0x18 zephyr/kernel/libkernel.a(sched.c.obj)
 .text.z_abort_thread_timeout
                0x0000000040007068       0x18 zephyr/kernel/libkernel.a(sched.c.obj)
 .text.unpend_all
                0x0000000040007080       0x84 zephyr/kernel/libkernel.a(sched.c.obj)
 .text.thread_halt_spin
                0x0000000040007104      0x1e4 zephyr/kernel/libkernel.a(sched.c.obj)
 .text.add_thread_timeout
                0x00000000400072e8       0x30 zephyr/kernel/libkernel.a(sched.c.obj)
 .text.pend_locked
                0x0000000040007318       0x30 zephyr/kernel/libkernel.a(sched.c.obj)
 .text.move_thread_to_end_of_prio_q
                0x0000000040007348      0x188 zephyr/kernel/libkernel.a(sched.c.obj)
                0x0000000040007348                move_thread_to_end_of_prio_q
 .text.z_ready_thread
                0x00000000400074d0       0x54 zephyr/kernel/libkernel.a(sched.c.obj)
                0x00000000400074d0                z_ready_thread
 .text.z_unpend_thread_no_timeout
                0x0000000040007524       0x58 zephyr/kernel/libkernel.a(sched.c.obj)
                0x0000000040007524                z_unpend_thread_no_timeout
 .text.z_sched_wake_thread
                0x000000004000757c       0x94 zephyr/kernel/libkernel.a(sched.c.obj)
                0x000000004000757c                z_sched_wake_thread
 .text.z_thread_timeout
                0x0000000040007610       0x1c zephyr/kernel/libkernel.a(sched.c.obj)
                0x0000000040007610                z_thread_timeout
 .text.z_thread_prio_set
                0x000000004000762c      0x260 zephyr/kernel/libkernel.a(sched.c.obj)
                0x000000004000762c                z_thread_prio_set
 .text.k_sched_lock
                0x000000004000788c       0x3c zephyr/kernel/libkernel.a(sched.c.obj)
                0x000000004000788c                k_sched_lock
 .text.z_swap_next_thread
                0x00000000400078c8       0x10 zephyr/kernel/libkernel.a(sched.c.obj)
                0x00000000400078c8                z_swap_next_thread
 .text.z_swap_irqlock
                0x00000000400078d8       0x88 zephyr/kernel/libkernel.a(sched.c.obj)
 .text.z_reschedule_irqlock
                0x0000000040007960       0x4c zephyr/kernel/libkernel.a(sched.c.obj)
                0x0000000040007960                z_reschedule_irqlock
 .text.k_sched_unlock
                0x00000000400079ac       0xc8 zephyr/kernel/libkernel.a(sched.c.obj)
                0x00000000400079ac                k_sched_unlock
 .text.z_swap   0x0000000040007a74       0x98 zephyr/kernel/libkernel.a(sched.c.obj)
 .text.z_pend_curr
                0x0000000040007b0c       0x4c zephyr/kernel/libkernel.a(sched.c.obj)
                0x0000000040007b0c                z_pend_curr
 .text.z_reschedule
                0x0000000040007b58       0x4c zephyr/kernel/libkernel.a(sched.c.obj)
                0x0000000040007b58                z_reschedule
 .text.z_get_next_switch_handle
                0x0000000040007ba4       0x20 zephyr/kernel/libkernel.a(sched.c.obj)
                0x0000000040007ba4                z_get_next_switch_handle
 .text.init_ready_q
                0x0000000040007bc4       0x10 zephyr/kernel/libkernel.a(sched.c.obj)
                0x0000000040007bc4                init_ready_q
 .text.z_sched_init
                0x0000000040007bd4       0x1c zephyr/kernel/libkernel.a(sched.c.obj)
                0x0000000040007bd4                z_sched_init
 .text.z_impl_k_yield
                0x0000000040007bf0      0x14c zephyr/kernel/libkernel.a(sched.c.obj)
                0x0000000040007bf0                z_impl_k_yield
 .text.z_tick_sleep
                0x0000000040007d3c       0xcc zephyr/kernel/libkernel.a(sched.c.obj)
 .text.z_impl_k_sleep
                0x0000000040007e08       0x54 zephyr/kernel/libkernel.a(sched.c.obj)
                0x0000000040007e08                z_impl_k_sleep
 .text.z_impl_k_wakeup
                0x0000000040007e5c       0x64 zephyr/kernel/libkernel.a(sched.c.obj)
                0x0000000040007e5c                z_impl_k_wakeup
 .text.z_impl_k_sched_current_thread_query
                0x0000000040007ec0       0x10 zephyr/kernel/libkernel.a(sched.c.obj)
                0x0000000040007ec0                z_impl_k_sched_current_thread_query
 .text.z_thread_abort
                0x0000000040007ed0      0x260 zephyr/kernel/libkernel.a(sched.c.obj)
                0x0000000040007ed0                z_thread_abort
 .text.z_impl_k_thread_abort
                0x0000000040008130       0x14 zephyr/kernel/libkernel.a(sched.c.obj)
                0x0000000040008130                z_impl_k_thread_abort
 .text.slice_timeout
                0x0000000040008144       0x24 zephyr/kernel/libkernel.a(timeslicing.c.obj)
 .text.thread_is_sliceable
                0x0000000040008168       0x74 zephyr/kernel/libkernel.a(timeslicing.c.obj)
                0x0000000040008168                thread_is_sliceable
 .text.z_reset_time_slice
                0x00000000400081dc       0x88 zephyr/kernel/libkernel.a(timeslicing.c.obj)
                0x00000000400081dc                z_reset_time_slice
 .text.z_time_slice
                0x0000000040008264       0x78 zephyr/kernel/libkernel.a(timeslicing.c.obj)
                0x0000000040008264                z_time_slice
 .text.z_thread_monitor_exit
                0x00000000400082dc       0x5c zephyr/kernel/libkernel.a(thread_monitor.c.obj)
                0x00000000400082dc                z_thread_monitor_exit
 .text.first    0x0000000040008338       0x20 zephyr/kernel/libkernel.a(timeout.c.obj)
 .text.next     0x0000000040008358       0x2c zephyr/kernel/libkernel.a(timeout.c.obj)
 .text.remove_timeout
                0x0000000040008384       0x4c zephyr/kernel/libkernel.a(timeout.c.obj)
 .text.next_timeout
                0x00000000400083d0       0x50 zephyr/kernel/libkernel.a(timeout.c.obj)
 .text.elapsed  0x0000000040008420       0x28 zephyr/kernel/libkernel.a(timeout.c.obj)
 .text.z_add_timeout
                0x0000000040008448      0x160 zephyr/kernel/libkernel.a(timeout.c.obj)
                0x0000000040008448                z_add_timeout
 .text.z_abort_timeout
                0x00000000400085a8       0x90 zephyr/kernel/libkernel.a(timeout.c.obj)
                0x00000000400085a8                z_abort_timeout
 .text.sys_clock_announce
                0x0000000040008638       0xf4 zephyr/kernel/libkernel.a(timeout.c.obj)
                0x0000000040008638                sys_clock_announce
 .text.sys_clock_tick_get
                0x000000004000872c       0x4c zephyr/kernel/libkernel.a(timeout.c.obj)
                0x000000004000872c                sys_clock_tick_get
 .text.sys_clock_tick_get_32
                0x0000000040008778       0x14 zephyr/kernel/libkernel.a(timeout.c.obj)
                0x0000000040008778                sys_clock_tick_get_32
 .text.z_impl_k_uptime_ticks
                0x000000004000878c       0x14 zephyr/kernel/libkernel.a(timeout.c.obj)
                0x000000004000878c                z_impl_k_uptime_ticks
 .text.z_timer_expiration_handler
                0x00000000400087a0      0x138 zephyr/kernel/libkernel.a(timer.c.obj)
                0x00000000400087a0                z_timer_expiration_handler
 .text.z_impl_k_timer_start
                0x00000000400088d8       0x84 zephyr/kernel/libkernel.a(timer.c.obj)
                0x00000000400088d8                z_impl_k_timer_start
 .text.sys_sflist_append
                0x000000004000895c       0x38 zephyr/kernel/libkernel.a(mmu.c.obj)
 .text.free_page_frame_list_put
                0x0000000040008994       0x38 zephyr/kernel/libkernel.a(mmu.c.obj)
 .text.free_page_frame_list_init
                0x00000000400089cc       0x14 zephyr/kernel/libkernel.a(mmu.c.obj)
 .text.frame_mapped_set
                0x00000000400089e0       0x20 zephyr/kernel/libkernel.a(mmu.c.obj)
 .text.virt_region_init
                0x0000000040008a00       0x48 zephyr/kernel/libkernel.a(mmu.c.obj)
 .text.virt_region_free
                0x0000000040008a48       0x84 zephyr/kernel/libkernel.a(mmu.c.obj)
 .text.virt_region_alloc
                0x0000000040008acc       0xfc zephyr/kernel/libkernel.a(mmu.c.obj)
 .text.k_mem_region_align
                0x0000000040008bc8       0x2c zephyr/kernel/libkernel.a(mmu.c.obj)
                0x0000000040008bc8                k_mem_region_align
 .text.k_mem_map_phys_bare
                0x0000000040008bf4       0xa0 zephyr/kernel/libkernel.a(mmu.c.obj)
                0x0000000040008bf4                k_mem_map_phys_bare
 .text.z_mem_manage_init
                0x0000000040008c94       0xb8 zephyr/kernel/libkernel.a(mmu.c.obj)
                0x0000000040008c94                z_mem_manage_init
 .text.z_mem_manage_boot_finish
                0x0000000040008d4c        0x4 zephyr/kernel/libkernel.a(mmu.c.obj)
                0x0000000040008d4c                z_mem_manage_boot_finish
 .text.k_thread_system_pool_assign
                0x0000000040008d50       0x10 zephyr/kernel/libkernel.a(mempool.c.obj)
                0x0000000040008d50                k_thread_system_pool_assign
 .text.boot_banner
                0x0000000040008d60       0x1c zephyr/kernel/libkernel.a(banner.c.obj)
                0x0000000040008d60                boot_banner
 .text.k_heap_init
                0x0000000040008d7c       0x20 zephyr/kernel/libkernel.a(kheap.c.obj)
                0x0000000040008d7c                k_heap_init
 .text.statics_init
                0x0000000040008d9c       0x4c zephyr/kernel/libkernel.a(kheap.c.obj)
 *(SORT_BY_ALIGNMENT(.gnu.linkonce.t.*))
                0x0000000040009000                . = ALIGN (_region_min_align)
 *fill*         0x0000000040008de8      0x218 
                0x0000000040009000                __text_region_end = .
                0x0000000000009000                __text_region_size = (__text_region_end - __text_region_start)

.ARM.exidx      0x0000000040009000        0x0
                0x0000000040009000                __exidx_start = .
 *(SORT_BY_ALIGNMENT(.ARM.exidx*) SORT_BY_ALIGNMENT(gnu.linkonce.armexidx.*))
                0x0000000040009000                __exidx_end = .
                0x0000000040009000                . = ALIGN (_region_min_align)
                0x0000000040009000                __rodata_region_start = .

initlevel       0x0000000040009000       0x50
                0x0000000040009000                __init_start = .
                0x0000000040009000                __init_EARLY_start = .
 *(SORT_BY_NAME(SORT_BY_ALIGNMENT(.z_init_EARLY_P_?_*)))
 *(SORT_BY_NAME(SORT_BY_ALIGNMENT(.z_init_EARLY_P_??_*)))
 *(SORT_BY_NAME(SORT_BY_ALIGNMENT(.z_init_EARLY_P_???_*)))
                0x0000000040009000                __init_PRE_KERNEL_1_start = .
 *(SORT_BY_NAME(SORT_BY_ALIGNMENT(.z_init_PRE_KERNEL_1_P_?_*)))
 *(SORT_BY_NAME(SORT_BY_ALIGNMENT(.z_init_PRE_KERNEL_1_P_??_*)))
 .z_init_PRE_KERNEL_1_P_30_SUB_0_
                0x0000000040009000       0x10 zephyr/kernel/libkernel.a(kheap.c.obj)
 .z_init_PRE_KERNEL_1_P_40_SUB_00005_
                0x0000000040009010       0x10 zephyr/drivers/interrupt_controller/libdrivers__interrupt_controller.a(intc_gicv3.c.obj)
 .z_init_PRE_KERNEL_1_P_50_SUB_00013_
                0x0000000040009020       0x10 zephyr/drivers/serial/libdrivers__serial.a(uart_pl011.c.obj)
 .z_init_PRE_KERNEL_1_P_60_SUB_0_
                0x0000000040009030       0x10 zephyr/drivers/console/libdrivers__console.a(uart_console.c.obj)
 *(SORT_BY_NAME(SORT_BY_ALIGNMENT(.z_init_PRE_KERNEL_1_P_???_*)))
                0x0000000040009040                __init_PRE_KERNEL_2_start = .
 *(SORT_BY_NAME(SORT_BY_ALIGNMENT(.z_init_PRE_KERNEL_2_P_?_*)))
 .z_init_PRE_KERNEL_2_P_0_SUB_0_
                0x0000000040009040       0x10 zephyr/drivers/timer/libdrivers__timer.a(arm_arch_timer.c.obj)
 *(SORT_BY_NAME(SORT_BY_ALIGNMENT(.z_init_PRE_KERNEL_2_P_??_*)))
 *(SORT_BY_NAME(SORT_BY_ALIGNMENT(.z_init_PRE_KERNEL_2_P_???_*)))
                0x0000000040009050                __init_POST_KERNEL_start = .
 *(SORT_BY_NAME(SORT_BY_ALIGNMENT(.z_init_POST_KERNEL_P_?_*)))
 *(SORT_BY_NAME(SORT_BY_ALIGNMENT(.z_init_POST_KERNEL_P_??_*)))
 *(SORT_BY_NAME(SORT_BY_ALIGNMENT(.z_init_POST_KERNEL_P_???_*)))
                0x0000000040009050                __init_APPLICATION_start = .
 *(SORT_BY_NAME(SORT_BY_ALIGNMENT(.z_init_APPLICATION_P_?_*)))
 *(SORT_BY_NAME(SORT_BY_ALIGNMENT(.z_init_APPLICATION_P_??_*)))
 *(SORT_BY_NAME(SORT_BY_ALIGNMENT(.z_init_APPLICATION_P_???_*)))
                0x0000000040009050                __init_SMP_start = .
 *(SORT_BY_NAME(SORT_BY_ALIGNMENT(.z_init_SMP_P_?_*)))
 *(SORT_BY_NAME(SORT_BY_ALIGNMENT(.z_init_SMP_P_??_*)))
 *(SORT_BY_NAME(SORT_BY_ALIGNMENT(.z_init_SMP_P_???_*)))
                0x0000000040009050                __init_end = .

device_area     0x0000000040009050       0x80
                0x0000000040009050                _device_list_start = .
 *(SORT_BY_NAME(SORT_BY_ALIGNMENT(._device.static.*_?_*)))
 *(SORT_BY_NAME(SORT_BY_ALIGNMENT(._device.static.*_??_*)))
 ._device.static.1_40_
                0x0000000040009050       0x40 zephyr/drivers/interrupt_controller/libdrivers__interrupt_controller.a(intc_gicv3.c.obj)
                0x0000000040009050                __device_dts_ord_5
 ._device.static.1_50_
                0x0000000040009090       0x40 zephyr/drivers/serial/libdrivers__serial.a(uart_pl011.c.obj)
                0x0000000040009090                __device_dts_ord_13
 *(SORT_BY_NAME(SORT_BY_ALIGNMENT(._device.static.*_???_*)))
 *(SORT_BY_NAME(SORT_BY_ALIGNMENT(._device.static.*_????_*)))
 *(SORT_BY_NAME(SORT_BY_ALIGNMENT(._device.static.*_?????_*)))
                0x00000000400090d0                _device_list_end = .

sw_isr_table    0x00000000400090d0      0xdc0
                0x00000000400090d0                . = ALIGN (0x4)
 *(SORT_BY_ALIGNMENT(.gnu.linkonce.sw_isr_table*))
 .gnu.linkonce.sw_isr_table
                0x00000000400090d0      0xdc0 zephyr/arch/common/libisr_tables.a(isr_tables.c.obj)
                0x00000000400090d0                _sw_isr_table

initlevel_error
                0x0000000040009000        0x0
 *(SORT_BY_NAME(SORT_BY_ALIGNMENT(.z_init_*)))
                0x0000000000000001                ASSERT ((SIZEOF (initlevel_error) == 0x0), Undefined initialization levels used.)

app_shmem_regions
                0x0000000040009e90        0x0
                0x0000000040009e90                __app_shmem_regions_start = .
 *(SORT_BY_NAME(SORT_BY_ALIGNMENT(.app_regions.*)))
                0x0000000040009e90                __app_shmem_regions_end = .

k_p4wq_initparam_area
                0x0000000040009e90        0x0
                0x0000000040009e90                _k_p4wq_initparam_list_start = .
 *(SORT_BY_NAME(SORT_BY_ALIGNMENT(._k_p4wq_initparam.static.*)))
                0x0000000040009e90                _k_p4wq_initparam_list_end = .

_static_thread_data_area
                0x0000000040009e90      0x140
                0x0000000040009e90                __static_thread_data_list_start = .
 *(SORT_BY_NAME(SORT_BY_ALIGNMENT(.__static_thread_data.static.*)))
 .__static_thread_data.static._k_thread_data_hum_display_tid_
                0x0000000040009e90       0x50 app/libapp.a(mutex_lcd.c.obj)
                0x0000000040009e90                _k_thread_data_hum_display_tid
 .__static_thread_data.static._k_thread_data_status_display_tid_
                0x0000000040009ee0       0x50 app/libapp.a(mutex_lcd.c.obj)
                0x0000000040009ee0                _k_thread_data_status_display_tid
 .__static_thread_data.static._k_thread_data_temp_display_tid_
                0x0000000040009f30       0x50 app/libapp.a(mutex_lcd.c.obj)
                0x0000000040009f30                _k_thread_data_temp_display_tid
 .__static_thread_data.static._k_thread_data_worker_tid_
                0x0000000040009f80       0x50 app/libapp.a(sem_sensor.c.obj)
                0x0000000040009f80                _k_thread_data_worker_tid
                0x0000000040009fd0                __static_thread_data_list_end = .

device_deps     0x0000000040009fd0        0x0
                0x0000000040009fd0                __device_deps_start = .
 *(SORT_BY_NAME(SORT_BY_ALIGNMENT(.__device_deps_pass2*)))
                0x0000000040009fd0                __device_deps_end = .

shared_irq_driver_api_area
                0x0000000040009fd0        0x0
                0x0000000040009fd0                _shared_irq_driver_api_list_start = .
 *(SORT_BY_NAME(SORT_BY_ALIGNMENT(._shared_irq_driver_api.static.*)))
                0x0000000040009fd0                _shared_irq_driver_api_list_end = .

crypto_driver_api_area
                0x0000000040009fd0        0x0
                0x0000000040009fd0                _crypto_driver_api_list_start = .
 *(SORT_BY_NAME(SORT_BY_ALIGNMENT(._crypto_driver_api.static.*)))
                0x0000000040009fd0                _crypto_driver_api_list_end = .

adc_driver_api_area
                0x0000000040009fd0        0x0
                0x0000000040009fd0                _adc_driver_api_list_start = .
 *(SORT_BY_NAME(SORT_BY_ALIGNMENT(._adc_driver_api.static.*)))
                0x0000000040009fd0                _adc_driver_api_list_end = .

auxdisplay_driver_api_area
                0x0000000040009fd0        0x0
                0x0000000040009fd0                _auxdisplay_driver_api_list_start = .
 *(SORT_BY_NAME(SORT_BY_ALIGNMENT(._auxdisplay_driver_api.static.*)))
                0x0000000040009fd0                _auxdisplay_driver_api_list_end = .

bbram_driver_api_area
                0x0000000040009fd0        0x0
                0x0000000040009fd0                _bbram_driver_api_list_start = .
 *(SORT_BY_NAME(SORT_BY_ALIGNMENT(._bbram_driver_api.static.*)))
                0x0000000040009fd0                _bbram_driver_api_list_end = .

bt_hci_driver_api_area
                0x0000000040009fd0        0x0
                0x0000000040009fd0                _bt_hci_driver_api_list_start = .
 *(SORT_BY_NAME(SORT_BY_ALIGNMENT(._bt_hci_driver_api.static.*)))
                0x0000000040009fd0                _bt_hci_driver_api_list_end = .

can_driver_api_area
                0x0000000040009fd0        0x0
                0x0000000040009fd0                _can_driver_api_list_start = .
 *(SORT_BY_NAME(SORT_BY_ALIGNMENT(._can_driver_api.static.*)))
                0x0000000040009fd0                _can_driver_api_list_end = .

cellular_driver_api_area
                0x0000000040009fd0        0x0
                0x0000000040009fd0                _cellular_driver_api_list_start = .
 *(SORT_BY_NAME(SORT_BY_ALIGNMENT(._cellular_driver_api.static.*)))
                0x0000000040009fd0                _cellular_driver_api_list_end = .

charger_driver_api_area
                0x0000000040009fd0        0x0
                0x0000000040009fd0                _charger_driver_api_list_start = .
 *(SORT_BY_NAME(SORT_BY_ALIGNMENT(._charger_driver_api.static.*)))
                0x0000000040009fd0                _charger_driver_api_list_end = .

clock_control_driver_api_area
                0x0000000040009fd0        0x0
                0x0000000040009fd0                _clock_control_driver_api_list_start = .
 *(SORT_BY_NAME(SORT_BY_ALIGNMENT(._clock_control_driver_api.static.*)))
                0x0000000040009fd0                _clock_control_driver_api_list_end = .

comparator_driver_api_area
                0x0000000040009fd0        0x0
                0x0000000040009fd0                _comparator_driver_api_list_start = .
 *(SORT_BY_NAME(SORT_BY_ALIGNMENT(._comparator_driver_api.static.*)))
                0x0000000040009fd0                _comparator_driver_api_list_end = .

coredump_driver_api_area
                0x0000000040009fd0        0x0
                0x0000000040009fd0                _coredump_driver_api_list_start = .
 *(SORT_BY_NAME(SORT_BY_ALIGNMENT(._coredump_driver_api.static.*)))
                0x0000000040009fd0                _coredump_driver_api_list_end = .

counter_driver_api_area
                0x0000000040009fd0        0x0
                0x0000000040009fd0                _counter_driver_api_list_start = .
 *(SORT_BY_NAME(SORT_BY_ALIGNMENT(._counter_driver_api.static.*)))
                0x0000000040009fd0                _counter_driver_api_list_end = .

dac_driver_api_area
                0x0000000040009fd0        0x0
                0x0000000040009fd0                _dac_driver_api_list_start = .
 *(SORT_BY_NAME(SORT_BY_ALIGNMENT(._dac_driver_api.static.*)))
                0x0000000040009fd0                _dac_driver_api_list_end = .

dai_driver_api_area
                0x0000000040009fd0        0x0
                0x0000000040009fd0                _dai_driver_api_list_start = .
 *(SORT_BY_NAME(SORT_BY_ALIGNMENT(._dai_driver_api.static.*)))
                0x0000000040009fd0                _dai_driver_api_list_end = .

display_driver_api_area
                0x0000000040009fd0        0x0
                0x0000000040009fd0                _display_driver_api_list_start = .
 *(SORT_BY_NAME(SORT_BY_ALIGNMENT(._display_driver_api.static.*)))
                0x0000000040009fd0                _display_driver_api_list_end = .

dma_driver_api_area
                0x0000000040009fd0        0x0
                0x0000000040009fd0                _dma_driver_api_list_start = .
 *(SORT_BY_NAME(SORT_BY_ALIGNMENT(._dma_driver_api.static.*)))
                0x0000000040009fd0                _dma_driver_api_list_end = .

edac_driver_api_area
                0x0000000040009fd0        0x0
                0x0000000040009fd0                _edac_driver_api_list_start = .
 *(SORT_BY_NAME(SORT_BY_ALIGNMENT(._edac_driver_api.static.*)))
                0x0000000040009fd0                _edac_driver_api_list_end = .

eeprom_driver_api_area
                0x0000000040009fd0        0x0
                0x0000000040009fd0                _eeprom_driver_api_list_start = .
 *(SORT_BY_NAME(SORT_BY_ALIGNMENT(._eeprom_driver_api.static.*)))
                0x0000000040009fd0                _eeprom_driver_api_list_end = .

emul_bbram_driver_api_area
                0x0000000040009fd0        0x0
                0x0000000040009fd0                _emul_bbram_driver_api_list_start = .
 *(SORT_BY_NAME(SORT_BY_ALIGNMENT(._emul_bbram_driver_api.static.*)))
                0x0000000040009fd0                _emul_bbram_driver_api_list_end = .

fuel_gauge_emul_driver_api_area
                0x0000000040009fd0        0x0
                0x0000000040009fd0                _fuel_gauge_emul_driver_api_list_start = .
 *(SORT_BY_NAME(SORT_BY_ALIGNMENT(._fuel_gauge_emul_driver_api.static.*)))
                0x0000000040009fd0                _fuel_gauge_emul_driver_api_list_end = .

emul_sensor_driver_api_area
                0x0000000040009fd0        0x0
                0x0000000040009fd0                _emul_sensor_driver_api_list_start = .
 *(SORT_BY_NAME(SORT_BY_ALIGNMENT(._emul_sensor_driver_api.static.*)))
                0x0000000040009fd0                _emul_sensor_driver_api_list_end = .

entropy_driver_api_area
                0x0000000040009fd0        0x0
                0x0000000040009fd0                _entropy_driver_api_list_start = .
 *(SORT_BY_NAME(SORT_BY_ALIGNMENT(._entropy_driver_api.static.*)))
                0x0000000040009fd0                _entropy_driver_api_list_end = .

espi_driver_api_area
                0x0000000040009fd0        0x0
                0x0000000040009fd0                _espi_driver_api_list_start = .
 *(SORT_BY_NAME(SORT_BY_ALIGNMENT(._espi_driver_api.static.*)))
                0x0000000040009fd0                _espi_driver_api_list_end = .

espi_saf_driver_api_area
                0x0000000040009fd0        0x0
                0x0000000040009fd0                _espi_saf_driver_api_list_start = .
 *(SORT_BY_NAME(SORT_BY_ALIGNMENT(._espi_saf_driver_api.static.*)))
                0x0000000040009fd0                _espi_saf_driver_api_list_end = .

flash_driver_api_area
                0x0000000040009fd0        0x0
                0x0000000040009fd0                _flash_driver_api_list_start = .
 *(SORT_BY_NAME(SORT_BY_ALIGNMENT(._flash_driver_api.static.*)))
                0x0000000040009fd0                _flash_driver_api_list_end = .

fpga_driver_api_area
                0x0000000040009fd0        0x0
                0x0000000040009fd0                _fpga_driver_api_list_start = .
 *(SORT_BY_NAME(SORT_BY_ALIGNMENT(._fpga_driver_api.static.*)))
                0x0000000040009fd0                _fpga_driver_api_list_end = .

fuel_gauge_driver_api_area
                0x0000000040009fd0        0x0
                0x0000000040009fd0                _fuel_gauge_driver_api_list_start = .
 *(SORT_BY_NAME(SORT_BY_ALIGNMENT(._fuel_gauge_driver_api.static.*)))
                0x0000000040009fd0                _fuel_gauge_driver_api_list_end = .

gnss_driver_api_area
                0x0000000040009fd0        0x0
                0x0000000040009fd0                _gnss_driver_api_list_start = .
 *(SORT_BY_NAME(SORT_BY_ALIGNMENT(._gnss_driver_api.static.*)))
                0x0000000040009fd0                _gnss_driver_api_list_end = .

gpio_driver_api_area
                0x0000000040009fd0        0x0
                0x0000000040009fd0                _gpio_driver_api_list_start = .
 *(SORT_BY_NAME(SORT_BY_ALIGNMENT(._gpio_driver_api.static.*)))
                0x0000000040009fd0                _gpio_driver_api_list_end = .

haptics_driver_api_area
                0x0000000040009fd0        0x0
                0x0000000040009fd0                _haptics_driver_api_list_start = .
 *(SORT_BY_NAME(SORT_BY_ALIGNMENT(._haptics_driver_api.static.*)))
                0x0000000040009fd0                _haptics_driver_api_list_end = .

hwspinlock_driver_api_area
                0x0000000040009fd0        0x0
                0x0000000040009fd0                _hwspinlock_driver_api_list_start = .
 *(SORT_BY_NAME(SORT_BY_ALIGNMENT(._hwspinlock_driver_api.static.*)))
                0x0000000040009fd0                _hwspinlock_driver_api_list_end = .

i2c_driver_api_area
                0x0000000040009fd0        0x0
                0x0000000040009fd0                _i2c_driver_api_list_start = .
 *(SORT_BY_NAME(SORT_BY_ALIGNMENT(._i2c_driver_api.static.*)))
                0x0000000040009fd0                _i2c_driver_api_list_end = .

i2c_target_driver_api_area
                0x0000000040009fd0        0x0
                0x0000000040009fd0                _i2c_target_driver_api_list_start = .
 *(SORT_BY_NAME(SORT_BY_ALIGNMENT(._i2c_target_driver_api.static.*)))
                0x0000000040009fd0                _i2c_target_driver_api_list_end = .

i2s_driver_api_area
                0x0000000040009fd0        0x0
                0x0000000040009fd0                _i2s_driver_api_list_start = .
 *(SORT_BY_NAME(SORT_BY_ALIGNMENT(._i2s_driver_api.static.*)))
                0x0000000040009fd0                _i2s_driver_api_list_end = .

i3c_driver_api_area
                0x0000000040009fd0        0x0
                0x0000000040009fd0                _i3c_driver_api_list_start = .
 *(SORT_BY_NAME(SORT_BY_ALIGNMENT(._i3c_driver_api.static.*)))
                0x0000000040009fd0                _i3c_driver_api_list_end = .

ipm_driver_api_area
                0x0000000040009fd0        0x0
                0x0000000040009fd0                _ipm_driver_api_list_start = .
 *(SORT_BY_NAME(SORT_BY_ALIGNMENT(._ipm_driver_api.static.*)))
                0x0000000040009fd0                _ipm_driver_api_list_end = .

led_driver_api_area
                0x0000000040009fd0        0x0
                0x0000000040009fd0                _led_driver_api_list_start = .
 *(SORT_BY_NAME(SORT_BY_ALIGNMENT(._led_driver_api.static.*)))
                0x0000000040009fd0                _led_driver_api_list_end = .

led_strip_driver_api_area
                0x0000000040009fd0        0x0
                0x0000000040009fd0                _led_strip_driver_api_list_start = .
 *(SORT_BY_NAME(SORT_BY_ALIGNMENT(._led_strip_driver_api.static.*)))
                0x0000000040009fd0                _led_strip_driver_api_list_end = .

lora_driver_api_area
                0x0000000040009fd0        0x0
                0x0000000040009fd0                _lora_driver_api_list_start = .
 *(SORT_BY_NAME(SORT_BY_ALIGNMENT(._lora_driver_api.static.*)))
                0x0000000040009fd0                _lora_driver_api_list_end = .

mbox_driver_api_area
                0x0000000040009fd0        0x0
                0x0000000040009fd0                _mbox_driver_api_list_start = .
 *(SORT_BY_NAME(SORT_BY_ALIGNMENT(._mbox_driver_api.static.*)))
                0x0000000040009fd0                _mbox_driver_api_list_end = .

mdio_driver_api_area
                0x0000000040009fd0        0x0
                0x0000000040009fd0                _mdio_driver_api_list_start = .
 *(SORT_BY_NAME(SORT_BY_ALIGNMENT(._mdio_driver_api.static.*)))
                0x0000000040009fd0                _mdio_driver_api_list_end = .

mipi_dbi_driver_api_area
                0x0000000040009fd0        0x0
                0x0000000040009fd0                _mipi_dbi_driver_api_list_start = .
 *(SORT_BY_NAME(SORT_BY_ALIGNMENT(._mipi_dbi_driver_api.static.*)))
                0x0000000040009fd0                _mipi_dbi_driver_api_list_end = .

mipi_dsi_driver_api_area
                0x0000000040009fd0        0x0
                0x0000000040009fd0                _mipi_dsi_driver_api_list_start = .
 *(SORT_BY_NAME(SORT_BY_ALIGNMENT(._mipi_dsi_driver_api.static.*)))
                0x0000000040009fd0                _mipi_dsi_driver_api_list_end = .

mspi_driver_api_area
                0x0000000040009fd0        0x0
                0x0000000040009fd0                _mspi_driver_api_list_start = .
 *(SORT_BY_NAME(SORT_BY_ALIGNMENT(._mspi_driver_api.static.*)))
                0x0000000040009fd0                _mspi_driver_api_list_end = .

peci_driver_api_area
                0x0000000040009fd0        0x0
                0x0000000040009fd0                _peci_driver_api_list_start = .
 *(SORT_BY_NAME(SORT_BY_ALIGNMENT(._peci_driver_api.static.*)))
                0x0000000040009fd0                _peci_driver_api_list_end = .

ps2_driver_api_area
                0x0000000040009fd0        0x0
                0x0000000040009fd0                _ps2_driver_api_list_start = .
 *(SORT_BY_NAME(SORT_BY_ALIGNMENT(._ps2_driver_api.static.*)))
                0x0000000040009fd0                _ps2_driver_api_list_end = .

ptp_clock_driver_api_area
                0x0000000040009fd0        0x0
                0x0000000040009fd0                _ptp_clock_driver_api_list_start = .
 *(SORT_BY_NAME(SORT_BY_ALIGNMENT(._ptp_clock_driver_api.static.*)))
                0x0000000040009fd0                _ptp_clock_driver_api_list_end = .

pwm_driver_api_area
                0x0000000040009fd0        0x0
                0x0000000040009fd0                _pwm_driver_api_list_start = .
 *(SORT_BY_NAME(SORT_BY_ALIGNMENT(._pwm_driver_api.static.*)))
                0x0000000040009fd0                _pwm_driver_api_list_end = .

regulator_parent_driver_api_area
                0x0000000040009fd0        0x0
                0x0000000040009fd0                _regulator_parent_driver_api_list_start = .
 *(SORT_BY_NAME(SORT_BY_ALIGNMENT(._regulator_parent_driver_api.static.*)))
                0x0000000040009fd0                _regulator_parent_driver_api_list_end = .

regulator_driver_api_area
                0x0000000040009fd0        0x0
                0x0000000040009fd0                _regulator_driver_api_list_start = .
 *(SORT_BY_NAME(SORT_BY_ALIGNMENT(._regulator_driver_api.static.*)))
                0x0000000040009fd0                _regulator_driver_api_list_end = .

reset_driver_api_area
                0x0000000040009fd0        0x0
                0x0000000040009fd0                _reset_driver_api_list_start = .
 *(SORT_BY_NAME(SORT_BY_ALIGNMENT(._reset_driver_api.static.*)))
                0x0000000040009fd0                _reset_driver_api_list_end = .

retained_mem_driver_api_area
                0x0000000040009fd0        0x0
                0x0000000040009fd0                _retained_mem_driver_api_list_start = .
 *(SORT_BY_NAME(SORT_BY_ALIGNMENT(._retained_mem_driver_api.static.*)))
                0x0000000040009fd0                _retained_mem_driver_api_list_end = .

rtc_driver_api_area
                0x0000000040009fd0        0x0
                0x0000000040009fd0                _rtc_driver_api_list_start = .
 *(SORT_BY_NAME(SORT_BY_ALIGNMENT(._rtc_driver_api.static.*)))
                0x0000000040009fd0                _rtc_driver_api_list_end = .

sdhc_driver_api_area
                0x0000000040009fd0        0x0
                0x0000000040009fd0                _sdhc_driver_api_list_start = .
 *(SORT_BY_NAME(SORT_BY_ALIGNMENT(._sdhc_driver_api.static.*)))
                0x0000000040009fd0                _sdhc_driver_api_list_end = .

sensor_driver_api_area
                0x0000000040009fd0        0x0
                0x0000000040009fd0                _sensor_driver_api_list_start = .
 *(SORT_BY_NAME(SORT_BY_ALIGNMENT(._sensor_driver_api.static.*)))
                0x0000000040009fd0                _sensor_driver_api_list_end = .

smbus_driver_api_area
                0x0000000040009fd0        0x0
                0x0000000040009fd0                _smbus_driver_api_list_start = .
 *(SORT_BY_NAME(SORT_BY_ALIGNMENT(._smbus_driver_api.static.*)))
                0x0000000040009fd0                _smbus_driver_api_list_end = .

spi_driver_api_area
                0x0000000040009fd0        0x0
                0x0000000040009fd0                _spi_driver_api_list_start = .
 *(SORT_BY_NAME(SORT_BY_ALIGNMENT(._spi_driver_api.static.*)))
                0x0000000040009fd0                _spi_driver_api_list_end = .

stepper_driver_api_area
                0x0000000040009fd0        0x0
                0x0000000040009fd0                _stepper_driver_api_list_start = .
 *(SORT_BY_NAME(SORT_BY_ALIGNMENT(._stepper_driver_api.static.*)))
                0x0000000040009fd0                _stepper_driver_api_list_end = .

syscon_driver_api_area
                0x0000000040009fd0        0x0
                0x0000000040009fd0                _syscon_driver_api_list_start = .
 *(SORT_BY_NAME(SORT_BY_ALIGNMENT(._syscon_driver_api.static.*)))
                0x0000000040009fd0                _syscon_driver_api_list_end = .

tee_driver_api_area
                0x0000000040009fd0        0x0
                0x0000000040009fd0                _tee_driver_api_list_start = .
 *(SORT_BY_NAME(SORT_BY_ALIGNMENT(._tee_driver_api.static.*)))
                0x0000000040009fd0                _tee_driver_api_list_end = .

video_driver_api_area
                0x0000000040009fd0        0x0
                0x0000000040009fd0                _video_driver_api_list_start = .
 *(SORT_BY_NAME(SORT_BY_ALIGNMENT(._video_driver_api.static.*)))
                0x0000000040009fd0                _video_driver_api_list_end = .

w1_driver_api_area
                0x0000000040009fd0        0x0
                0x0000000040009fd0                _w1_driver_api_list_start = .
 *(SORT_BY_NAME(SORT_BY_ALIGNMENT(._w1_driver_api.static.*)))
                0x0000000040009fd0                _w1_driver_api_list_end = .

wdt_driver_api_area
                0x0000000040009fd0        0x0
                0x0000000040009fd0                _wdt_driver_api_list_start = .
 *(SORT_BY_NAME(SORT_BY_ALIGNMENT(._wdt_driver_api.static.*)))
                0x0000000040009fd0                _wdt_driver_api_list_end = .

can_transceiver_driver_api_area
                0x0000000040009fd0        0x0
                0x0000000040009fd0                _can_transceiver_driver_api_list_start = .
 *(SORT_BY_NAME(SORT_BY_ALIGNMENT(._can_transceiver_driver_api.static.*)))
                0x0000000040009fd0                _can_transceiver_driver_api_list_end = .

nrf_clock_control_driver_api_area
                0x0000000040009fd0        0x0
                0x0000000040009fd0                _nrf_clock_control_driver_api_list_start = .
 *(SORT_BY_NAME(SORT_BY_ALIGNMENT(._nrf_clock_control_driver_api.static.*)))
                0x0000000040009fd0                _nrf_clock_control_driver_api_list_end = .

i3c_target_driver_api_area
                0x0000000040009fd0        0x0
                0x0000000040009fd0                _i3c_target_driver_api_list_start = .
 *(SORT_BY_NAME(SORT_BY_ALIGNMENT(._i3c_target_driver_api.static.*)))
                0x0000000040009fd0                _i3c_target_driver_api_list_end = .

its_driver_api_area
                0x0000000040009fd0        0x0
                0x0000000040009fd0                _its_driver_api_list_start = .
 *(SORT_BY_NAME(SORT_BY_ALIGNMENT(._its_driver_api.static.*)))
                0x0000000040009fd0                _its_driver_api_list_end = .

vtd_driver_api_area
                0x0000000040009fd0        0x0
                0x0000000040009fd0                _vtd_driver_api_list_start = .
 *(SORT_BY_NAME(SORT_BY_ALIGNMENT(._vtd_driver_api.static.*)))
                0x0000000040009fd0                _vtd_driver_api_list_end = .

renesas_elc_driver_api_area
                0x0000000040009fd0        0x0
                0x0000000040009fd0                _renesas_elc_driver_api_list_start = .
 *(SORT_BY_NAME(SORT_BY_ALIGNMENT(._renesas_elc_driver_api.static.*)))
                0x0000000040009fd0                _renesas_elc_driver_api_list_end = .

tgpio_driver_api_area
                0x0000000040009fd0        0x0
                0x0000000040009fd0                _tgpio_driver_api_list_start = .
 *(SORT_BY_NAME(SORT_BY_ALIGNMENT(._tgpio_driver_api.static.*)))
                0x0000000040009fd0                _tgpio_driver_api_list_end = .

pcie_ctrl_driver_api_area
                0x0000000040009fd0        0x0
                0x0000000040009fd0                _pcie_ctrl_driver_api_list_start = .
 *(SORT_BY_NAME(SORT_BY_ALIGNMENT(._pcie_ctrl_driver_api.static.*)))
                0x0000000040009fd0                _pcie_ctrl_driver_api_list_end = .

pcie_ep_driver_api_area
                0x0000000040009fd0        0x0
                0x0000000040009fd0                _pcie_ep_driver_api_list_start = .
 *(SORT_BY_NAME(SORT_BY_ALIGNMENT(._pcie_ep_driver_api.static.*)))
                0x0000000040009fd0                _pcie_ep_driver_api_list_end = .

svc_driver_api_area
                0x0000000040009fd0        0x0
                0x0000000040009fd0                _svc_driver_api_list_start = .
 *(SORT_BY_NAME(SORT_BY_ALIGNMENT(._svc_driver_api.static.*)))
                0x0000000040009fd0                _svc_driver_api_list_end = .

uart_driver_api_area
                0x0000000040009fd0       0x98
                0x0000000040009fd0                _uart_driver_api_list_start = .
 *(SORT_BY_NAME(SORT_BY_ALIGNMENT(._uart_driver_api.static.*)))
 ._uart_driver_api.static.pl011_driver_api_
                0x0000000040009fd0       0x98 zephyr/drivers/serial/libdrivers__serial.a(uart_pl011.c.obj)
                0x000000004000a068                _uart_driver_api_list_end = .

bc12_emul_driver_api_area
                0x000000004000a068        0x0
                0x000000004000a068                _bc12_emul_driver_api_list_start = .
 *(SORT_BY_NAME(SORT_BY_ALIGNMENT(._bc12_emul_driver_api.static.*)))
                0x000000004000a068                _bc12_emul_driver_api_list_end = .

bc12_driver_api_area
                0x000000004000a068        0x0
                0x000000004000a068                _bc12_driver_api_list_start = .
 *(SORT_BY_NAME(SORT_BY_ALIGNMENT(._bc12_driver_api.static.*)))
                0x000000004000a068                _bc12_driver_api_list_end = .

usbc_ppc_driver_api_area
                0x000000004000a068        0x0
                0x000000004000a068                _usbc_ppc_driver_api_list_start = .
 *(SORT_BY_NAME(SORT_BY_ALIGNMENT(._usbc_ppc_driver_api.static.*)))
                0x000000004000a068                _usbc_ppc_driver_api_list_end = .

tcpc_driver_api_area
                0x000000004000a068        0x0
                0x000000004000a068                _tcpc_driver_api_list_start = .
 *(SORT_BY_NAME(SORT_BY_ALIGNMENT(._tcpc_driver_api.static.*)))
                0x000000004000a068                _tcpc_driver_api_list_end = .

usbc_vbus_driver_api_area
                0x000000004000a068        0x0
                0x000000004000a068                _usbc_vbus_driver_api_list_start = .
 *(SORT_BY_NAME(SORT_BY_ALIGNMENT(._usbc_vbus_driver_api.static.*)))
                0x000000004000a068                _usbc_vbus_driver_api_list_end = .

ivshmem_driver_api_area
                0x000000004000a068        0x0
                0x000000004000a068                _ivshmem_driver_api_list_start = .
 *(SORT_BY_NAME(SORT_BY_ALIGNMENT(._ivshmem_driver_api.static.*)))
                0x000000004000a068                _ivshmem_driver_api_list_end = .

ethphy_driver_api_area
                0x000000004000a068        0x0
                0x000000004000a068                _ethphy_driver_api_list_start = .
 *(SORT_BY_NAME(SORT_BY_ALIGNMENT(._ethphy_driver_api.static.*)))
                0x000000004000a068                _ethphy_driver_api_list_end = .

virtio_driver_api_area
                0x000000004000a068        0x0
                0x000000004000a068                _virtio_driver_api_list_start = .
 *(SORT_BY_NAME(SORT_BY_ALIGNMENT(._virtio_driver_api.static.*)))
                0x000000004000a068                _virtio_driver_api_list_end = .

ztest           0x000000004000a068        0x0
                0x000000004000a068                _ztest_expected_result_entry_list_start = .
 *(SORT_BY_NAME(SORT_BY_ALIGNMENT(._ztest_expected_result_entry.static.*)))
                0x000000004000a068                _ztest_expected_result_entry_list_end = .
                0x000000004000a068                _ztest_suite_node_list_start = .
 *(SORT_BY_NAME(SORT_BY_ALIGNMENT(._ztest_suite_node.static.*)))
                0x000000004000a068                _ztest_suite_node_list_end = .
                0x000000004000a068                _ztest_unit_test_list_start = .
 *(SORT_BY_NAME(SORT_BY_ALIGNMENT(._ztest_unit_test.static.*)))
                0x000000004000a068                _ztest_unit_test_list_end = .
                0x000000004000a068                _ztest_test_rule_list_start = .
 *(SORT_BY_NAME(SORT_BY_ALIGNMENT(._ztest_test_rule.static.*)))
                0x000000004000a068                _ztest_test_rule_list_end = .

init_array      0x000000004000a068        0x0
                0x000000004000a068                __zephyr_init_array_start = .
 *(SORT_BY_INIT_PRIORITY(.init_array.*) SORT_BY_INIT_PRIORITY(.ctors.*))
 *(SORT_BY_ALIGNMENT(.init_array) SORT_BY_ALIGNMENT(.ctors))
                0x000000004000a068                __zephyr_init_array_end = .
                0x0000000000000001                ASSERT ((__zephyr_init_array_start == __zephyr_init_array_end), GNU-style constructors required but STATIC_INIT_GNU not enabled)

bt_l2cap_fixed_chan_area
                0x000000004000a068        0x0
                0x000000004000a068                _bt_l2cap_fixed_chan_list_start = .
 *(SORT_BY_NAME(SORT_BY_ALIGNMENT(._bt_l2cap_fixed_chan.static.*)))
                0x000000004000a068                _bt_l2cap_fixed_chan_list_end = .

bt_gatt_service_static_area
                0x000000004000a068        0x0
                0x000000004000a068                _bt_gatt_service_static_list_start = .
 *(SORT_BY_NAME(SORT_BY_ALIGNMENT(._bt_gatt_service_static.static.*)))
                0x000000004000a068                _bt_gatt_service_static_list_end = .

log_strings_area
                0x000000004000a068        0x0
                0x000000004000a068                _log_strings_list_start = .
 *(SORT_BY_NAME(SORT_BY_ALIGNMENT(._log_strings.static.*)))
                0x000000004000a068                _log_strings_list_end = .

log_stmesp_ptr_area
                0x000000004000a068        0x0
                0x000000004000a068                _log_stmesp_ptr_list_start = .
 *(SORT_BY_NAME(SORT_BY_ALIGNMENT(._log_stmesp_ptr.static.*)))
                0x000000004000a068                _log_stmesp_ptr_list_end = .

log_stmesp_str_area
                0x000000004000a068        0x0
                0x000000004000a068                _log_stmesp_str_list_start = .
 *(SORT_BY_NAME(SORT_BY_ALIGNMENT(._log_stmesp_str.static.*)))
                0x000000004000a068                _log_stmesp_str_list_end = .

log_const_area  0x000000004000a068        0x0
                0x000000004000a068                _log_const_list_start = .
 *(SORT_BY_NAME(SORT_BY_ALIGNMENT(._log_const.static.*)))
                0x000000004000a068                _log_const_list_end = .

log_backend_area
                0x000000004000a068        0x0
                0x000000004000a068                _log_backend_list_start = .
 *(SORT_BY_NAME(SORT_BY_ALIGNMENT(._log_backend.static.*)))
                0x000000004000a068                _log_backend_list_end = .

log_link_area   0x000000004000a068        0x0
                0x000000004000a068                _log_link_list_start = .
 *(SORT_BY_NAME(SORT_BY_ALIGNMENT(._log_link.static.*)))
                0x000000004000a068                _log_link_list_end = .

tracing_backend_area
                0x000000004000a068        0x0
                0x000000004000a068                _tracing_backend_list_start = .
 *(SORT_BY_NAME(SORT_BY_ALIGNMENT(._tracing_backend.static.*)))
                0x000000004000a068                _tracing_backend_list_end = .

zephyr_dbg_info
 *(SORT_BY_ALIGNMENT(.dbg_thread_info))

intc_table_area
                0x000000004000a068        0x0
                0x000000004000a068                _intc_table_list_start = .
 *(SORT_BY_NAME(SORT_BY_ALIGNMENT(._intc_table.static.*)))
                0x000000004000a068                _intc_table_list_end = .

symbol_to_keep  0x000000004000a068        0x0
                0x000000004000a068                __symbol_to_keep_start = .
 *(SORT_BY_NAME(SORT_BY_ALIGNMENT(.symbol_to_keep*)))
                0x000000004000a068                __symbol_to_keep_end = .

shell_area      0x000000004000a068        0x0
                0x000000004000a068                _shell_list_start = .
 *(SORT_BY_NAME(SORT_BY_ALIGNMENT(._shell.static.*)))
                0x000000004000a068                _shell_list_end = .

shell_root_cmds_area
                0x000000004000a068        0x0
                0x000000004000a068                _shell_root_cmds_list_start = .
 *(SORT_BY_NAME(SORT_BY_ALIGNMENT(._shell_root_cmds.static.*)))
                0x000000004000a068                _shell_root_cmds_list_end = .

shell_subcmds_area
                0x000000004000a068        0x0
                0x000000004000a068                _shell_subcmds_list_start = .
 *(SORT_BY_NAME(SORT_BY_ALIGNMENT(._shell_subcmds.static.*)))
                0x000000004000a068                _shell_subcmds_list_end = .

shell_dynamic_subcmds_area
                0x000000004000a068        0x0
                0x000000004000a068                _shell_dynamic_subcmds_list_start = .
 *(SORT_BY_NAME(SORT_BY_ALIGNMENT(._shell_dynamic_subcmds.static.*)))
                0x000000004000a068                _shell_dynamic_subcmds_list_end = .

cfb_font_area   0x000000004000a068        0x0
                0x000000004000a068                _cfb_font_list_start = .
 *(SORT_BY_NAME(SORT_BY_ALIGNMENT(._cfb_font.static.*)))
                0x000000004000a068                _cfb_font_list_end = .

rodata          0x000000004000a068      0x67c
 *(SORT_BY_ALIGNMENT(.rodata))
 *(SORT_BY_ALIGNMENT(.rodata.*))
 .rodata.main.str1.8
                0x000000004000a068      0x158 app/libapp.a(main.c.obj)
 .rodata.lcd_print.str1.8
                0x000000004000a1c0       0x31 app/libapp.a(mutex_lcd.c.obj)
 *fill*         0x000000004000a1f1        0x7 
 .rodata.temperature_display_thread.str1.8
                0x000000004000a1f8        0xe app/libapp.a(mutex_lcd.c.obj)
 *fill*         0x000000004000a206        0x2 
 .rodata.humidity_display_thread.str1.8
                0x000000004000a208       0x10 app/libapp.a(mutex_lcd.c.obj)
 .rodata.status_display_thread.str1.8
                0x000000004000a218        0xb app/libapp.a(mutex_lcd.c.obj)
 *fill*         0x000000004000a223        0x5 
 .rodata.mutex_lcd_init.str1.8
                0x000000004000a228       0x19 app/libapp.a(mutex_lcd.c.obj)
 *fill*         0x000000004000a241        0x7 
 .rodata.str1.8
                0x000000004000a248       0x69 app/libapp.a(mutex_lcd.c.obj)
 *fill*         0x000000004000a2b1        0x7 
 .rodata.statuses.0
                0x000000004000a2b8       0x20 app/libapp.a(mutex_lcd.c.obj)
 .rodata.humidity_sensor_simulation.str1.8
                0x000000004000a2d8       0x33 app/libapp.a(sem_sensor.c.obj)
 *fill*         0x000000004000a30b        0x5 
 .rodata.sensor_isr_simulation.str1.8
                0x000000004000a310       0x45 app/libapp.a(sem_sensor.c.obj)
 *fill*         0x000000004000a355        0x3 
 .rodata.sensor_worker_thread.str1.8
                0x000000004000a358       0xdd app/libapp.a(sem_sensor.c.obj)
 *fill*         0x000000004000a435        0x3 
 .rodata.sem_sensor_init.str1.8
                0x000000004000a438       0x1b app/libapp.a(sem_sensor.c.obj)
 *fill*         0x000000004000a453        0x5 
 .rodata.str1.8
                0x000000004000a458        0xb app/libapp.a(sem_sensor.c.obj)
 *fill*         0x000000004000a463        0x5 
 .rodata.z_cbvprintf_impl.str1.8
                0x000000004000a468        0x6 zephyr/libzephyr.a(cbprintf_complete.c.obj)
 *fill*         0x000000004000a46e        0x2 
 .rodata.mmu_config
                0x000000004000a470       0x10 zephyr/libzephyr.a(mmu_regions.c.obj)
                0x000000004000a470                mmu_config
 .rodata.str1.8
                0x000000004000a480        0x4 zephyr/libzephyr.a(mmu_regions.c.obj)
 *fill*         0x000000004000a484        0x4 
 .rodata.mmu_regions
                0x000000004000a488       0x50 zephyr/libzephyr.a(mmu_regions.c.obj)
 .rodata.__arch_mem_map.str1.8
                0x000000004000a4d8        0x8 zephyr/arch/arch/arm64/core/libarch__arm64__core.a(mmu.c.obj)
 .rodata.str1.8
                0x000000004000a4e0       0x2e zephyr/arch/arch/arm64/core/libarch__arm64__core.a(mmu.c.obj)
 *fill*         0x000000004000a50e        0x2 
 .rodata.mmu_zephyr_ranges
                0x000000004000a510       0x60 zephyr/arch/arch/arm64/core/libarch__arm64__core.a(mmu.c.obj)
 .rodata.str1.8
                0x000000004000a570       0x1d zephyr/drivers/interrupt_controller/libdrivers__interrupt_controller.a(intc_gicv3.c.obj)
 *fill*         0x000000004000a58d        0x3 
 .rodata.gic_reg_regions
                0x000000004000a590       0x20 zephyr/drivers/interrupt_controller/libdrivers__interrupt_controller.a(intc_gicv3.c.obj)
 .rodata.str1.8
                0x000000004000a5b0        0xd zephyr/drivers/serial/libdrivers__serial.a(uart_pl011.c.obj)
 *fill*         0x000000004000a5bd        0x3 
 .rodata.init_idle_thread.str1.8
                0x000000004000a5c0        0x5 zephyr/kernel/libkernel.a(init.c.obj)
 *fill*         0x000000004000a5c5        0x3 
 .rodata.prepare_multithreading.str1.8
                0x000000004000a5c8        0x5 zephyr/kernel/libkernel.a(init.c.obj)
 *fill*         0x000000004000a5cd        0x3 
 .rodata.levels.0
                0x000000004000a5d0       0x30 zephyr/kernel/libkernel.a(init.c.obj)
 .rodata.boot_banner.str1.8
                0x000000004000a600       0x3b zephyr/kernel/libkernel.a(banner.c.obj)
 *fill*         0x000000004000a63b        0x1 
 .rodata.z_cbvprintf_impl
                0x000000004000a63c       0xa8 zephyr/libzephyr.a(cbprintf_complete.c.obj)
 *(SORT_BY_ALIGNMENT(.gnu.linkonce.r.*))
 *(SORT_BY_ALIGNMENT(.got))
 *(SORT_BY_ALIGNMENT(.got.plt))

/DISCARD/
 *(SORT_BY_ALIGNMENT(.eh_frame))
                0x000000004000b000                . = ALIGN (_region_min_align)
                0x000000004000b000                __rodata_region_end = .
                0x0000000000002000                __rodata_region_size = (__rodata_region_end - __rodata_region_start)
                0x000000004000b000                __rom_region_end = .

/DISCARD/
 *(SORT_BY_ALIGNMENT(.igot.plt))
 *(SORT_BY_ALIGNMENT(.igot))
                0x000000004000b000                . = ALIGN (_region_min_align)
                0x000000004000b000                _image_ram_start = .
                0x000000004000b000                __kernel_ram_start = .
                0x000000004000b000                __data_region_start = .

datas           0x000000004000a6e8      0x9b8
                0x000000004000b000                . = ALIGN (_region_min_align)
 *fill*         0x000000004000a6e8      0x918 
                0x000000004000b000                __data_start = .
 *(SORT_BY_ALIGNMENT(.data))
 *(SORT_BY_ALIGNMENT(.data.*))
 .data._char_out
                0x000000004000b000        0x8 zephyr/libzephyr.a(printk.c.obj)
 .data._stdout_hook
                0x000000004000b008        0x8 zephyr/lib/libc/minimal/liblib__libc__minimal.a(stdout_console.c.obj)
 .data.state.0  0x000000004000b010        0x8 zephyr/subsys/random/libsubsys__random.a(random_timer.c.obj)
 .data.pl011_data_port_0
                0x000000004000b018       0x30 zephyr/drivers/serial/libdrivers__serial.a(uart_pl011.c.obj)
 .data.pl011_cfg_port_0
                0x000000004000b048       0x30 zephyr/drivers/serial/libdrivers__serial.a(uart_pl011.c.obj)
 .data.timeout_list
                0x000000004000b078       0x10 zephyr/kernel/libkernel.a(timeout.c.obj)
 .data.virt_region_bitmap
                0x000000004000b088       0x10 zephyr/kernel/libkernel.a(mmu.c.obj)
 .data.humidity.0
                0x000000004000b098        0x4 app/libapp.a(sem_sensor.c.obj)
 .data.slice_ticks
                0x000000004000b09c        0x4 zephyr/kernel/libkernel.a(timeslicing.c.obj)
 *(SORT_BY_ALIGNMENT(.kernel.*))
                0x000000004000b0a0                __data_end = .
                0x00000000000000a0                __data_size = (__data_end - __data_start)
                0x000000004000a6e8                __data_load_start = LOADADDR (datas)

device_states   0x000000004000b0a0        0x4
                0x000000004000b0a0                . = ALIGN (0x4)
                0x000000004000b0a0                __device_states_start = .
 *(SORT_BY_ALIGNMENT(.z_devstate))
 .z_devstate    0x000000004000b0a0        0x2 zephyr/drivers/interrupt_controller/libdrivers__interrupt_controller.a(intc_gicv3.c.obj)
 .z_devstate    0x000000004000b0a2        0x2 zephyr/drivers/serial/libdrivers__serial.a(uart_pl011.c.obj)
 *(SORT_BY_ALIGNMENT(.z_devstate.*))
                0x000000004000b0a4                __device_states_end = .
                0x000000004000b0a4                . = ALIGN (0x4)

log_mpsc_pbuf_area
                0x000000004000b0a4        0x0
                0x000000004000b0a4                _log_mpsc_pbuf_list_start = .
 *(SORT_BY_NAME(SORT_BY_ALIGNMENT(._log_mpsc_pbuf.static.*)))
                0x000000004000b0a4                _log_mpsc_pbuf_list_end = .

log_msg_ptr_area
                0x000000004000b0a4        0x0
                0x000000004000b0a4                _log_msg_ptr_list_start = .
 *(SORT_BY_NAME(SORT_BY_ALIGNMENT(._log_msg_ptr.static.*)))
                0x000000004000b0a4                _log_msg_ptr_list_end = .

log_dynamic_area
                0x000000004000b0a4        0x0
                0x000000004000b0a4                _log_dynamic_list_start = .
 *(SORT_BY_NAME(SORT_BY_ALIGNMENT(._log_dynamic.static.*)))
                0x000000004000b0a4                _log_dynamic_list_end = .

k_timer_area    0x000000004000b0a8       0xb0
                0x000000004000b0a8                _k_timer_list_start = .
 *(SORT_BY_NAME(SORT_BY_ALIGNMENT(._k_timer.static.*)))
 ._k_timer.static.humidity_timer_
                0x000000004000b0a8       0x58 app/libapp.a(sem_sensor.c.obj)
                0x000000004000b0a8                humidity_timer
 ._k_timer.static.sensor_timer_
                0x000000004000b100       0x58 app/libapp.a(sem_sensor.c.obj)
                0x000000004000b100                sensor_timer
                0x000000004000b158                _k_timer_list_end = .

k_mem_slab_area
                0x000000004000b158        0x0
                0x000000004000b158                _k_mem_slab_list_start = .
 *(SORT_BY_NAME(SORT_BY_ALIGNMENT(._k_mem_slab.static.*)))
                0x000000004000b158                _k_mem_slab_list_end = .

k_heap_area     0x000000004000b158       0x28
                0x000000004000b158                _k_heap_list_start = .
 *(SORT_BY_NAME(SORT_BY_ALIGNMENT(._k_heap.static.*)))
 ._k_heap.static._system_heap_
                0x000000004000b158       0x28 zephyr/kernel/libkernel.a(mempool.c.obj)
                0x000000004000b158                _system_heap
                0x000000004000b180                _k_heap_list_end = .

k_mutex_area    0x000000004000b180       0x20
                0x000000004000b180                _k_mutex_list_start = .
 *(SORT_BY_NAME(SORT_BY_ALIGNMENT(._k_mutex.static.*)))
 ._k_mutex.static.lcd_mutex_