Archive member included to satisfy reference by file (symbol)

app/libapp.a(main.c.obj)      (--whole-archive)
app/libapp.a(queue_demo.c.obj)
                              (--whole-archive)
app/libapp.a(pipe_demo.c.obj)
                              (--whole-archive)
zephyr/libzephyr.a(heap.c.obj)
                              (--whole-archive)
zephyr/libzephyr.a(cbprintf_packaged.c.obj)
                              (--whole-archive)
zephyr/libzephyr.a(printk.c.obj)
                              (--whole-archive)
zephyr/libzephyr.a(sem.c.obj)
                              (--whole-archive)
zephyr/libzephyr.a(thread_entry.c.obj)
                              (--whole-archive)
zephyr/libzephyr.a(cbprintf_complete.c.obj)
                              (--whole-archive)
zephyr/libzephyr.a(assert.c.obj)
                              (--whole-archive)
zephyr/libzephyr.a(dec.c.obj)
                              (--whole-archive)
zephyr/libzephyr.a(hex.c.obj)
                              (--whole-archive)
zephyr/libzephyr.a(rb.c.obj)  (--whole-archive)
zephyr/libzephyr.a(timeutil.c.obj)
                              (--whole-archive)
zephyr/libzephyr.a(bitarray.c.obj)
                              (--whole-archive)
zephyr/libzephyr.a(ring_buffer.c.obj)
                              (--whole-archive)
zephyr/libzephyr.a(configs.c.obj)
                              (--whole-archive)
zephyr/libzephyr.a(mmu_regions.c.obj)
                              (--whole-archive)
zephyr/libzephyr.a(tracing_none.c.obj)
                              (--whole-archive)
zephyr/arch/common/libarch__common.a(sw_isr_common.c.obj)
                              (--whole-archive)
zephyr/arch/arch/arm64/core/libarch__arm64__core.a(cpu_idle.S.obj)
                              (--whole-archive)
zephyr/arch/arch/arm64/core/libarch__arm64__core.a(early_mem_funcs.S.obj)
                              (--whole-archive)
zephyr/arch/arch/arm64/core/libarch__arm64__core.a(fatal.c.obj)
                              (--whole-archive)
zephyr/arch/arch/arm64/core/libarch__arm64__core.a(irq_init.c.obj)
                              (--whole-archive)
zephyr/arch/arch/arm64/core/libarch__arm64__core.a(irq_manage.c.obj)
                              (--whole-archive)
zephyr/arch/arch/arm64/core/libarch__arm64__core.a(prep_c.c.obj)
                              (--whole-archive)
zephyr/arch/arch/arm64/core/libarch__arm64__core.a(reboot.c.obj)
                              (--whole-archive)
zephyr/arch/arch/arm64/core/libarch__arm64__core.a(reset.S.obj)
                              (--whole-archive)
zephyr/arch/arch/arm64/core/libarch__arm64__core.a(reset.c.obj)
                              (--whole-archive)
zephyr/arch/arch/arm64/core/libarch__arm64__core.a(switch.S.obj)
                              (--whole-archive)
zephyr/arch/arch/arm64/core/libarch__arm64__core.a(thread.c.obj)
                              (--whole-archive)
zephyr/arch/arch/arm64/core/libarch__arm64__core.a(vector_table.S.obj)
                              (--whole-archive)
zephyr/arch/arch/arm64/core/libarch__arm64__core.a(fpu.c.obj)
                              (--whole-archive)
zephyr/arch/arch/arm64/core/libarch__arm64__core.a(fpu.S.obj)
                              (--whole-archive)
zephyr/arch/arch/arm64/core/libarch__arm64__core.a(mmu.c.obj)
                              (--whole-archive)
zephyr/arch/arch/arm64/core/libarch__arm64__core.a(mmu.S.obj)
                              (--whole-archive)
zephyr/arch/arch/arm64/core/libarch__arm64__core.a(isr_wrapper.S.obj)
                              (--whole-archive)
zephyr/arch/arch/arm64/core/libarch__arm64__core.a(tls.c.obj)
                              (--whole-archive)
zephyr/arch/arch/arm64/core/libarch__arm64__core.a(smccc-call.S.obj)
                              (--whole-archive)
zephyr/arch/arch/arm64/core/libarch__arm64__core.a(header.S.obj)
                              (--whole-archive)
zephyr/lib/libc/picolibc/liblib__libc__picolibc.a(assert.c.obj)
                              (--whole-archive)
zephyr/lib/libc/picolibc/liblib__libc__picolibc.a(cbprintf.c.obj)
                              (--whole-archive)
zephyr/lib/libc/picolibc/liblib__libc__picolibc.a(chk_fail.c.obj)
                              (--whole-archive)
zephyr/lib/libc/picolibc/liblib__libc__picolibc.a(errno_wrap.c.obj)
                              (--whole-archive)
zephyr/lib/libc/picolibc/liblib__libc__picolibc.a(exit.c.obj)
                              (--whole-archive)
zephyr/lib/libc/picolibc/liblib__libc__picolibc.a(locks.c.obj)
                              (--whole-archive)
zephyr/lib/libc/picolibc/liblib__libc__picolibc.a(stdio.c.obj)
                              (--whole-archive)
zephyr/lib/libc/common/liblib__libc__common.a(abort.c.obj)
                              (--whole-archive)
zephyr/lib/libc/common/liblib__libc__common.a(malloc.c.obj)
                              (--whole-archive)
[...]
Memory Configuration

Name             Origin             Length             Attributes
FLASH            0x0000000000000000 0x0000000004000000 xr
RAM              0x0000000040000000 0x0000000008000000 xw
IDT_LIST         0x00000000ffff8000 0x0000000000008000 xw
*default*        0x0000000000000000 0xffffffffffffffff

Linker script and memory map

                0x000000004000683c                vfprintf = __d_vfprintf
                0x0000000000000000                vfscanf = __d_vfscanf
LOAD zephyr/CMakeFiles/zephyr_final.dir/misc/empty_file.c.obj
LOAD zephyr/CMakeFiles/zephyr_final.dir/isr_tables.c.obj
LOAD zephyr/CMakeFiles/offsets.dir/./arch/arm64/core/offsets/offsets.c.obj
LOAD app/libapp.a
LOAD zephyr/libzephyr.a
LOAD zephyr/arch/common/libarch__common.a
LOAD zephyr/arch/arch/arm64/core/libarch__arm64__core.a
LOAD zephyr/lib/libc/picolibc/liblib__libc__picolibc.a
LOAD zephyr/lib/libc/common/liblib__libc__common.a
LOAD zephyr/drivers/interrupt_controller/libdrivers__interrupt_controller.a
LOAD zephyr/drivers/console/libdrivers__console.a
LOAD zephyr/drivers/serial/libdrivers__serial.a
LOAD zephyr/drivers/timer/libdrivers__timer.a
LOAD zephyr/kernel/libkernel.a
LOAD zephyr/arch/common/libisr_tables.a
LOAD /home/emina/zephyr-sdk-0.17.1/aarch64-zephyr-elf/bin/../lib/gcc/../../picolibc/aarch64-zephyr-elf/lib/./libc.a
LOAD /home/emina/zephyr-sdk-0.17.1/aarch64-zephyr-elf/bin/../lib/gcc/aarch64-zephyr-elf/12.2.0/libgcc.a
                0x0000000000001000                _region_min_align = 0x1000

.rel.plt        0x0000000000000000        0x0
 *(SORT_BY_ALIGNMENT(.rel.plt))
                [!provide]                        PROVIDE (__rel_iplt_start = .)
 *(SORT_BY_ALIGNMENT(.rel.iplt))
                [!provide]                        PROVIDE (__rel_iplt_end = .)

.rela.plt       0x0000000000000000        0x0
 *(SORT_BY_ALIGNMENT(.rela.plt))
                [!provide]                        PROVIDE (__rela_iplt_start = .)
 *(SORT_BY_ALIGNMENT(.rela.iplt))
 .rela.iplt     0x0000000000000000        0x0 zephyr/CMakeFiles/zephyr_final.dir/isr_tables.c.obj
                [!provide]                        PROVIDE (__rela_iplt_end = .)

.rel.dyn
 *(SORT_BY_ALIGNMENT(.rel.*))

.rela.dyn       0x0000000000000000        0x0
 *(SORT_BY_ALIGNMENT(.rela.*))
 .rela.data._char_out
                0x0000000000000000        0x0 zephyr/CMakeFiles/zephyr_final.dir/isr_tables.c.obj
 .rela.rodata.mmu_zephyr_ranges
                0x0000000000000000        0x0 zephyr/CMakeFiles/zephyr_final.dir/isr_tables.c.obj
 .rela.text.arch_tls_stack_setup
                0x0000000000000000        0x0 zephyr/CMakeFiles/zephyr_final.dir/isr_tables.c.obj
 .rela.image_header._image_header_section
                0x0000000000000000        0x0 zephyr/CMakeFiles/zephyr_final.dir/isr_tables.c.obj
 .rela.text.bg_thread_main
                0x0000000000000000        0x0 zephyr/CMakeFiles/zephyr_final.dir/isr_tables.c.obj
 .rela.text.z_bss_zero
                0x0000000000000000        0x0 zephyr/CMakeFiles/zephyr_final.dir/isr_tables.c.obj
 .rela.rodata.levels.0
                0x0000000000000000        0x0 zephyr/CMakeFiles/zephyr_final.dir/isr_tables.c.obj
 .rela.text.virt_region_free
                0x0000000000000000        0x0 zephyr/CMakeFiles/zephyr_final.dir/isr_tables.c.obj
 .rela.text.virt_region_alloc
                0x0000000000000000        0x0 zephyr/CMakeFiles/zephyr_final.dir/isr_tables.c.obj
 .rela.text.z_mem_manage_init
                0x0000000000000000        0x0 zephyr/CMakeFiles/zephyr_final.dir/isr_tables.c.obj
 .rela.text.statics_init
                0x0000000000000000        0x0 zephyr/CMakeFiles/zephyr_final.dir/isr_tables.c.obj

/DISCARD/
 *(SORT_BY_ALIGNMENT(.plt))

/DISCARD/
 *(SORT_BY_ALIGNMENT(.iplt))
                0x0000000000000000                __rom_region_start = 0x0

text            0x0000000040000000     0x8000
                0x0000000040000000                __text_region_start = .
                0x0000000040000000                z_mapped_start = .
 *(SORT_BY_ALIGNMENT(.image_header))
 *(SORT_BY_ALIGNMENT(.image_header.*))
 .image_header._image_header_section
                0x0000000040000000       0x40 zephyr/arch/arch/arm64/core/libarch__arm64__core.a(header.S.obj)
                0x0000000040000040                _vector_start = .
 *(SORT_BY_ALIGNMENT(.exc_vector_table))
 *(SORT_BY_ALIGNMENT(.exc_vector_table.*))
 *fill*         0x0000000040000040      0x7c0 
 .exc_vector_table._vector_table_section
                0x0000000040000800      0x784 zephyr/arch/arch/arm64/core/libarch__arm64__core.a(vector_table.S.obj)
                0x0000000040000800                _vector_table
 *(SORT_BY_ALIGNMENT(.vectors))
                0x0000000040000f84                _vector_end = .
 *(SORT_BY_ALIGNMENT(.text))
 *fill*         0x0000000040000f84        0xc 
 .text          0x0000000040000f90       0x2c /home/emina/zephyr-sdk-0.17.1/aarch64-zephyr-elf/bin/../lib/gcc/aarch64-zephyr-elf/12.2.0/libgcc.a(swp_8_4.o)
                0x0000000040000f90                __aarch64_swp8_acq_rel
 .text          0x0000000040000fbc       0x3c /home/emina/zephyr-sdk-0.17.1/aarch64-zephyr-elf/bin/../lib/gcc/aarch64-zephyr-elf/12.2.0/libgcc.a(_lshrdi3.o)
                0x0000000040000fbc                __lshrti3
 .text          0x0000000040000ff8       0x3c /home/emina/zephyr-sdk-0.17.1/aarch64-zephyr-elf/bin/../lib/gcc/aarch64-zephyr-elf/12.2.0/libgcc.a(_ashldi3.o)
                0x0000000040000ff8                __ashlti3
 *(SORT_BY_ALIGNMENT(.text.*))
 *fill*         0x0000000040001034        0x4 
 .text._reset_section
                0x0000000040001038      0x130 zephyr/arch/arch/arm64/core/libarch__arm64__core.a(reset.S.obj)
                0x0000000040001038                __reset_prep_c
                0x00000000400010bc                __reset
                0x00000000400010bc                __start
 .text._isr_wrapper
                0x0000000040001168       0xb8 zephyr/arch/arch/arm64/core/libarch__arm64__core.a(isr_wrapper.S.obj)
                0x0000000040001168                _isr_wrapper
                0x00000000400011d8                z_arm64_irq_done
 .text._OffsetAbsSyms
                0x0000000040001220        0x4 zephyr/CMakeFiles/offsets.dir/./arch/arm64/core/offsets/offsets.c.obj
                0x0000000040001220                _OffsetAbsSyms
 .text.demo_runner
                0x0000000040001224        0x8 app/libapp.a(main.c.obj)
                0x0000000040001224                demo_runner
 .text.k_msleep.isra.0
                0x000000004000122c        0x8 app/libapp.a(main.c.obj)
 .text.run_demo_with_timer
                0x0000000040001234       0x7c app/libapp.a(main.c.obj)
                0x0000000040001234                run_demo_with_timer
 .text.main     0x00000000400012b0       0xa0 app/libapp.a(main.c.obj)
                0x00000000400012b0                main
 .text.print_time
                0x0000000040001350       0x28 app/libapp.a(queue_demo.c.obj)
 .text.queue_consumer_task
                0x0000000040001378      0x110 app/libapp.a(queue_demo.c.obj)
 .text.queue_producer_task
                0x0000000040001488       0xf4 app/libapp.a(queue_demo.c.obj)
 .text.queue_demo_init
                0x000000004000157c      0x140 app/libapp.a(queue_demo.c.obj)
                0x000000004000157c                queue_demo_init
 .text.queue_demo_stop
                0x00000000400016bc        0xc app/libapp.a(queue_demo.c.obj)
                0x00000000400016bc                queue_demo_stop
 .text.print_time
                0x00000000400016c8       0x28 app/libapp.a(pipe_demo.c.obj)
 .text.pipe_consumer_task
                0x00000000400016f0      0x128 app/libapp.a(pipe_demo.c.obj)
 .text.pipe_producer_task
                0x0000000040001818      0x130 app/libapp.a(pipe_demo.c.obj)
 .text.pipe_demo_init
                0x0000000040001948      0x144 app/libapp.a(pipe_demo.c.obj)
                0x0000000040001948                pipe_demo_init
 .text.pipe_demo_stop
                0x0000000040001a8c        0xc app/libapp.a(pipe_demo.c.obj)
                0x0000000040001a8c                pipe_demo_stop
 .text.chunk_size
                0x0000000040001a98       0x14 zephyr/libzephyr.a(heap.c.obj)
 .text.free_list_add
                0x0000000040001aac       0x94 zephyr/libzephyr.a(heap.c.obj)
 .text.sys_heap_init
                0x0000000040001b40       0xb8 zephyr/libzephyr.a(heap.c.obj)
                0x0000000040001b40                sys_heap_init
 .text.arch_printk_char_out
                0x0000000040001bf8        0x8 zephyr/libzephyr.a(printk.c.obj)
                0x0000000040001bf8                arch_printk_char_out
 .text.char_out
                0x0000000040001c00       0x10 zephyr/libzephyr.a(printk.c.obj)
 .text.__printk_hook_install
                0x0000000040001c10        0xc zephyr/libzephyr.a(printk.c.obj)
                0x0000000040001c10                __printk_hook_install
 .text.vprintk  0x0000000040001c1c       0x4c zephyr/libzephyr.a(printk.c.obj)
                0x0000000040001c1c                vprintk
 .text.printk   0x0000000040001c68       0x78 zephyr/libzephyr.a(printk.c.obj)
                0x0000000040001c68                printk
 .text.z_thread_entry
                0x0000000040001ce0       0x50 zephyr/libzephyr.a(thread_entry.c.obj)
                0x0000000040001ce0                z_thread_entry
 .text.setup_bundle_data.constprop.0
                0x0000000040001d30       0x50 zephyr/libzephyr.a(bitarray.c.obj)
 .text.set_region
                0x0000000040001d80       0xf0 zephyr/libzephyr.a(bitarray.c.obj)
 .text.set_clear_region
                0x0000000040001e70       0x74 zephyr/libzephyr.a(bitarray.c.obj)
 .text.match_region
                0x0000000040001ee4       0xdc zephyr/libzephyr.a(bitarray.c.obj)
 .text.sys_bitarray_alloc
                0x0000000040001fc0      0x108 zephyr/libzephyr.a(bitarray.c.obj)
                0x0000000040001fc0                sys_bitarray_alloc
 .text.sys_bitarray_free
                0x00000000400020c8       0xa8 zephyr/libzephyr.a(bitarray.c.obj)
                0x00000000400020c8                sys_bitarray_free
 .text.sys_bitarray_set_region
                0x0000000040002170        0x8 zephyr/libzephyr.a(bitarray.c.obj)
                0x0000000040002170                sys_bitarray_set_region
 .text._ConfigAbsSyms
                0x0000000040002178        0x4 zephyr/libzephyr.a(configs.c.obj)
                0x0000000040002178                _ConfigAbsSyms
 .text.arch_cpu_idle
                0x000000004000217c       0x10 zephyr/arch/arch/arm64/core/libarch__arm64__core.a(cpu_idle.S.obj)
                0x000000004000217c                arch_cpu_idle
 .text.z_early_memset
                0x000000004000218c       0x40 zephyr/arch/arch/arm64/core/libarch__arm64__core.a(early_mem_funcs.S.obj)
                0x000000004000218c                z_early_memset
 .text.z_arm64_fatal_error
                0x00000000400021cc       0x44 zephyr/arch/arch/arm64/core/libarch__arm64__core.a(fatal.c.obj)
                0x00000000400021cc                z_arm64_fatal_error
 .text.z_arm64_do_kernel_oops
                0x0000000040002210        0xc zephyr/arch/arch/arm64/core/libarch__arm64__core.a(fatal.c.obj)
                0x0000000040002210                z_arm64_do_kernel_oops
 .text.z_arm64_interrupt_init
                0x000000004000221c        0x4 zephyr/arch/arch/arm64/core/libarch__arm64__core.a(irq_init.c.obj)
                0x000000004000221c                z_arm64_interrupt_init
 .text.arch_irq_enable
                0x0000000040002220        0x4 zephyr/arch/arch/arm64/core/libarch__arm64__core.a(irq_manage.c.obj)
                0x0000000040002220                arch_irq_enable
 .text.z_arm64_irq_priority_set
                0x0000000040002224        0x4 zephyr/arch/arch/arm64/core/libarch__arm64__core.a(irq_manage.c.obj)
                0x0000000040002224                z_arm64_irq_priority_set
 .text.z_irq_spurious
                0x0000000040002228        0xc zephyr/arch/arch/arm64/core/libarch__arm64__core.a(irq_manage.c.obj)
                0x0000000040002228                z_irq_spurious
 .text.z_prep_c
                0x0000000040002234       0x28 zephyr/arch/arch/arm64/core/libarch__arm64__core.a(prep_c.c.obj)
                0x0000000040002234                z_prep_c
 .text.z_arm64_el3_plat_prep_c
                0x000000004000225c        0x4 zephyr/arch/arch/arm64/core/libarch__arm64__core.a(reset.S.obj)
                0x000000004000225c                z_arm64_el3_plat_prep_c
 .text.z_arm64_el2_plat_prep_c
                0x0000000040002260        0x4 zephyr/arch/arch/arm64/core/libarch__arm64__core.a(reset.S.obj)
                0x0000000040002260                z_arm64_el2_plat_prep_c
 .text.z_arm64_el1_plat_prep_c
                0x0000000040002264        0x4 zephyr/arch/arch/arm64/core/libarch__arm64__core.a(reset.S.obj)
                0x0000000040002264                z_arm64_el1_plat_prep_c
 .text.el3_get_next_el
                0x0000000040002268       0x28 zephyr/arch/arch/arm64/core/libarch__arm64__core.a(reset.c.obj)
 .text.z_arm64_el_highest_plat_init
                0x0000000040002290        0x4 zephyr/arch/arch/arm64/core/libarch__arm64__core.a(reset.c.obj)
                0x0000000040002290                z_arm64_el_highest_plat_init
 .text.z_arm64_el3_plat_init
                0x0000000040002294        0x4 zephyr/arch/arch/arm64/core/libarch__arm64__core.a(reset.c.obj)
                0x0000000040002294                z_arm64_el3_plat_init
 .text.z_arm64_el2_plat_init
                0x0000000040002298        0x4 zephyr/arch/arch/arm64/core/libarch__arm64__core.a(reset.c.obj)
                0x0000000040002298                z_arm64_el2_plat_init
 .text.z_arm64_el1_plat_init
                0x000000004000229c        0x4 zephyr/arch/arch/arm64/core/libarch__arm64__core.a(reset.c.obj)
                0x000000004000229c                z_arm64_el1_plat_init
 .text.z_arm64_el_highest_init
                0x00000000400022a0       0x48 zephyr/arch/arch/arm64/core/libarch__arm64__core.a(reset.c.obj)
                0x00000000400022a0                z_arm64_el_highest_init
 .text.z_arm64_el2_init
                0x00000000400022e8       0x58 zephyr/arch/arch/arm64/core/libarch__arm64__core.a(reset.c.obj)
                0x00000000400022e8                z_arm64_el2_init
 .text.z_arm64_el3_init
                0x0000000040002340       0x68 zephyr/arch/arch/arm64/core/libarch__arm64__core.a(reset.c.obj)
                0x0000000040002340                z_arm64_el3_init
 .text.z_arm64_el1_init
                0x00000000400023a8       0x4c zephyr/arch/arch/arm64/core/libarch__arm64__core.a(reset.c.obj)
                0x00000000400023a8                z_arm64_el1_init
 .text.z_arm64_el3_get_next_el
                0x00000000400023f4       0x2c zephyr/arch/arch/arm64/core/libarch__arm64__core.a(reset.c.obj)
                0x00000000400023f4                z_arm64_el3_get_next_el
 .text.z_arm64_context_switch
                0x0000000040002420       0x80 zephyr/arch/arch/arm64/core/libarch__arm64__core.a(switch.S.obj)
                0x0000000040002420                z_arm64_context_switch
 .text.z_arm64_sync_exc
                0x00000000400024a0       0x4c zephyr/arch/arch/arm64/core/libarch__arm64__core.a(switch.S.obj)
                0x00000000400024a0                z_arm64_sync_exc
 .text.arch_new_thread
                0x00000000400024ec       0x8c zephyr/arch/arch/arm64/core/libarch__arm64__core.a(thread.c.obj)
                0x00000000400024ec                arch_new_thread
 .text.z_arm64_serror
                0x0000000040002578       0x10 zephyr/arch/arch/arm64/core/libarch__arm64__core.a(vector_table.S.obj)
                0x0000000040002578                z_arm64_serror
 .text.z_arm64_exit_exc
                0x0000000040002588       0x5c zephyr/arch/arch/arm64/core/libarch__arm64__core.a(vector_table.S.obj)
                0x0000000040002588                z_arm64_exit_exc
                0x000000004000258c                z_arm64_exit_exc_fpu_done
 .text.fpu_access_update
                0x00000000400025e4       0x48 zephyr/arch/arch/arm64/core/libarch__arm64__core.a(fpu.c.obj)
 .text.arch_flush_local_fpu
                0x000000004000262c       0x5c zephyr/arch/arch/arm64/core/libarch__arm64__core.a(fpu.c.obj)
                0x000000004000262c                arch_flush_local_fpu
 .text.z_arm64_fpu_enter_exc
                0x0000000040002688       0x14 zephyr/arch/arch/arm64/core/libarch__arm64__core.a(fpu.c.obj)
                0x0000000040002688                z_arm64_fpu_enter_exc
 .text.z_arm64_fpu_trap
                0x000000004000269c       0xfc zephyr/arch/arch/arm64/core/libarch__arm64__core.a(fpu.c.obj)
                0x000000004000269c                z_arm64_fpu_trap
 .text.z_arm64_fpu_exit_exc
                0x0000000040002798        0x8 zephyr/arch/arch/arm64/core/libarch__arm64__core.a(fpu.c.obj)
                0x0000000040002798                z_arm64_fpu_exit_exc
 .text.z_arm64_fpu_thread_context_switch
                0x00000000400027a0        0x8 zephyr/arch/arch/arm64/core/libarch__arm64__core.a(fpu.c.obj)
                0x00000000400027a0                z_arm64_fpu_thread_context_switch
 .text.arch_float_disable
                0x00000000400027a8       0x50 zephyr/arch/arch/arm64/core/libarch__arm64__core.a(fpu.c.obj)
                0x00000000400027a8                arch_float_disable
 .text.z_arm64_fpu_save
                0x00000000400027f8       0x54 zephyr/arch/arch/arm64/core/libarch__arm64__core.a(fpu.S.obj)
                0x00000000400027f8                z_arm64_fpu_save
 .text.z_arm64_fpu_restore
                0x000000004000284c       0x54 zephyr/arch/arch/arm64/core/libarch__arm64__core.a(fpu.S.obj)
                0x000000004000284c                z_arm64_fpu_restore
 .text.new_table
                0x00000000400028a0       0x44 zephyr/arch/arch/arm64/core/libarch__arm64__core.a(mmu.c.obj)
 .text.table_usage
                0x00000000400028e4       0x34 zephyr/arch/arch/arm64/core/libarch__arm64__core.a(mmu.c.obj)
 .text.expand_to_table
                0x0000000040002918       0x80 zephyr/arch/arch/arm64/core/libarch__arm64__core.a(mmu.c.obj)
 .text.invalidate_tlb_all
                0x0000000040002998       0x14 zephyr/arch/arch/arm64/core/libarch__arm64__core.a(mmu.c.obj)
 .text.inv_dcache_after_map_helper
                0x00000000400029ac       0x8c zephyr/arch/arch/arm64/core/libarch__arm64__core.a(mmu.c.obj)
 .text.__add_map.constprop.0
                0x0000000040002a38      0x284 zephyr/arch/arch/arm64/core/libarch__arm64__core.a(mmu.c.obj)
 .text.z_arm64_mm_init
                0x0000000040002cbc      0x158 zephyr/arch/arch/arm64/core/libarch__arm64__core.a(mmu.c.obj)
                0x0000000040002cbc                z_arm64_mm_init
 .text.arch_mem_map
                0x0000000040002e14       0xd4 zephyr/arch/arch/arm64/core/libarch__arm64__core.a(mmu.c.obj)
                0x0000000040002e14                arch_mem_map
 .text.arch_virt_region_align
                0x0000000040002ee8       0x44 zephyr/arch/arch/arm64/core/libarch__arm64__core.a(mmu.c.obj)
                0x0000000040002ee8                arch_virt_region_align
 .text.arch_tls_stack_setup
                0x0000000040002f2c       0x74 zephyr/arch/arch/arm64/core/libarch__arm64__core.a(tls.c.obj)
                0x0000000040002f2c                arch_tls_stack_setup
 .text.z_impl_zephyr_fputc
                0x0000000040002fa0       0x20 zephyr/lib/libc/picolibc/liblib__libc__picolibc.a(stdio.c.obj)
                0x0000000040002fa0                z_impl_zephyr_fputc
 .text.picolibc_put
                0x0000000040002fc0       0x1c zephyr/lib/libc/picolibc/liblib__libc__picolibc.a(stdio.c.obj)
 .text.__stdout_hook_install
                0x0000000040002fdc       0x20 zephyr/lib/libc/picolibc/liblib__libc__picolibc.a(stdio.c.obj)
                0x0000000040002fdc                __stdout_hook_install
 .text.malloc_prepare
                0x0000000040002ffc       0x2c zephyr/lib/libc/common/liblib__libc__common.a(malloc.c.obj)
 .text.gic_get_rdist
                0x0000000040003028       0x1c zephyr/drivers/interrupt_controller/libdrivers__interrupt_controller.a(intc_gicv3.c.obj)
 .text.gic_wait_rwp.isra.0
                0x0000000040003044       0x4c zephyr/drivers/interrupt_controller/libdrivers__interrupt_controller.a(intc_gicv3.c.obj)
 .text.arm_gic_init
                0x0000000040003090      0x3b4 zephyr/drivers/interrupt_controller/libdrivers__interrupt_controller.a(intc_gicv3.c.obj)
                0x0000000040003090                arm_gic_init
 .text.arm_gic_irq_set_priority
                0x0000000040003444      0x138 zephyr/drivers/interrupt_controller/libdrivers__interrupt_controller.a(intc_gicv3.c.obj)
                0x0000000040003444                arm_gic_irq_set_priority
 .text.arm_gic_irq_enable
                0x000000004000357c       0x84 zephyr/drivers/interrupt_controller/libdrivers__interrupt_controller.a(intc_gicv3.c.obj)
                0x000000004000357c                arm_gic_irq_enable
 .text.arm_gic_get_active
                0x0000000040003600        0x8 zephyr/drivers/interrupt_controller/libdrivers__interrupt_controller.a(intc_gicv3.c.obj)
                0x0000000040003600                arm_gic_get_active
 .text.arm_gic_eoi
                0x0000000040003608       0x10 zephyr/drivers/interrupt_controller/libdrivers__interrupt_controller.a(intc_gicv3.c.obj)
                0x0000000040003608                arm_gic_eoi
 .text.uart_console_init
                0x0000000040003618       0x50 zephyr/drivers/console/libdrivers__console.a(uart_console.c.obj)
 .text.console_out
                0x0000000040003668       0x58 zephyr/drivers/console/libdrivers__console.a(uart_console.c.obj)
 .text.pl011_poll_out
                0x00000000400036c0       0x1c zephyr/drivers/serial/libdrivers__serial.a(uart_pl011.c.obj)
 .text.pl011_err_check
                0x00000000400036dc       0x38 zephyr/drivers/serial/libdrivers__serial.a(uart_pl011.c.obj)
 .text.pl011_runtime_config_get
                0x0000000040003714       0x14 zephyr/drivers/serial/libdrivers__serial.a(uart_pl011.c.obj)
 .text.pl011_fifo_fill
                0x0000000040003728       0x38 zephyr/drivers/serial/libdrivers__serial.a(uart_pl011.c.obj)
 .text.pl011_fifo_read
                0x0000000040003760       0x38 zephyr/drivers/serial/libdrivers__serial.a(uart_pl011.c.obj)
 .text.pl011_irq_tx_enable
                0x0000000040003798       0x80 zephyr/drivers/serial/libdrivers__serial.a(uart_pl011.c.obj)
 .text.pl011_irq_tx_disable
                0x0000000040003818       0x24 zephyr/drivers/serial/libdrivers__serial.a(uart_pl011.c.obj)
 .text.pl011_irq_tx_complete
                0x000000004000383c       0x18 zephyr/drivers/serial/libdrivers__serial.a(uart_pl011.c.obj)
 .text.pl011_irq_tx_ready
                0x0000000040003854       0x44 zephyr/drivers/serial/libdrivers__serial.a(uart_pl011.c.obj)
 .text.pl011_irq_rx_enable
                0x0000000040003898       0x1c zephyr/drivers/serial/libdrivers__serial.a(uart_pl011.c.obj)
 .text.pl011_irq_rx_disable
                0x00000000400038b4       0x1c zephyr/drivers/serial/libdrivers__serial.a(uart_pl011.c.obj)
 .text.pl011_irq_rx_ready
                0x00000000400038d0       0x38 zephyr/drivers/serial/libdrivers__serial.a(uart_pl011.c.obj)
 .text.pl011_irq_err_enable
                0x0000000040003908       0x18 zephyr/drivers/serial/libdrivers__serial.a(uart_pl011.c.obj)
 .text.pl011_irq_err_disable
                0x0000000040003920       0x18 zephyr/drivers/serial/libdrivers__serial.a(uart_pl011.c.obj)
 .text.pl011_irq_is_pending
                0x0000000040003938       0x34 zephyr/drivers/serial/libdrivers__serial.a(uart_pl011.c.obj)
 .text.pl011_irq_update
                0x000000004000396c        0x8 zephyr/drivers/serial/libdrivers__serial.a(uart_pl011.c.obj)
 .text.pl011_irq_callback_set
                0x0000000040003974        0xc zephyr/drivers/serial/libdrivers__serial.a(uart_pl011.c.obj)
 .text.pl011_isr
                0x0000000040003980       0x40 zephyr/drivers/serial/libdrivers__serial.a(uart_pl011.c.obj)
                0x0000000040003980                pl011_isr
 .text.pwr_on_arm_pl011_0
                0x00000000400039c0        0x8 zephyr/drivers/serial/libdrivers__serial.a(uart_pl011.c.obj)
 .text.clk_enable_arm_pl011_0
                0x00000000400039c8        0x8 zephyr/drivers/serial/libdrivers__serial.a(uart_pl011.c.obj)
 .text.pl011_irq_config_func_0
                0x00000000400039d0       0x24 zephyr/drivers/serial/libdrivers__serial.a(uart_pl011.c.obj)
 .text.pl011_poll_in
                0x00000000400039f4       0x4c zephyr/drivers/serial/libdrivers__serial.a(uart_pl011.c.obj)
 .text.pl011_runtime_configure_internal
                0x0000000040003a40      0x1d4 zephyr/drivers/serial/libdrivers__serial.a(uart_pl011.c.obj)
 .text.pl011_runtime_configure
                0x0000000040003c14        0x8 zephyr/drivers/serial/libdrivers__serial.a(uart_pl011.c.obj)
 .text.pl011_init
                0x0000000040003c1c      0x168 zephyr/drivers/serial/libdrivers__serial.a(uart_pl011.c.obj)
 .text.sys_clock_driver_init
                0x0000000040003d84       0x6c zephyr/drivers/timer/libdrivers__timer.a(arm_arch_timer.c.obj)
 .text.arm_arch_timer_compare_isr
                0x0000000040003df0       0x5c zephyr/drivers/timer/libdrivers__timer.a(arm_arch_timer.c.obj)
 .text.sys_clock_set_timeout
                0x0000000040003e4c       0x88 zephyr/drivers/timer/libdrivers__timer.a(arm_arch_timer.c.obj)
                0x0000000040003e4c                sys_clock_set_timeout
 .text.sys_clock_elapsed
                0x0000000040003ed4       0x34 zephyr/drivers/timer/libdrivers__timer.a(arm_arch_timer.c.obj)
                0x0000000040003ed4                sys_clock_elapsed
 .text.z_device_state_init
                0x0000000040003f08        0x4 zephyr/kernel/libkernel.a(device.c.obj)
                0x0000000040003f08                z_device_state_init
 .text.z_impl_device_is_ready
                0x0000000040003f0c       0x28 zephyr/kernel/libkernel.a(device.c.obj)
                0x0000000040003f0c                z_impl_device_is_ready
 .text.arch_system_halt
                0x0000000040003f34        0xc zephyr/kernel/libkernel.a(fatal.c.obj)
                0x0000000040003f34                arch_system_halt
 .text.k_sys_fatal_error_handler
                0x0000000040003f40        0xc zephyr/kernel/libkernel.a(fatal.c.obj)
                0x0000000040003f40                k_sys_fatal_error_handler
 .text.z_fatal_error
                0x0000000040003f4c       0x38 zephyr/kernel/libkernel.a(fatal.c.obj)
                0x0000000040003f4c                z_fatal_error
 .text.do_device_init
                0x0000000040003f84       0x60 zephyr/kernel/libkernel.a(init.c.obj)
 .text.z_sys_init_run_level
                0x0000000040003fe4       0x5c zephyr/kernel/libkernel.a(init.c.obj)
 .text.bg_thread_main
                0x0000000040004040      0x108 zephyr/kernel/libkernel.a(init.c.obj)
 .text.z_bss_zero
                0x0000000040004148       0x1c zephyr/kernel/libkernel.a(init.c.obj)
                0x0000000040004148                z_bss_zero
 .text.z_init_cpu
                0x0000000040004164       0xd0 zephyr/kernel/libkernel.a(init.c.obj)
                0x0000000040004164                z_init_cpu
 .text.z_cstart
                0x0000000040004234       0xf8 zephyr/kernel/libkernel.a(init.c.obj)
                0x0000000040004234                z_cstart
 .text.idle     0x000000004000432c       0x18 zephyr/kernel/libkernel.a(idle.c.obj)
                0x000000004000432c                idle
 .text.unpend_thread_no_timeout
                0x0000000040004344       0x24 zephyr/kernel/libkernel.a(msg_q.c.obj)
 .text.z_impl_k_msgq_put
                0x0000000040004368      0x124 zephyr/kernel/libkernel.a(msg_q.c.obj)
                0x0000000040004368                z_impl_k_msgq_put
 .text.z_impl_k_msgq_get
                0x000000004000448c      0x138 zephyr/kernel/libkernel.a(msg_q.c.obj)
                0x000000004000448c                z_impl_k_msgq_get
 .text.z_impl_k_msgq_purge
                0x00000000400045c4       0xd4 zephyr/kernel/libkernel.a(msg_q.c.obj)
                0x00000000400045c4                z_impl_k_msgq_purge
 .text.k_is_in_isr
                0x0000000040004698       0x18 zephyr/kernel/libkernel.a(thread.c.obj)
                0x0000000040004698                k_is_in_isr
 .text.z_impl_k_thread_name_set
                0x00000000400046b0       0x40 zephyr/kernel/libkernel.a(thread.c.obj)
                0x00000000400046b0                z_impl_k_thread_name_set
 .text.z_setup_new_thread
                0x00000000400046f0      0x138 zephyr/kernel/libkernel.a(thread.c.obj)
                0x00000000400046f0                z_setup_new_thread
 .text.z_impl_k_thread_create
                0x0000000040004828       0x68 zephyr/kernel/libkernel.a(thread.c.obj)
                0x0000000040004828                z_impl_k_thread_create
 .text.z_dummy_thread_init
                0x0000000040004890       0x34 zephyr/kernel/libkernel.a(thread.c.obj)
                0x0000000040004890                z_dummy_thread_init
 .text.sys_dlist_remove
                0x00000000400048c4       0x14 zephyr/kernel/libkernel.a(sched.c.obj)
 .text.unpend_thread_no_timeout
                0x00000000400048d8       0x28 zephyr/kernel/libkernel.a(sched.c.obj)
 .text.ready_thread
                0x0000000040004900       0xe8 zephyr/kernel/libkernel.a(sched.c.obj)
 .text.unready_thread
                0x00000000400049e8       0x94 zephyr/kernel/libkernel.a(sched.c.obj)
 .text.z_swap   0x0000000040004a7c       0x80 zephyr/kernel/libkernel.a(sched.c.obj)
 .text.add_thread_timeout
                0x0000000040004afc       0x20 zephyr/kernel/libkernel.a(sched.c.obj)
 .text.add_to_waitq_locked
                0x0000000040004b1c       0x94 zephyr/kernel/libkernel.a(sched.c.obj)
 .text.move_thread_to_end_of_prio_q
                0x0000000040004bb0       0xf4 zephyr/kernel/libkernel.a(sched.c.obj)
                0x0000000040004bb0                move_thread_to_end_of_prio_q
 .text.z_ready_thread
                0x0000000040004ca4       0x2c zephyr/kernel/libkernel.a(sched.c.obj)
                0x0000000040004ca4                z_ready_thread
 .text.z_unpend_thread_no_timeout
                0x0000000040004cd0       0x38 zephyr/kernel/libkernel.a(sched.c.obj)
                0x0000000040004cd0                z_unpend_thread_no_timeout
 .text.z_sched_wake_thread
                0x0000000040004d08       0x5c zephyr/kernel/libkernel.a(sched.c.obj)
                0x0000000040004d08                z_sched_wake_thread
 .text.z_thread_timeout
                0x0000000040004d64        0xc zephyr/kernel/libkernel.a(sched.c.obj)
                0x0000000040004d64                z_thread_timeout
 .text.z_pend_curr
                0x0000000040004d70       0x5c zephyr/kernel/libkernel.a(sched.c.obj)
                0x0000000040004d70                z_pend_curr
 .text.z_unpend_thread
                0x0000000040004dcc       0x1c zephyr/kernel/libkernel.a(sched.c.obj)
                0x0000000040004dcc                z_unpend_thread
 .text.z_reschedule
                0x0000000040004de8       0x3c zephyr/kernel/libkernel.a(sched.c.obj)
                0x0000000040004de8                z_reschedule
 .text.z_reschedule_irqlock
                0x0000000040004e24       0x88 zephyr/kernel/libkernel.a(sched.c.obj)
                0x0000000040004e24                z_reschedule_irqlock
 .text.k_sched_lock
                0x0000000040004eac       0x28 zephyr/kernel/libkernel.a(sched.c.obj)
                0x0000000040004eac                k_sched_lock
 .text.k_sched_unlock
                0x0000000040004ed4       0x9c zephyr/kernel/libkernel.a(sched.c.obj)
                0x0000000040004ed4                k_sched_unlock
 .text.z_swap_next_thread
                0x0000000040004f70        0xc zephyr/kernel/libkernel.a(sched.c.obj)
                0x0000000040004f70                z_swap_next_thread
 .text.z_get_next_switch_handle
                0x0000000040004f7c       0x20 zephyr/kernel/libkernel.a(sched.c.obj)
                0x0000000040004f7c                z_get_next_switch_handle
 .text.z_sched_init
                0x0000000040004f9c       0x18 zephyr/kernel/libkernel.a(sched.c.obj)
                0x0000000040004f9c                z_sched_init
 .text.z_impl_k_yield
                0x0000000040004fb4       0xe8 zephyr/kernel/libkernel.a(sched.c.obj)
                0x0000000040004fb4                z_impl_k_yield
 .text.z_tick_sleep
                0x000000004000509c       0xa8 zephyr/kernel/libkernel.a(sched.c.obj)
 .text.z_impl_k_sleep
                0x0000000040005144       0x4c zephyr/kernel/libkernel.a(sched.c.obj)
                0x0000000040005144                z_impl_k_sleep
 .text.z_impl_k_wakeup
                0x0000000040005190       0x68 zephyr/kernel/libkernel.a(sched.c.obj)
                0x0000000040005190                z_impl_k_wakeup
 .text.z_impl_k_sched_current_thread_query
                0x00000000400051f8        0xc zephyr/kernel/libkernel.a(sched.c.obj)
                0x00000000400051f8                z_impl_k_sched_current_thread_query
 .text.z_thread_abort
                0x0000000040005204      0x1ac zephyr/kernel/libkernel.a(sched.c.obj)
                0x0000000040005204                z_thread_abort
 .text.z_impl_k_thread_abort
                0x00000000400053b0        0x4 zephyr/kernel/libkernel.a(sched.c.obj)
                0x00000000400053b0                z_impl_k_thread_abort
 .text.z_impl_k_thread_join
                0x00000000400053b4       0xac zephyr/kernel/libkernel.a(sched.c.obj)
                0x00000000400053b4                z_impl_k_thread_join
 .text.z_sched_wait
                0x0000000040005460       0x34 zephyr/kernel/libkernel.a(sched.c.obj)
                0x0000000040005460                z_sched_wait
 .text.z_sched_waitq_walk
                0x0000000040005494       0x80 zephyr/kernel/libkernel.a(sched.c.obj)
                0x0000000040005494                z_sched_waitq_walk
 .text.slice_timeout
                0x0000000040005514       0x24 zephyr/kernel/libkernel.a(timeslicing.c.obj)
 .text.thread_is_sliceable
                0x0000000040005538       0x58 zephyr/kernel/libkernel.a(timeslicing.c.obj)
                0x0000000040005538                thread_is_sliceable
 .text.z_reset_time_slice
                0x0000000040005590       0x8c zephyr/kernel/libkernel.a(timeslicing.c.obj)
                0x0000000040005590                z_reset_time_slice
 .text.z_time_slice
                0x000000004000561c       0x74 zephyr/kernel/libkernel.a(timeslicing.c.obj)
                0x000000004000561c                z_time_slice
 .text.z_thread_monitor_exit
                0x0000000040005690       0x50 zephyr/kernel/libkernel.a(thread_monitor.c.obj)
                0x0000000040005690                z_thread_monitor_exit
 .text.first    0x00000000400056e0       0x18 zephyr/kernel/libkernel.a(timeout.c.obj)
 .text.next_timeout
                0x00000000400056f8       0x40 zephyr/kernel/libkernel.a(timeout.c.obj)
 .text.elapsed  0x0000000040005738       0x18 zephyr/kernel/libkernel.a(timeout.c.obj)
 .text.remove_timeout
                0x0000000040005750       0x40 zephyr/kernel/libkernel.a(timeout.c.obj)
 .text.z_add_timeout
                0x0000000040005790      0x138 zephyr/kernel/libkernel.a(timeout.c.obj)
                0x0000000040005790                z_add_timeout
 .text.z_abort_timeout
                0x00000000400058c8       0x70 zephyr/kernel/libkernel.a(timeout.c.obj)
                0x00000000400058c8                z_abort_timeout
 .text.sys_clock_announce
                0x0000000040005938       0xc0 zephyr/kernel/libkernel.a(timeout.c.obj)
                0x0000000040005938                sys_clock_announce
 .text.sys_clock_tick_get
                0x00000000400059f8       0x38 zephyr/kernel/libkernel.a(timeout.c.obj)
                0x00000000400059f8                sys_clock_tick_get
 .text.sys_clock_tick_get_32
                0x0000000040005a30       0x14 zephyr/kernel/libkernel.a(timeout.c.obj)
                0x0000000040005a30                sys_clock_tick_get_32
 .text.z_impl_k_uptime_ticks
                0x0000000040005a44        0x4 zephyr/kernel/libkernel.a(timeout.c.obj)
                0x0000000040005a44                z_impl_k_uptime_ticks
 .text.virt_region_free
                0x0000000040005a48       0xb0 zephyr/kernel/libkernel.a(mmu.c.obj)
 .text.free_page_frame_list_put
                0x0000000040005af8       0x48 zephyr/kernel/libkernel.a(mmu.c.obj)
 .text.virt_region_alloc
                0x0000000040005b40      0x110 zephyr/kernel/libkernel.a(mmu.c.obj)
 .text.k_mem_region_align
                0x0000000040005c50       0x2c zephyr/kernel/libkernel.a(mmu.c.obj)
                0x0000000040005c50                k_mem_region_align
 .text.k_mem_map_phys_bare
                0x0000000040005c7c       0xa0 zephyr/kernel/libkernel.a(mmu.c.obj)
                0x0000000040005c7c                k_mem_map_phys_bare
 .text.z_mem_manage_init
                0x0000000040005d1c       0xc8 zephyr/kernel/libkernel.a(mmu.c.obj)
                0x0000000040005d1c                z_mem_manage_init
 .text.z_mem_manage_boot_finish
                0x0000000040005de4        0x4 zephyr/kernel/libkernel.a(mmu.c.obj)
                0x0000000040005de4                z_mem_manage_boot_finish
 .text.sys_dlist_get
                0x0000000040005de8       0x2c zephyr/kernel/libkernel.a(pipes.c.obj)
 .text.pipe_walk_op
                0x0000000040005e14       0x38 zephyr/kernel/libkernel.a(pipes.c.obj)
 .text.pipe_buffer_list_populate
                0x0000000040005e4c       0x5c zephyr/kernel/libkernel.a(pipes.c.obj)
 .text.pipe_write
                0x0000000040005ea8      0x13c zephyr/kernel/libkernel.a(pipes.c.obj)
 .text.pipe_get_internal
                0x0000000040005fe4      0x2bc zephyr/kernel/libkernel.a(pipes.c.obj)
 .text.z_impl_k_pipe_flush
                0x00000000400062a0       0x34 zephyr/kernel/libkernel.a(pipes.c.obj)
                0x00000000400062a0                z_impl_k_pipe_flush
 .text.z_impl_k_pipe_put
                0x00000000400062d4      0x1dc zephyr/kernel/libkernel.a(pipes.c.obj)
                0x00000000400062d4                z_impl_k_pipe_put
 .text.z_impl_k_pipe_get
                0x00000000400064b0       0x3c zephyr/kernel/libkernel.a(pipes.c.obj)
                0x00000000400064b0                z_impl_k_pipe_get
 .text.k_thread_system_pool_assign
                0x00000000400064ec       0x10 zephyr/kernel/libkernel.a(mempool.c.obj)
                0x00000000400064ec                k_thread_system_pool_assign
 .text.boot_banner
                0x00000000400064fc        0xc zephyr/kernel/libkernel.a(banner.c.obj)
                0x00000000400064fc                boot_banner
 .text.k_heap_init
                0x0000000040006508        0xc zephyr/kernel/libkernel.a(kheap.c.obj)
                0x0000000040006508                k_heap_init
 .text.statics_init
                0x0000000040006514       0x48 zephyr/kernel/libkernel.a(kheap.c.obj)
 .text.memcpy   0x000000004000655c       0x20 /home/emina/zephyr-sdk-0.17.1/aarch64-zephyr-elf/bin/../lib/gcc/../../picolibc/aarch64-zephyr-elf/lib/./libc.a(memcpy-stub.c.o)
                0x000000004000655c                memcpy
 .text.memset   0x000000004000657c       0x1c /home/emina/zephyr-sdk-0.17.1/aarch64-zephyr-elf/bin/../lib/gcc/../../picolibc/aarch64-zephyr-elf/lib/./libc.a(memset-stub.c.o)
                0x000000004000657c                memset
 .text.strnlen  0x0000000040006598       0x28 /home/emina/zephyr-sdk-0.17.1/aarch64-zephyr-elf/bin/../lib/gcc/../../picolibc/aarch64-zephyr-elf/lib/./libc.a(strnlen-stub.c.o)
                0x0000000040006598                strnlen
 .text.strncpy  0x00000000400065c0       0x3c /home/emina/zephyr-sdk-0.17.1/aarch64-zephyr-elf/bin/../lib/gcc/../../picolibc/aarch64-zephyr-elf/lib/./libc.a(libc_string_strncpy.c.o)
                0x00000000400065c0                strncpy
 .text.__ultoa_invert
                0x00000000400065fc       0x50 /home/emina/zephyr-sdk-0.17.1/aarch64-zephyr-elf/bin/../lib/gcc/../../picolibc/aarch64-zephyr-elf/lib/./libc.a(libc_tinystdio_vfprintf.c.o)
 .text.skip_to_arg
                0x000000004000664c      0x1f0 /home/emina/zephyr-sdk-0.17.1/aarch64-zephyr-elf/bin/../lib/gcc/../../picolibc/aarch64-zephyr-elf/lib/./libc.a(libc_tinystdio_vfprintf.c.o)
 .text.vfprintf
                0x000000004000683c      0xeb8 /home/emina/zephyr-sdk-0.17.1/aarch64-zephyr-elf/bin/../lib/gcc/../../picolibc/aarch64-zephyr-elf/lib/./libc.a(libc_tinystdio_vfprintf.c.o)
                0x000000004000683c                __d_vfprintf
 .text.mulShift64
                0x00000000400076f4       0x30 /home/emina/zephyr-sdk-0.17.1/aarch64-zephyr-elf/bin/../lib/gcc/../../picolibc/aarch64-zephyr-elf/lib/./libc.a(libc_tinystdio_dtoa_ryu.c.o)
 .text.__dtoa_engine
                0x0000000040007724      0x504 /home/emina/zephyr-sdk-0.17.1/aarch64-zephyr-elf/bin/../lib/gcc/../../picolibc/aarch64-zephyr-elf/lib/./libc.a(libc_tinystdio_dtoa_ryu.c.o)
                0x0000000040007724                __dtoa_engine
 .text.__log10Pow2
                0x0000000040007c28       0x14 /home/emina/zephyr-sdk-0.17.1/aarch64-zephyr-elf/bin/../lib/gcc/../../picolibc/aarch64-zephyr-elf/lib/./libc.a(libc_tinystdio_ryu_log10.c.o)
                0x0000000040007c28                __log10Pow2
 .text.__log10Pow5
                0x0000000040007c3c       0x14 /home/emina/zephyr-sdk-0.17.1/aarch64-zephyr-elf/bin/../lib/gcc/../../picolibc/aarch64-zephyr-elf/lib/./libc.a(libc_tinystdio_ryu_log10.c.o)
                0x0000000040007c3c                __log10Pow5
 .text.__pow5bits
                0x0000000040007c50       0x18 /home/emina/zephyr-sdk-0.17.1/aarch64-zephyr-elf/bin/../lib/gcc/../../picolibc/aarch64-zephyr-elf/lib/./libc.a(libc_tinystdio_ryu_pow5bits.c.o)
                0x0000000040007c50                __pow5bits
 .text.__pow5Factor
                0x0000000040007c68       0x2c /home/emina/zephyr-sdk-0.17.1/aarch64-zephyr-elf/bin/../lib/gcc/../../picolibc/aarch64-zephyr-elf/lib/./libc.a(libc_tinystdio_ryu_table.c.o)
                0x0000000040007c68                __pow5Factor
 .text.__double_computePow5
                0x0000000040007c94      0x100 /home/emina/zephyr-sdk-0.17.1/aarch64-zephyr-elf/bin/../lib/gcc/../../picolibc/aarch64-zephyr-elf/lib/./libc.a(libc_tinystdio_ryu_table.c.o)
                0x0000000040007c94                __double_computePow5
 .text.__double_computeInvPow5
                0x0000000040007d94      0x104 /home/emina/zephyr-sdk-0.17.1/aarch64-zephyr-elf/bin/../lib/gcc/../../picolibc/aarch64-zephyr-elf/lib/./libc.a(libc_tinystdio_ryu_table.c.o)
                0x0000000040007d94                __double_computeInvPow5
 .text.__dtox_engine
                0x0000000040007e98      0x128 /home/emina/zephyr-sdk-0.17.1/aarch64-zephyr-elf/bin/../lib/gcc/../../picolibc/aarch64-zephyr-elf/lib/./libc.a(libc_tinystdio_dtox_engine.c.o)
                0x0000000040007e98                __dtox_engine
 *(SORT_BY_ALIGNMENT(.gnu.linkonce.t.*))
                0x0000000040008000                . = ALIGN (_region_min_align)
 *fill*         0x0000000040007fc0       0x40 
                0x0000000040008000                __text_region_end = .
                0x0000000000008000                __text_region_size = (__text_region_end - __text_region_start)

.ARM.exidx      0x0000000040008000        0x0
                0x0000000040008000                __exidx_start = .
 *(SORT_BY_ALIGNMENT(.ARM.exidx*) SORT_BY_ALIGNMENT(gnu.linkonce.armexidx.*))
                0x0000000040008000                __exidx_end = .
                0x0000000040008000                . = ALIGN (_region_min_align)
                0x0000000040008000                __rodata_region_start = .

initlevel       0x0000000040008000       0x60
                0x0000000040008000                __init_start = .
                0x0000000040008000                __init_EARLY_start = .
 *(SORT_BY_NAME(SORT_BY_ALIGNMENT(.z_init_EARLY_P_?_*)))
 *(SORT_BY_NAME(SORT_BY_ALIGNMENT(.z_init_EARLY_P_??_*)))
 *(SORT_BY_NAME(SORT_BY_ALIGNMENT(.z_init_EARLY_P_???_*)))
                0x0000000040008000                __init_PRE_KERNEL_1_start = .
 *(SORT_BY_NAME(SORT_BY_ALIGNMENT(.z_init_PRE_KERNEL_1_P_?_*)))
 *(SORT_BY_NAME(SORT_BY_ALIGNMENT(.z_init_PRE_KERNEL_1_P_??_*)))
 .z_init_PRE_KERNEL_1_P_30_SUB_0_
                0x0000000040008000       0x10 zephyr/kernel/libkernel.a(kheap.c.obj)
 .z_init_PRE_KERNEL_1_P_40_SUB_00005_
                0x0000000040008010       0x10 zephyr/drivers/interrupt_controller/libdrivers__interrupt_controller.a(intc_gicv3.c.obj)
 .z_init_PRE_KERNEL_1_P_50_SUB_00013_
                0x0000000040008020       0x10 zephyr/drivers/serial/libdrivers__serial.a(uart_pl011.c.obj)
 .z_init_PRE_KERNEL_1_P_60_SUB_0_
                0x0000000040008030       0x10 zephyr/drivers/console/libdrivers__console.a(uart_console.c.obj)
 *(SORT_BY_NAME(SORT_BY_ALIGNMENT(.z_init_PRE_KERNEL_1_P_???_*)))
                0x0000000040008040                __init_PRE_KERNEL_2_start = .
 *(SORT_BY_NAME(SORT_BY_ALIGNMENT(.z_init_PRE_KERNEL_2_P_?_*)))
 .z_init_PRE_KERNEL_2_P_0_SUB_0_
                0x0000000040008040       0x10 zephyr/drivers/timer/libdrivers__timer.a(arm_arch_timer.c.obj)
 *(SORT_BY_NAME(SORT_BY_ALIGNMENT(.z_init_PRE_KERNEL_2_P_??_*)))
 *(SORT_BY_NAME(SORT_BY_ALIGNMENT(.z_init_PRE_KERNEL_2_P_???_*)))
                0x0000000040008050                __init_POST_KERNEL_start = .
 *(SORT_BY_NAME(SORT_BY_ALIGNMENT(.z_init_POST_KERNEL_P_?_*)))
 *(SORT_BY_NAME(SORT_BY_ALIGNMENT(.z_init_POST_KERNEL_P_??_*)))
 .z_init_POST_KERNEL_P_35_SUB_0_
                0x0000000040008050       0x10 zephyr/lib/libc/common/liblib__libc__common.a(malloc.c.obj)
 *(SORT_BY_NAME(SORT_BY_ALIGNMENT(.z_init_POST_KERNEL_P_???_*)))
                0x0000000040008060                __init_APPLICATION_start = .
 *(SORT_BY_NAME(SORT_BY_ALIGNMENT(.z_init_APPLICATION_P_?_*)))
 *(SORT_BY_NAME(SORT_BY_ALIGNMENT(.z_init_APPLICATION_P_??_*)))
 *(SORT_BY_NAME(SORT_BY_ALIGNMENT(.z_init_APPLICATION_P_???_*)))
                0x0000000040008060                __init_SMP_start = .
 *(SORT_BY_NAME(SORT_BY_ALIGNMENT(.z_init_SMP_P_?_*)))
 *(SORT_BY_NAME(SORT_BY_ALIGNMENT(.z_init_SMP_P_??_*)))
 *(SORT_BY_NAME(SORT_BY_ALIGNMENT(.z_init_SMP_P_???_*)))
                0x0000000040008060                __init_end = .

device_area     0x0000000040008060       0x80
                0x0000000040008060                _device_list_start = .
 *(SORT_BY_NAME(SORT_BY_ALIGNMENT(._device.static.*_?_*)))
 *(SORT_BY_NAME(SORT_BY_ALIGNMENT(._device.static.*_??_*)))
 ._device.static.1_40_
                0x0000000040008060       0x40 zephyr/drivers/interrupt_controller/libdrivers__interrupt_controller.a(intc_gicv3.c.obj)
                0x0000000040008060                __device_dts_ord_5
 ._device.static.1_50_
                0x00000000400080a0       0x40 zephyr/drivers/serial/libdrivers__serial.a(uart_pl011.c.obj)
                0x00000000400080a0                __device_dts_ord_13
 *(SORT_BY_NAME(SORT_BY_ALIGNMENT(._device.static.*_???_*)))
 *(SORT_BY_NAME(SORT_BY_ALIGNMENT(._device.static.*_????_*)))
 *(SORT_BY_NAME(SORT_BY_ALIGNMENT(._device.static.*_?????_*)))
                0x00000000400080e0                _device_list_end = .

sw_isr_table    0x00000000400080e0      0xdc0
                0x00000000400080e0                . = ALIGN (0x4)
 *(SORT_BY_ALIGNMENT(.gnu.linkonce.sw_isr_table*))
 .gnu.linkonce.sw_isr_table
                0x00000000400080e0      0xdc0 zephyr/CMakeFiles/zephyr_final.dir/isr_tables.c.obj
                0x00000000400080e0                _sw_isr_table

initlevel_error
                0x0000000040008000        0x0
 *(SORT_BY_NAME(SORT_BY_ALIGNMENT(.z_init_*)))
                0x0000000000000001                ASSERT ((SIZEOF (initlevel_error) == 0x0), Undefined initialization levels used.)

app_shmem_regions
                0x0000000040008ea0        0x0
                0x0000000040008ea0                __app_shmem_regions_start = .
 *(SORT_BY_NAME(SORT_BY_ALIGNMENT(.app_regions.*)))
                0x0000000040008ea0                __app_shmem_regions_end = .

k_p4wq_initparam_area
                0x0000000040008ea0        0x0
                0x0000000040008ea0                _k_p4wq_initparam_list_start = .
 *(SORT_BY_NAME(SORT_BY_ALIGNMENT(._k_p4wq_initparam.static.*)))
                0x0000000040008ea0                _k_p4wq_initparam_list_end = .

_static_thread_data_area
                0x0000000040008ea0        0x0
                0x0000000040008ea0                __static_thread_data_list_start = .
 *(SORT_BY_NAME(SORT_BY_ALIGNMENT(.__static_thread_data.static.*)))
                0x0000000040008ea0                __static_thread_data_list_end = .

device_deps     0x0000000040008ea0        0x0
                0x0000000040008ea0                __device_deps_start = .
 *(SORT_BY_NAME(SORT_BY_ALIGNMENT(.__device_deps_pass2*)))
                0x0000000040008ea0                __device_deps_end = .

shared_irq_driver_api_area
                0x0000000040008ea0        0x0
                0x0000000040008ea0                _shared_irq_driver_api_list_start = .
 *(SORT_BY_NAME(SORT_BY_ALIGNMENT(._shared_irq_driver_api.static.*)))
                0x0000000040008ea0                _shared_irq_driver_api_list_end = .

crypto_driver_api_area
                0x0000000040008ea0        0x0
                0x0000000040008ea0                _crypto_driver_api_list_start = .
 *(SORT_BY_NAME(SORT_BY_ALIGNMENT(._crypto_driver_api.static.*)))
                0x0000000040008ea0                _crypto_driver_api_list_end = .

adc_driver_api_area
                0x0000000040008ea0        0x0
                0x0000000040008ea0                _adc_driver_api_list_start = .
 *(SORT_BY_NAME(SORT_BY_ALIGNMENT(._adc_driver_api.static.*)))
                0x0000000040008ea0                _adc_driver_api_list_end = .

auxdisplay_driver_api_area
                0x0000000040008ea0        0x0
                0x0000000040008ea0                _auxdisplay_driver_api_list_start = .
 *(SORT_BY_NAME(SORT_BY_ALIGNMENT(._auxdisplay_driver_api.static.*)))
                0x0000000040008ea0                _auxdisplay_driver_api_list_end = .

bbram_driver_api_area
                0x0000000040008ea0        0x0
                0x0000000040008ea0                _bbram_driver_api_list_start = .
 *(SORT_BY_NAME(SORT_BY_ALIGNMENT(._bbram_driver_api.static.*)))
                0x0000000040008ea0                _bbram_driver_api_list_end = .

bt_hci_driver_api_area
                0x0000000040008ea0        0x0
                0x0000000040008ea0                _bt_hci_driver_api_list_start = .
 *(SORT_BY_NAME(SORT_BY_ALIGNMENT(._bt_hci_driver_api.static.*)))
                0x0000000040008ea0                _bt_hci_driver_api_list_end = .

can_driver_api_area
                0x0000000040008ea0        0x0
                0x0000000040008ea0                _can_driver_api_list_start = .
 *(SORT_BY_NAME(SORT_BY_ALIGNMENT(._can_driver_api.static.*)))
                0x0000000040008ea0                _can_driver_api_list_end = .

cellular_driver_api_area
                0x0000000040008ea0        0x0
                0x0000000040008ea0                _cellular_driver_api_list_start = .
 *(SORT_BY_NAME(SORT_BY_ALIGNMENT(._cellular_driver_api.static.*)))
                0x0000000040008ea0                _cellular_driver_api_list_end = .

charger_driver_api_area
                0x0000000040008ea0        0x0
                0x0000000040008ea0                _charger_driver_api_list_start = .
 *(SORT_BY_NAME(SORT_BY_ALIGNMENT(._charger_driver_api.static.*)))
                0x0000000040008ea0                _charger_driver_api_list_end = .

clock_control_driver_api_area
                0x0000000040008ea0        0x0
                0x0000000040008ea0                _clock_control_driver_api_list_start = .
 *(SORT_BY_NAME(SORT_BY_ALIGNMENT(._clock_control_driver_api.static.*)))
                0x0000000040008ea0                _clock_control_driver_api_list_end = .

comparator_driver_api_area
                0x0000000040008ea0        0x0
                0x0000000040008ea0                _comparator_driver_api_list_start = .
 *(SORT_BY_NAME(SORT_BY_ALIGNMENT(._comparator_driver_api.static.*)))
                0x0000000040008ea0                _comparator_driver_api_list_end = .

coredump_driver_api_area
                0x0000000040008ea0        0x0
                0x0000000040008ea0                _coredump_driver_api_list_start = .
 *(SORT_BY_NAME(SORT_BY_ALIGNMENT(._coredump_driver_api.static.*)))
                0x0000000040008ea0                _coredump_driver_api_list_end = .

counter_driver_api_area
                0x0000000040008ea0        0x0
                0x0000000040008ea0                _counter_driver_api_list_start = .
 *(SORT_BY_NAME(SORT_BY_ALIGNMENT(._counter_driver_api.static.*)))
                0x0000000040008ea0                _counter_driver_api_list_end = .

dac_driver_api_area
                0x0000000040008ea0        0x0
                0x0000000040008ea0                _dac_driver_api_list_start = .
 *(SORT_BY_NAME(SORT_BY_ALIGNMENT(._dac_driver_api.static.*)))
                0x0000000040008ea0                _dac_driver_api_list_end = .

dai_driver_api_area
                0x0000000040008ea0        0x0
                0x0000000040008ea0                _dai_driver_api_list_start = .
 *(SORT_BY_NAME(SORT_BY_ALIGNMENT(._dai_driver_api.static.*)))
                0x0000000040008ea0                _dai_driver_api_list_end = .

display_driver_api_area
                0x0000000040008ea0        0x0
                0x0000000040008ea0                _display_driver_api_list_start = .
 *(SORT_BY_NAME(SORT_BY_ALIGNMENT(._display_driver_api.static.*)))
                0x0000000040008ea0                _display_driver_api_list_end = .

dma_driver_api_area
                0x0000000040008ea0        0x0
                0x0000000040008ea0                _dma_driver_api_list_start = .
 *(SORT_BY_NAME(SORT_BY_ALIGNMENT(._dma_driver_api.static.*)))
                0x0000000040008ea0                _dma_driver_api_list_end = .

edac_driver_api_area
                0x0000000040008ea0        0x0
                0x0000000040008ea0                _edac_driver_api_list_start = .
 *(SORT_BY_NAME(SORT_BY_ALIGNMENT(._edac_driver_api.static.*)))
                0x0000000040008ea0                _edac_driver_api_list_end = .

eeprom_driver_api_area
                0x0000000040008ea0        0x0
                0x0000000040008ea0                _eeprom_driver_api_list_start = .
 *(SORT_BY_NAME(SORT_BY_ALIGNMENT(._eeprom_driver_api.static.*)))
                0x0000000040008ea0                _eeprom_driver_api_list_end = .

emul_bbram_driver_api_area
                0x0000000040008ea0        0x0
                0x0000000040008ea0                _emul_bbram_driver_api_list_start = .
 *(SORT_BY_NAME(SORT_BY_ALIGNMENT(._emul_bbram_driver_api.static.*)))
                0x0000000040008ea0                _emul_bbram_driver_api_list_end = .

fuel_gauge_emul_driver_api_area
                0x0000000040008ea0        0x0
                0x0000000040008ea0                _fuel_gauge_emul_driver_api_list_start = .
 *(SORT_BY_NAME(SORT_BY_ALIGNMENT(._fuel_gauge_emul_driver_api.static.*)))
                0x0000000040008ea0                _fuel_gauge_emul_driver_api_list_end = .

emul_sensor_driver_api_area
                0x0000000040008ea0        0x0
                0x0000000040008ea0                _emul_sensor_driver_api_list_start = .
 *(SORT_BY_NAME(SORT_BY_ALIGNMENT(._emul_sensor_driver_api.static.*)))
                0x0000000040008ea0                _emul_sensor_driver_api_list_end = .

entropy_driver_api_area
                0x0000000040008ea0        0x0
                0x0000000040008ea0                _entropy_driver_api_list_start = .
 *(SORT_BY_NAME(SORT_BY_ALIGNMENT(._entropy_driver_api.static.*)))
                0x0000000040008ea0                _entropy_driver_api_list_end = .

espi_driver_api_area
                0x0000000040008ea0        0x0
                0x0000000040008ea0                _espi_driver_api_list_start = .
 *(SORT_BY_NAME(SORT_BY_ALIGNMENT(._espi_driver_api.static.*)))
                0x0000000040008ea0                _espi_driver_api_list_end = .

espi_saf_driver_api_area
                0x0000000040008ea0        0x0
                0x0000000040008ea0                _espi_saf_driver_api_list_start = .
 *(SORT_BY_NAME(SORT_BY_ALIGNMENT(._espi_saf_driver_api.static.*)))
                0x0000000040008ea0                _espi_saf_driver_api_list_end = .

flash_driver_api_area
                0x0000000040008ea0        0x0
                0x0000000040008ea0                _flash_driver_api_list_start = .
 *(SORT_BY_NAME(SORT_BY_ALIGNMENT(._flash_driver_api.static.*)))
                0x0000000040008ea0                _flash_driver_api_list_end = .

fpga_driver_api_area
                0x0000000040008ea0        0x0
                0x0000000040008ea0                _fpga_driver_api_list_start = .
 *(SORT_BY_NAME(SORT_BY_ALIGNMENT(._fpga_driver_api.static.*)))
                0x0000000040008ea0                _fpga_driver_api_list_end = .

fuel_gauge_driver_api_area
                0x0000000040008ea0        0x0
                0x0000000040008ea0                _fuel_gauge_driver_api_list_start = .
 *(SORT_BY_NAME(SORT_BY_ALIGNMENT(._fuel_gauge_driver_api.static.*)))
                0x0000000040008ea0                _fuel_gauge_driver_api_list_end = .

gnss_driver_api_area
                0x0000000040008ea0        0x0
                0x0000000040008ea0                _gnss_driver_api_list_start = .
 *(SORT_BY_NAME(SORT_BY_ALIGNMENT(._gnss_driver_api.static.*)))
                0x0000000040008ea0                _gnss_driver_api_list_end = .

gpio_driver_api_area
                0x0000000040008ea0        0x0
                0x0000000040008ea0                _gpio_driver_api_list_start = .
 *(SORT_BY_NAME(SORT_BY_ALIGNMENT(._gpio_driver_api.static.*)))
                0x0000000040008ea0                _gpio_driver_api_list_end = .

haptics_driver_api_area
                0x0000000040008ea0        0x0
                0x0000000040008ea0                _haptics_driver_api_list_start = .
 *(SORT_BY_NAME(SORT_BY_ALIGNMENT(._haptics_driver_api.static.*)))
                0x0000000040008ea0                _haptics_driver_api_list_end = .

hwspinlock_driver_api_area
                0x0000000040008ea0        0x0
                0x0000000040008ea0                _hwspinlock_driver_api_list_start = .
 *(SORT_BY_NAME(SORT_BY_ALIGNMENT(._hwspinlock_driver_api.static.*)))
                0x0000000040008ea0                _hwspinlock_driver_api_list_end = .

i2c_driver_api_area
                0x0000000040008ea0        0x0
                0x0000000040008ea0                _i2c_driver_api_list_start = .
 *(SORT_BY_NAME(SORT_BY_ALIGNMENT(._i2c_driver_api.static.*)))
                0x0000000040008ea0                _i2c_driver_api_list_end = .

i2c_target_driver_api_area
                0x0000000040008ea0        0x0
                0x0000000040008ea0                _i2c_target_driver_api_list_start = .
 *(SORT_BY_NAME(SORT_BY_ALIGNMENT(._i2c_target_driver_api.static.*)))
                0x0000000040008ea0                _i2c_target_driver_api_list_end = .

i2s_driver_api_area
                0x0000000040008ea0        0x0
                0x0000000040008ea0                _i2s_driver_api_list_start = .
 *(SORT_BY_NAME(SORT_BY_ALIGNMENT(._i2s_driver_api.static.*)))
                0x0000000040008ea0                _i2s_driver_api_list_end = .

i3c_driver_api_area
                0x0000000040008ea0        0x0
                0x0000000040008ea0                _i3c_driver_api_list_start = .
 *(SORT_BY_NAME(SORT_BY_ALIGNMENT(._i3c_driver_api.static.*)))
                0x0000000040008ea0                _i3c_driver_api_list_end = .

ipm_driver_api_area
                0x0000000040008ea0        0x0
                0x0000000040008ea0                _ipm_driver_api_list_start = .
 *(SORT_BY_NAME(SORT_BY_ALIGNMENT(._ipm_driver_api.static.*)))
                0x0000000040008ea0                _ipm_driver_api_list_end = .

led_driver_api_area
                0x0000000040008ea0        0x0
                0x0000000040008ea0                _led_driver_api_list_start = .
 *(SORT_BY_NAME(SORT_BY_ALIGNMENT(._led_driver_api.static.*)))
                0x0000000040008ea0                _led_driver_api_list_end = .

led_strip_driver_api_area
                0x0000000040008ea0        0x0
                0x0000000040008ea0                _led_strip_driver_api_list_start = .
 *(SORT_BY_NAME(SORT_BY_ALIGNMENT(._led_strip_driver_api.static.*)))
                0x0000000040008ea0                _led_strip_driver_api_list_end = .

lora_driver_api_area
                0x0000000040008ea0        0x0
                0x0000000040008ea0                _lora_driver_api_list_start = .
 *(SORT_BY_NAME(SORT_BY_ALIGNMENT(._lora_driver_api.static.*)))
                0x0000000040008ea0                _lora_driver_api_list_end = .

mbox_driver_api_area
                0x0000000040008ea0        0x0
                0x0000000040008ea0                _mbox_driver_api_list_start = .
 *(SORT_BY_NAME(SORT_BY_ALIGNMENT(._mbox_driver_api.static.*)))
                0x0000000040008ea0                _mbox_driver_api_list_end = .

mdio_driver_api_area
                0x0000000040008ea0        0x0
                0x0000000040008ea0                _mdio_driver_api_list_start = .
 *(SORT_BY_NAME(SORT_BY_ALIGNMENT(._mdio_driver_api.static.*)))
                0x0000000040008ea0                _mdio_driver_api_list_end = .

mipi_dbi_driver_api_area
                0x0000000040008ea0        0x0
                0x0000000040008ea0                _mipi_dbi_driver_api_list_start = .
 *(SORT_BY_NAME(SORT_BY_ALIGNMENT(._mipi_dbi_driver_api.static.*)))
                0x0000000040008ea0                _mipi_dbi_driver_api_list_end = .

mipi_dsi_driver_api_area
                0x0000000040008ea0        0x0
                0x0000000040008ea0                _mipi_dsi_driver_api_list_start = .
 *(SORT_BY_NAME(SORT_BY_ALIGNMENT(._mipi_dsi_driver_api.static.*)))
                0x0000000040008ea0                _mipi_dsi_driver_api_list_end = .

mspi_driver_api_area
                0x0000000040008ea0        0x0
                0x0000000040008ea0                _mspi_driver_api_list_start = .
 *(SORT_BY_NAME(SORT_BY_ALIGNMENT(._mspi_driver_api.static.*)))
                0x0000000040008ea0                _mspi_driver_api_list_end = .

peci_driver_api_area
                0x0000000040008ea0        0x0
                0x0000000040008ea0                _peci_driver_api_list_start = .
 *(SORT_BY_NAME(SORT_BY_ALIGNMENT(._peci_driver_api.static.*)))
                0x0000000040008ea0                _peci_driver_api_list_end = .

ps2_driver_api_area
                0x0000000040008ea0        0x0
                0x0000000040008ea0                _ps2_driver_api_list_start = .
 *(SORT_BY_NAME(SORT_BY_ALIGNMENT(._ps2_driver_api.static.*)))
                0x0000000040008ea0                _ps2_driver_api_list_end = .

ptp_clock_driver_api_area
                0x0000000040008ea0        0x0
                0x0000000040008ea0                _ptp_clock_driver_api_list_start = .
 *(SORT_BY_NAME(SORT_BY_ALIGNMENT(._ptp_clock_driver_api.static.*)))
                0x0000000040008ea0                _ptp_clock_driver_api_list_end = .

pwm_driver_api_area
                0x0000000040008ea0        0x0
                0x0000000040008ea0                _pwm_driver_api_list_start = .
 *(SORT_BY_NAME(SORT_BY_ALIGNMENT(._pwm_driver_api.static.*)))
                0x0000000040008ea0                _pwm_driver_api_list_end = .

regulator_parent_driver_api_area
                0x0000000040008ea0        0x0
                0x0000000040008ea0                _regulator_parent_driver_api_list_start = .
 *(SORT_BY_NAME(SORT_BY_ALIGNMENT(._regulator_parent_driver_api.static.*)))
                0x0000000040008ea0                _regulator_parent_driver_api_list_end = .

regulator_driver_api_area
                0x0000000040008ea0        0x0
                0x0000000040008ea0                _regulator_driver_api_list_start = .
 *(SORT_BY_NAME(SORT_BY_ALIGNMENT(._regulator_driver_api.static.*)))
                0x0000000040008ea0                _regulator_driver_api_list_end = .

reset_driver_api_area
                0x0000000040008ea0        0x0
                0x0000000040008ea0                _reset_driver_api_list_start = .
 *(SORT_BY_NAME(SORT_BY_ALIGNMENT(._reset_driver_api.static.*)))
                0x0000000040008ea0                _reset_driver_api_list_end = .

retained_mem_driver_api_area
                0x0000000040008ea0        0x0
                0x0000000040008ea0                _retained_mem_driver_api_list_start = .
 *(SORT_BY_NAME(SORT_BY_ALIGNMENT(._retained_mem_driver_api.static.*)))
                0x0000000040008ea0                _retained_mem_driver_api_list_end = .

rtc_driver_api_area
                0x0000000040008ea0        0x0
                0x0000000040008ea0                _rtc_driver_api_list_start = .
 *(SORT_BY_NAME(SORT_BY_ALIGNMENT(._rtc_driver_api.static.*)))
                0x0000000040008ea0                _rtc_driver_api_list_end = .

sdhc_driver_api_area
                0x0000000040008ea0        0x0
                0x0000000040008ea0                _sdhc_driver_api_list_start = .
 *(SORT_BY_NAME(SORT_BY_ALIGNMENT(._sdhc_driver_api.static.*)))
                0x0000000040008ea0                _sdhc_driver_api_list_end = .

sensor_driver_api_area
                0x0000000040008ea0        0x0
                0x0000000040008ea0                _sensor_driver_api_list_start = .
 *(SORT_BY_NAME(SORT_BY_ALIGNMENT(._sensor_driver_api.static.*)))
                0x0000000040008ea0                _sensor_driver_api_list_end = .

smbus_driver_api_area
                0x0000000040008ea0        0x0
                0x0000000040008ea0                _smbus_driver_api_list_start = .
 *(SORT_BY_NAME(SORT_BY_ALIGNMENT(._smbus_driver_api.static.*)))
                0x0000000040008ea0                _smbus_driver_api_list_end = .

spi_driver_api_area
                0x0000000040008ea0        0x0
                0x0000000040008ea0                _spi_driver_api_list_start = .
 *(SORT_BY_NAME(SORT_BY_ALIGNMENT(._spi_driver_api.static.*)))
                0x0000000040008ea0                _spi_driver_api_list_end = .

stepper_driver_api_area
                0x0000000040008ea0        0x0
                0x0000000040008ea0                _stepper_driver_api_list_start = .
 *(SORT_BY_NAME(SORT_BY_ALIGNMENT(._stepper_driver_api.static.*)))
                0x0000000040008ea0                _stepper_driver_api_list_end = .

syscon_driver_api_area
                0x0000000040008ea0        0x0
                0x0000000040008ea0                _syscon_driver_api_list_start = .
 *(SORT_BY_NAME(SORT_BY_ALIGNMENT(._syscon_driver_api.static.*)))
                0x0000000040008ea0                _syscon_driver_api_list_end = .

tee_driver_api_area
                0x0000000040008ea0        0x0
                0x0000000040008ea0                _tee_driver_api_list_start = .
 *(SORT_BY_NAME(SORT_BY_ALIGNMENT(._tee_driver_api.static.*)))
                0x0000000040008ea0                _tee_driver_api_list_end = .

video_driver_api_area
                0x0000000040008ea0        0x0
                0x0000000040008ea0                _video_driver_api_list_start = .
 *(SORT_BY_NAME(SORT_BY_ALIGNMENT(._video_driver_api.static.*)))
                0x0000000040008ea0                _video_driver_api_list_end = .

w1_driver_api_area
                0x0000000040008ea0        0x0
                0x0000000040008ea0                _w1_driver_api_list_start = .
 *(SORT_BY_NAME(SORT_BY_ALIGNMENT(._w1_driver_api.static.*)))
                0x0000000040008ea0                _w1_driver_api_list_end = .

wdt_driver_api_area
                0x0000000040008ea0        0x0
                0x0000000040008ea0                _wdt_driver_api_list_start = .
 *(SORT_BY_NAME(SORT_BY_ALIGNMENT(._wdt_driver_api.static.*)))
                0x0000000040008ea0                _wdt_driver_api_list_end = .

can_transceiver_driver_api_area
                0x0000000040008ea0        0x0
                0x0000000040008ea0                _can_transceiver_driver_api_list_start = .
 *(SORT_BY_NAME(SORT_BY_ALIGNMENT(._can_transceiver_driver_api.static.*)))
                0x0000000040008ea0                _can_transceiver_driver_api_list_end = .

nrf_clock_control_driver_api_area
                0x0000000040008ea0        0x0
                0x0000000040008ea0                _nrf_clock_control_driver_api_list_start = .
 *(SORT_BY_NAME(SORT_BY_ALIGNMENT(._nrf_clock_control_driver_api.static.*)))
                0x0000000040008ea0                _nrf_clock_control_driver_api_list_end = .

i3c_target_driver_api_area
                0x0000000040008ea0        0x0
                0x0000000040008ea0                _i3c_target_driver_api_list_start = .
 *(SORT_BY_NAME(SORT_BY_ALIGNMENT(._i3c_target_driver_api.static.*)))
                0x0000000040008ea0                _i3c_target_driver_api_list_end = .

its_driver_api_area
                0x0000000040008ea0        0x0
                0x0000000040008ea0                _its_driver_api_list_start = .
 *(SORT_BY_NAME(SORT_BY_ALIGNMENT(._its_driver_api.static.*)))
                0x0000000040008ea0                _its_driver_api_list_end = .

vtd_driver_api_area
                0x0000000040008ea0        0x0
                0x0000000040008ea0                _vtd_driver_api_list_start = .
 *(SORT_BY_NAME(SORT_BY_ALIGNMENT(._vtd_driver_api.static.*)))
                0x0000000040008ea0                _vtd_driver_api_list_end = .

renesas_elc_driver_api_area
                0x0000000040008ea0        0x0
                0x0000000040008ea0                _renesas_elc_driver_api_list_start = .
 *(SORT_BY_NAME(SORT_BY_ALIGNMENT(._renesas_elc_driver_api.static.*)))
                0x0000000040008ea0                _renesas_elc_driver_api_list_end = .

tgpio_driver_api_area
                0x0000000040008ea0        0x0
                0x0000000040008ea0                _tgpio_driver_api_list_start = .
 *(SORT_BY_NAME(SORT_BY_ALIGNMENT(._tgpio_driver_api.static.*)))
                0x0000000040008ea0                _tgpio_driver_api_list_end = .

pcie_ctrl_driver_api_area
                0x0000000040008ea0        0x0
                0x0000000040008ea0                _pcie_ctrl_driver_api_list_start = .
 *(SORT_BY_NAME(SORT_BY_ALIGNMENT(._pcie_ctrl_driver_api.static.*)))
                0x0000000040008ea0                _pcie_ctrl_driver_api_list_end = .

pcie_ep_driver_api_area
                0x0000000040008ea0        0x0
                0x0000000040008ea0                _pcie_ep_driver_api_list_start = .
 *(SORT_BY_NAME(SORT_BY_ALIGNMENT(._pcie_ep_driver_api.static.*)))
                0x0000000040008ea0                _pcie_ep_driver_api_list_end = .

svc_driver_api_area
                0x0000000040008ea0        0x0
                0x0000000040008ea0                _svc_driver_api_list_start = .
 *(SORT_BY_NAME(SORT_BY_ALIGNMENT(._svc_driver_api.static.*)))
                0x0000000040008ea0                _svc_driver_api_list_end = .

uart_driver_api_area
                0x0000000040008ea0       0x98
                0x0000000040008ea0                _uart_driver_api_list_start = .
 *(SORT_BY_NAME(SORT_BY_ALIGNMENT(._uart_driver_api.static.*)))
 ._uart_driver_api.static.pl011_driver_api_
                0x0000000040008ea0       0x98 zephyr/drivers/serial/libdrivers__serial.a(uart_pl011.c.obj)
                0x0000000040008f38                _uart_driver_api_list_end = .

bc12_emul_driver_api_area
                0x0000000040008f38        0x0
                0x0000000040008f38                _bc12_emul_driver_api_list_start = .
 *(SORT_BY_NAME(SORT_BY_ALIGNMENT(._bc12_emul_driver_api.static.*)))
                0x0000000040008f38                _bc12_emul_driver_api_list_end = .

bc12_driver_api_area
                0x0000000040008f38        0x0
                0x0000000040008f38                _bc12_driver_api_list_start = .
 *(SORT_BY_NAME(SORT_BY_ALIGNMENT(._bc12_driver_api.static.*)))
                0x0000000040008f38                _bc12_driver_api_list_end = .

usbc_ppc_driver_api_area
                0x0000000040008f38        0x0
                0x0000000040008f38                _usbc_ppc_driver_api_list_start = .
 *(SORT_BY_NAME(SORT_BY_ALIGNMENT(._usbc_ppc_driver_api.static.*)))
                0x0000000040008f38                _usbc_ppc_driver_api_list_end = .

tcpc_driver_api_area
                0x0000000040008f38        0x0
                0x0000000040008f38                _tcpc_driver_api_list_start = .
 *(SORT_BY_NAME(SORT_BY_ALIGNMENT(._tcpc_driver_api.static.*)))
                0x0000000040008f38                _tcpc_driver_api_list_end = .

usbc_vbus_driver_api_area
                0x0000000040008f38        0x0
                0x0000000040008f38                _usbc_vbus_driver_api_list_start = .
 *(SORT_BY_NAME(SORT_BY_ALIGNMENT(._usbc_vbus_driver_api.static.*)))
                0x0000000040008f38                _usbc_vbus_driver_api_list_end = .

ivshmem_driver_api_area
                0x0000000040008f38        0x0
                0x0000000040008f38                _ivshmem_driver_api_list_start = .
 *(SORT_BY_NAME(SORT_BY_ALIGNMENT(._ivshmem_driver_api.static.*)))
                0x0000000040008f38                _ivshmem_driver_api_list_end = .

ethphy_driver_api_area
                0x0000000040008f38        0x0
                0x0000000040008f38                _ethphy_driver_api_list_start = .
 *(SORT_BY_NAME(SORT_BY_ALIGNMENT(._ethphy_driver_api.static.*)))
                0x0000000040008f38                _ethphy_driver_api_list_end = .

virtio_driver_api_area
                0x0000000040008f38        0x0
                0x0000000040008f38                _virtio_driver_api_list_start = .
 *(SORT_BY_NAME(SORT_BY_ALIGNMENT(._virtio_driver_api.static.*)))
                0x0000000040008f38                _virtio_driver_api_list_end = .

ztest           0x0000000040008f38        0x0
                0x0000000040008f38                _ztest_expected_result_entry_list_start = .
 *(SORT_BY_NAME(SORT_BY_ALIGNMENT(._ztest_expected_result_entry.static.*)))
                0x0000000040008f38                _ztest_expected_result_entry_list_end = .
                0x0000000040008f38                _ztest_suite_node_list_start = .
 *(SORT_BY_NAME(SORT_BY_ALIGNMENT(._ztest_suite_node.static.*)))
                0x0000000040008f38                _ztest_suite_node_list_end = .
                0x0000000040008f38                _ztest_unit_test_list_start = .
 *(SORT_BY_NAME(SORT_BY_ALIGNMENT(._ztest_unit_test.static.*)))
                0x0000000040008f38                _ztest_unit_test_list_end = .
                0x0000000040008f38                _ztest_test_rule_list_start = .
 *(SORT_BY_NAME(SORT_BY_ALIGNMENT(._ztest_test_rule.static.*)))
                0x0000000040008f38                _ztest_test_rule_list_end = .

init_array      0x0000000040008f38        0x0
                0x0000000040008f38                __zephyr_init_array_start = .
 *(SORT_BY_INIT_PRIORITY(.init_array.*) SORT_BY_INIT_PRIORITY(.ctors.*))
 *(SORT_BY_ALIGNMENT(.init_array) SORT_BY_ALIGNMENT(.ctors))
                0x0000000040008f38                __zephyr_init_array_end = .
                0x0000000000000001                ASSERT ((__zephyr_init_array_start == __zephyr_init_array_end), GNU-style constructors required but STATIC_INIT_GNU not enabled)

bt_l2cap_fixed_chan_area
                0x0000000040008f38        0x0
                0x0000000040008f38                _bt_l2cap_fixed_chan_list_start = .
 *(SORT_BY_NAME(SORT_BY_ALIGNMENT(._bt_l2cap_fixed_chan.static.*)))
                0x0000000040008f38                _bt_l2cap_fixed_chan_list_end = .

bt_gatt_service_static_area
                0x0000000040008f38        0x0
                0x0000000040008f38                _bt_gatt_service_static_list_start = .
 *(SORT_BY_NAME(SORT_BY_ALIGNMENT(._bt_gatt_service_static.static.*)))
                0x0000000040008f38                _bt_gatt_service_static_list_end = .

log_strings_area
                0x0000000040008f38        0x0
                0x0000000040008f38                _log_strings_list_start = .
 *(SORT_BY_NAME(SORT_BY_ALIGNMENT(._log_strings.static.*)))
                0x0000000040008f38                _log_strings_list_end = .

log_stmesp_ptr_area
                0x0000000040008f38        0x0
                0x0000000040008f38                _log_stmesp_ptr_list_start = .
 *(SORT_BY_NAME(SORT_BY_ALIGNMENT(._log_stmesp_ptr.static.*)))
                0x0000000040008f38                _log_stmesp_ptr_list_end = .

log_stmesp_str_area
                0x0000000040008f38        0x0
                0x0000000040008f38                _log_stmesp_str_list_start = .
 *(SORT_BY_NAME(SORT_BY_ALIGNMENT(._log_stmesp_str.static.*)))
                0x0000000040008f38                _log_stmesp_str_list_end = .

log_const_area  0x0000000040008f38        0x0
                0x0000000040008f38                _log_const_list_start = .
 *(SORT_BY_NAME(SORT_BY_ALIGNMENT(._log_const.static.*)))
                0x0000000040008f38                _log_const_list_end = .

log_backend_area
                0x0000000040008f38        0x0
                0x0000000040008f38                _log_backend_list_start = .
 *(SORT_BY_NAME(SORT_BY_ALIGNMENT(._log_backend.static.*)))
                0x0000000040008f38                _log_backend_list_end = .

log_link_area   0x0000000040008f38        0x0
                0x0000000040008f38                _log_link_list_start = .
 *(SORT_BY_NAME(SORT_BY_ALIGNMENT(._log_link.static.*)))
                0x0000000040008f38                _log_link_list_end = .

tracing_backend_area
                0x0000000040008f38        0x0
                0x0000000040008f38                _tracing_backend_list_start = .
 *(SORT_BY_NAME(SORT_BY_ALIGNMENT(._tracing_backend.static.*)))
                0x0000000040008f38                _tracing_backend_list_end = .

zephyr_dbg_info
 *(SORT_BY_ALIGNMENT(.dbg_thread_info))

intc_table_area
                0x0000000040008f38        0x0
                0x0000000040008f38                _intc_table_list_start = .
 *(SORT_BY_NAME(SORT_BY_ALIGNMENT(._intc_table.static.*)))
                0x0000000040008f38                _intc_table_list_end = .

symbol_to_keep  0x0000000040008f38        0x0
                0x0000000040008f38                __symbol_to_keep_start = .
 *(SORT_BY_NAME(SORT_BY_ALIGNMENT(.symbol_to_keep*)))
                0x0000000040008f38                __symbol_to_keep_end = .

shell_area      0x0000000040008f38        0x0
                0x0000000040008f38                _shell_list_start = .
 *(SORT_BY_NAME(SORT_BY_ALIGNMENT(._shell.static.*)))
                0x0000000040008f38                _shell_list_end = .

shell_root_cmds_area
                0x0000000040008f38        0x0
                0x0000000040008f38                _shell_root_cmds_list_start = .
 *(SORT_BY_NAME(SORT_BY_ALIGNMENT(._shell_root_cmds.static.*)))
                0x0000000040008f38                _shell_root_cmds_list_end = .

shell_subcmds_area
                0x0000000040008f38        0x0
                0x0000000040008f38                _shell_subcmds_list_start = .
 *(SORT_BY_NAME(SORT_BY_ALIGNMENT(._shell_subcmds.static.*)))
                0x0000000040008f38                _shell_subcmds_list_end = .

shell_dynamic_subcmds_area
                0x0000000040008f38        0x0
                0x0000000040008f38                _shell_dynamic_subcmds_list_start = .
 *(SORT_BY_NAME(SORT_BY_ALIGNMENT(._shell_dynamic_subcmds.static.*)))
                0x0000000040008f38                _shell_dynamic_subcmds_list_end = .

cfb_font_area   0x0000000040008f38        0x0
                0x0000000040008f38                _cfb_font_list_start = .
 *(SORT_BY_NAME(SORT_BY_ALIGNMENT(._cfb_font.static.*)))
                0x0000000040008f38                _cfb_font_list_end = .

tdata           0x0000000040008f38        0x0
 *(SORT_BY_ALIGNMENT(.tdata) SORT_BY_ALIGNMENT(.tdata.*) SORT_BY_ALIGNMENT(.gnu.linkonce.td.*))

tbss            0x0000000040008f38        0x8
 *(SORT_BY_ALIGNMENT(.tbss) SORT_BY_ALIGNMENT(.tbss.*) SORT_BY_ALIGNMENT(.gnu.linkonce.tb.*) SORT_BY_ALIGNMENT(.tcommon))
 .tbss.z_tls_current
                0x0000000040008f38        0x8 zephyr/libzephyr.a(thread_entry.c.obj)
                0x0000000040008f38                z_tls_current
                0x0000000040008f38                PROVIDE (__tdata_start = ADDR (tdata))
                0x0000000000000001                PROVIDE (__tdata_align = ALIGNOF (tdata))
                0x0000000000000000                PROVIDE (__tdata_size = (((SIZEOF (tdata) + __tdata_align) - 0x1) & ~ ((__tdata_align - 0x1))))
                [!provide]                        PROVIDE (__tdata_end = (__tdata_start + __tdata_size))
                0x0000000000000008                PROVIDE (__tbss_align = ALIGNOF (tbss))
                [!provide]                        PROVIDE (__tbss_start = ADDR (tbss))
                0x0000000000000008                PROVIDE (__tbss_size = (((SIZEOF (tbss) + __tbss_align) - 0x1) & ~ ((__tbss_align - 0x1))))
                [!provide]                        PROVIDE (__tbss_end = (__tbss_start + __tbss_size))
                [!provide]                        PROVIDE (__tls_start = __tdata_start)
                [!provide]                        PROVIDE (__tls_end = __tbss_end)
                [!provide]                        PROVIDE (__tls_size = (__tbss_end - __tdata_start))

rodata          0x0000000040008f38      0x79f
 *(SORT_BY_ALIGNMENT(.rodata))
 *(SORT_BY_ALIGNMENT(.rodata.*))
 .rodata.mmu_config
                0x0000000040008f38       0x10 zephyr/libzephyr.a(mmu_regions.c.obj)
                0x0000000040008f38                mmu_config
 .rodata.mmu_regions
                0x0000000040008f48       0x50 zephyr/libzephyr.a(mmu_regions.c.obj)
 .rodata.mmu_zephyr_ranges
                0x0000000040008f98       0x60 zephyr/arch/arch/arm64/core/libarch__arm64__core.a(mmu.c.obj)
 .rodata.levels.0
                0x0000000040008ff8       0x30 zephyr/kernel/libkernel.a(init.c.obj)
 .rodata.DOUBLE_POW5_TABLE
                0x0000000040009028       0xd0 /home/emina/zephyr-sdk-0.17.1/aarch64-zephyr-elf/bin/../lib/gcc/../../picolibc/aarch64-zephyr-elf/lib/./libc.a(libc_tinystdio_ryu_table.c.o)
 .rodata.DOUBLE_POW5_SPLIT2
                0x00000000400090f8       0xd0 /home/emina/zephyr-sdk-0.17.1/aarch64-zephyr-elf/bin/../lib/gcc/../../picolibc/aarch64-zephyr-elf/lib/./libc.a(libc_tinystdio_ryu_table.c.o)
 .rodata.DOUBLE_POW5_INV_SPLIT2
                0x00000000400091c8       0xf0 /home/emina/zephyr-sdk-0.17.1/aarch64-zephyr-elf/bin/../lib/gcc/../../picolibc/aarch64-zephyr-elf/lib/./libc.a(libc_tinystdio_ryu_table.c.o)
 .rodata.POW5_OFFSETS
                0x00000000400092b8       0x54 /home/emina/zephyr-sdk-0.17.1/aarch64-zephyr-elf/bin/../lib/gcc/../../picolibc/aarch64-zephyr-elf/lib/./libc.a(libc_tinystdio_ryu_table.c.o)
 .rodata.POW5_INV_OFFSETS
                0x000000004000930c       0x58 /home/emina/zephyr-sdk-0.17.1/aarch64-zephyr-elf/bin/../lib/gcc/../../picolibc/aarch64-zephyr-elf/lib/./libc.a(libc_tinystdio_ryu_table.c.o)
 .rodata.CSWTCH.76
                0x0000000040009364        0xc zephyr/arch/arch/arm64/core/libarch__arm64__core.a(mmu.c.obj)
 .rodata.main.str1.1
                0x0000000040009370       0xdc app/libapp.a(main.c.obj)
 .rodata.print_time.str1.1
                0x000000004000944c        0xe app/libapp.a(queue_demo.c.obj)
 .rodata.queue_consumer_task.str1.1
                0x000000004000945a       0x45 app/libapp.a(queue_demo.c.obj)
 .rodata.queue_producer_task.str1.1
                0x000000004000949f       0x4b app/libapp.a(queue_demo.c.obj)
 .rodata.queue_demo_init.str1.1
                0x00000000400094ea       0x77 app/libapp.a(queue_demo.c.obj)
 .rodata.print_time.str1.1
                0x0000000040009561        0xe app/libapp.a(pipe_demo.c.obj)
 .rodata.pipe_consumer_task.str1.1
                0x0000000040009561       0x15 app/libapp.a(pipe_demo.c.obj)
                                         0x41 (size before relaxing)
 .rodata.pipe_producer_task.str1.1
                0x0000000040009576       0x51 app/libapp.a(pipe_demo.c.obj)
                                         0x63 (size before relaxing)
 .rodata.pipe_demo_init.str1.1
                0x00000000400095c7       0x68 app/libapp.a(pipe_demo.c.obj)
 .rodata.str1.1
                0x000000004000962f        0x4 zephyr/libzephyr.a(mmu_regions.c.obj)
 .rodata.str1.1
                0x0000000040009633       0x26 zephyr/arch/arch/arm64/core/libarch__arm64__core.a(mmu.c.obj)
 .rodata.str1.1
                0x0000000040009659       0x1d zephyr/drivers/interrupt_controller/libdrivers__interrupt_controller.a(intc_gicv3.c.obj)
 .rodata.str1.1
                0x0000000040009676        0xd zephyr/drivers/serial/libdrivers__serial.a(uart_pl011.c.obj)
 .rodata.z_init_cpu.str1.1
                0x0000000040009683        0x5 zephyr/kernel/libkernel.a(init.c.obj)
 .rodata.z_cstart.str1.1
                0x0000000040009688        0x5 zephyr/kernel/libkernel.a(init.c.obj)
 .rodata.boot_banner.str1.1
                0x000000004000968d       0x3b zephyr/kernel/libkernel.a(banner.c.obj)
 .rodata.vfprintf.str1.1
                0x00000000400096c8        0xf /home/emina/zephyr-sdk-0.17.1/aarch64-zephyr-elf/bin/../lib/gcc/../../picolibc/aarch64-zephyr-elf/lib/./libc.a(libc_tinystdio_vfprintf.c.o)
 *(SORT_BY_ALIGNMENT(.gnu.linkonce.r.*))
 *(SORT_BY_ALIGNMENT(.got))
 *(SORT_BY_ALIGNMENT(.got.plt))

/DISCARD/
 *(SORT_BY_ALIGNMENT(.eh_frame))
                0x000000004000a000                . = ALIGN (_region_min_align)
                0x000000004000a000                __rodata_region_end = .
                0x0000000000002000                __rodata_region_size = (__rodata_region_end - __rodata_region_start)
                0x000000004000a000                __rom_region_end = .

/DISCARD/
 *(SORT_BY_ALIGNMENT(.igot.plt))
 *(SORT_BY_ALIGNMENT(.igot))
                0x000000004000a000                . = ALIGN (_region_min_align)
                0x000000004000a000                _image_ram_start = .
                0x000000004000a000                __kernel_ram_start = .
                0x000000004000a000                __data_region_start = .

datas           0x00000000400096d8      0x9d4
                0x000000004000a000                . = ALIGN (_region_min_align)
 *fill*         0x00000000400096d8      0x928 
                0x000000004000a000                __data_start = .
 *(SORT_BY_ALIGNMENT(.data))
 *(SORT_BY_ALIGNMENT(.data.*))
 .data._char_out
                0x000000004000a000        0x8 zephyr/libzephyr.a(printk.c.obj)
 .data.__stdout
                0x000000004000a008       0x20 zephyr/lib/libc/picolibc/liblib__libc__picolibc.a(stdio.c.obj)
 .data.pl011_data_port_0
                0x000000004000a028       0x30 zephyr/drivers/serial/libdrivers__serial.a(uart_pl011.c.obj)
 .data.pl011_cfg_port_0
                0x000000004000a058       0x30 zephyr/drivers/serial/libdrivers__serial.a(uart_pl011.c.obj)
 .data.timeout_list
                0x000000004000a088       0x10 zephyr/kernel/libkernel.a(timeout.c.obj)
 .data.virt_region_bitmap
                0x000000004000a098       0x10 zephyr/kernel/libkernel.a(mmu.c.obj)
 .data.slice_ticks
                0x000000004000a0a8        0x4 zephyr/kernel/libkernel.a(timeslicing.c.obj)
 *(SORT_BY_ALIGNMENT(.kernel.*))
                0x000000004000a0ac                __data_end = .
                0x00000000000000ac                __data_size = (__data_end - __data_start)
                0x00000000400096d8                __data_load_start = LOADADDR (datas)

device_states   0x000000004000a0ac        0x4
                0x000000004000a0ac                . = ALIGN (0x4)
                0x000000004000a0ac                __device_states_start = .
 *(SORT_BY_ALIGNMENT(.z_devstate))
 .z_devstate    0x000000004000a0ac        0x2 zephyr/drivers/interrupt_controller/libdrivers__interrupt_controller.a(intc_gicv3.c.obj)
 .z_devstate    0x000000004000a0ae        0x2 zephyr/drivers/serial/libdrivers__serial.a(uart_pl011.c.obj)
 *(SORT_BY_ALIGNMENT(.z_devstate.*))
                0x000000004000a0b0                __device_states_end = .
                0x000000004000a0b0                . = ALIGN (0x4)

log_mpsc_pbuf_area
                0x000000004000a0b0        0x0
                0x000000004000a0b0                _log_mpsc_pbuf_list_start = .
 *(SORT_BY_NAME(SORT_BY_ALIGNMENT(._log_mpsc_pbuf.static.*)))
                0x000000004000a0b0                _log_mpsc_pbuf_list_end = .

log_msg_ptr_area
                0x000000004000a0b0        0x0
                0x000000004000a0b0                _log_msg_ptr_list_start = .
 *(SORT_BY_NAME(SORT_BY_ALIGNMENT(._log_msg_ptr.static.*)))
                0x000000004000a0b0                _log_msg_ptr_list_end = .

log_dynamic_area
                0x000000004000a0b0        0x0
                0x000000004000a0b0                _log_dynamic_list_start = .
 *(SORT_BY_NAME(SORT_BY_ALIGNMENT(._log_dynamic.static.*)))
                0x000000004000a0b0                _log_dynamic_list_end = .

k_timer_area    0x000000004000a0b0        0x0
                0x000000004000a0b0                _k_timer_list_start = .
 *(SORT_BY_NAME(SORT_BY_ALIGNMENT(._k_timer.static.*)))
                0x000000004000a0b0                _k_timer_list_end = .

k_mem_slab_area
                0x000000004000a0b0        0x0
                0x000000004000a0b0                _k_mem_slab_list_start = .
 *(SORT_BY_NAME(SORT_BY_ALIGNMENT(._k_mem_slab.static.*)))
                0x000000004000a0b0                _k_mem_slab_list_end = .

k_heap_area     0x000000004000a0b0       0x28
                0x000000004000a0b0                _k_heap_list_start = .
 *(SORT_BY_NAME(SORT_BY_ALIGNMENT(._k_heap.static.*)))
 ._k_heap.static._system_heap_
                0x000000004000a0b0       0x28 zephyr/kernel/libkernel.a(mempool.c.obj)
                0x000000004000a0b0                _system_heap
                0x000000004000a0d8                _k_heap_list_end = .

k_mutex_area    0x000000004000a0d8        0x0
                0x000000004000a0d8                _k_mutex_list_start = .
 *(SORT_BY_NAME(SORT_BY_ALIGNMENT(._k_mutex.static.*)))
                0x000000004000a0d8                _k_mutex_list_end = .

k_stack_area    0x000000004000a0d8        0x0
                0x000000004000a0d8                _k_stack_list_start = .
 *(SORT_BY_NAME(SORT_BY_ALIGNMENT(._k_stack.static.*)))
                0x000000004000a0d8                _k_stack_list_end = .

k_msgq_area     0x000000004000a0d8       0x48
                0x000000004000a0d8                _k_msgq_list_start = .
 *(SORT_BY_NAME(SORT_BY_ALIGNMENT(._k_msgq.static.*)))
 ._k_msgq.static.counter_msgq_
                0x000000004000a0d8       0x48 app/libapp.a(queue_demo.c.obj)
                0x000000004000a0d8                counter_msgq
                0x000000004000a120                _k_msgq_list_end = .

k_mbox_area     0x000000004000a120        0x0
                0x000000004000a120                _k_mbox_list_start = .
 *(SORT_BY_NAME(SORT_BY_ALIGNMENT(._k_mbox.static.*)))
                0x000000004000a120                _k_mbox_list_end = .

k_pipe_area     0x000000004000a120       0x50
                0x000000004000a120                _k_pipe_list_start = .
 *(SORT_BY_NAME(SORT_BY_ALIGNMENT(._k_pipe.static.*)))
 ._k_pipe.static.counter_pipe_
                0x000000004000a120       0x50 app/libapp.a(pipe_demo.c.obj)
                0x000000004000a120                counter_pipe
                0x000000004000a170                _k_pipe_list_end = .

k_sem_area      0x000000004000a170        0x0
                0x000000004000a170                _k_sem_list_start = .
 *(SORT_BY_NAME(SORT_BY_ALIGNMENT(._k_sem.static.*)))
                0x000000004000a170                _k_sem_list_end = .

k_event_area    0x000000004000a170        0x0
                0x000000004000a170                _k_event_list_start = .
 *(SORT_BY_NAME(SORT_BY_ALIGNMENT(._k_event.static.*)))
                0x000000004000a170                _k_event_list_end = .

k_queue_area    0x000000004000a170        0x0
                0x000000004000a170                _k_queue_list_start = .
 *(SORT_BY_NAME(SORT_BY_ALIGNMENT(._k_queue.static.*)))
                0x000000004000a170                _k_queue_list_end = .

k_fifo_area     0x000000004000a170        0x0
                0x000000004000a170                _k_fifo_list_start = .
 *(SORT_BY_NAME(SORT_BY_ALIGNMENT(._k_fifo.static.*)))
                0x000000004000a170                _k_fifo_list_end = .

k_lifo_area     0x000000004000a170        0x0
                0x000000004000a170                _k_lifo_list_start = .
 *(SORT_BY_NAME(SORT_BY_ALIGNMENT(._k_lifo.static.*)))
                0x000000004000a170                _k_lifo_list_end = .

k_condvar_area  0x000000004000a170        0x0
                0x000000004000a170                _k_condvar_list_start = .
 *(SORT_BY_NAME(SORT_BY_ALIGNMENT(._k_condvar.static.*)))
                0x000000004000a170                _k_condvar_list_end = .

sys_mem_blocks_ptr_area
                0x000000004000a170        0x0
                0x000000004000a170                _sys_mem_blocks_ptr_list_start = .
 *(SORT_BY_NAME(SORT_BY_ALIGNMENT(._sys_mem_blocks_ptr.static.*)))
                0x000000004000a170                _sys_mem_blocks_ptr_list_end = .

net_buf_pool_area
                0x000000004000a170        0x0
                0x000000004000a170                _net_buf_pool_list_start = .
 *(SORT_BY_NAME(SORT_BY_ALIGNMENT(._net_buf_pool.static.*)))
                0x000000004000a170                _net_buf_pool_list_end = .