Archive member included to satisfy reference by file (symbol)

app/libapp.a(main.c.obj)      (--whole-archive)
zephyr/libzephyr.a(heap.c.obj)
                              (--whole-archive)
zephyr/libzephyr.a(cbprintf_packaged.c.obj)
                              (--whole-archive)
zephyr/libzephyr.a(printk.c.obj)
                              (--whole-archive)
zephyr/libzephyr.a(sem.c.obj)
                              (--whole-archive)
zephyr/libzephyr.a(thread_entry.c.obj)
                              (--whole-archive)
zephyr/libzephyr.a(cbprintf_complete.c.obj)
                              (--whole-archive)
zephyr/libzephyr.a(assert.c.obj)
                              (--whole-archive)
zephyr/libzephyr.a(mpsc_pbuf.c.obj)
                              (--whole-archive)
zephyr/libzephyr.a(dec.c.obj)
                              (--whole-archive)
zephyr/libzephyr.a(hex.c.obj)
                              (--whole-archive)
zephyr/libzephyr.a(rb.c.obj)  (--whole-archive)
zephyr/libzephyr.a(timeutil.c.obj)
                              (--whole-archive)
zephyr/libzephyr.a(bitarray.c.obj)
                              (--whole-archive)
zephyr/libzephyr.a(ring_buffer.c.obj)
                              (--whole-archive)
zephyr/libzephyr.a(configs.c.obj)
                              (--whole-archive)
zephyr/libzephyr.a(mmu_regions.c.obj)
                              (--whole-archive)
zephyr/libzephyr.a(log_core.c.obj)
                              (--whole-archive)
zephyr/libzephyr.a(log_mgmt.c.obj)
                              (--whole-archive)
zephyr/libzephyr.a(log_cache.c.obj)
                              (--whole-archive)
zephyr/libzephyr.a(log_msg.c.obj)
                              (--whole-archive)
zephyr/libzephyr.a(log_output.c.obj)
                              (--whole-archive)
zephyr/libzephyr.a(log_backend_uart.c.obj)
                              (--whole-archive)
zephyr/libzephyr.a(tracing_none.c.obj)
                              (--whole-archive)
zephyr/arch/common/libarch__common.a(sw_isr_common.c.obj)
                              (--whole-archive)
zephyr/arch/arch/arm64/core/libarch__arm64__core.a(cpu_idle.S.obj)
                              (--whole-archive)
zephyr/arch/arch/arm64/core/libarch__arm64__core.a(early_mem_funcs.S.obj)
                              (--whole-archive)
zephyr/arch/arch/arm64/core/libarch__arm64__core.a(fatal.c.obj)
                              (--whole-archive)
zephyr/arch/arch/arm64/core/libarch__arm64__core.a(irq_init.c.obj)
                              (--whole-archive)
zephyr/arch/arch/arm64/core/libarch__arm64__core.a(irq_manage.c.obj)
                              (--whole-archive)
zephyr/arch/arch/arm64/core/libarch__arm64__core.a(prep_c.c.obj)
                              (--whole-archive)
zephyr/arch/arch/arm64/core/libarch__arm64__core.a(reboot.c.obj)
                              (--whole-archive)
zephyr/arch/arch/arm64/core/libarch__arm64__core.a(reset.S.obj)
                              (--whole-archive)
zephyr/arch/arch/arm64/core/libarch__arm64__core.a(reset.c.obj)
                              (--whole-archive)
zephyr/arch/arch/arm64/core/libarch__arm64__core.a(switch.S.obj)
                              (--whole-archive)
zephyr/arch/arch/arm64/core/libarch__arm64__core.a(thread.c.obj)
                              (--whole-archive)
zephyr/arch/arch/arm64/core/libarch__arm64__core.a(vector_table.S.obj)
                              (--whole-archive)
zephyr/arch/arch/arm64/core/libarch__arm64__core.a(fpu.c.obj)
                              (--whole-archive)
zephyr/arch/arch/arm64/core/libarch__arm64__core.a(fpu.S.obj)
                              (--whole-archive)
zephyr/arch/arch/arm64/core/libarch__arm64__core.a(mmu.c.obj)
                              (--whole-archive)
zephyr/arch/arch/arm64/core/libarch__arm64__core.a(mmu.S.obj)
                              (--whole-archive)
zephyr/arch/arch/arm64/core/libarch__arm64__core.a(isr_wrapper.S.obj)
                              (--whole-archive)
zephyr/arch/arch/arm64/core/libarch__arm64__core.a(tls.c.obj)
                              (--whole-archive)
zephyr/arch/arch/arm64/core/libarch__arm64__core.a(smccc-call.S.obj)
                              (--whole-archive)
zephyr/arch/arch/arm64/core/libarch__arm64__core.a(header.S.obj)
                              (--whole-archive)
zephyr/lib/libc/picolibc/liblib__libc__picolibc.a(assert.c.obj)
                              (--whole-archive)
zephyr/lib/libc/picolibc/liblib__libc__picolibc.a(cbprintf.c.obj)
                              (--whole-archive)
zephyr/lib/libc/picolibc/liblib__libc__picolibc.a(chk_fail.c.obj)
                              (--whole-archive)
zephyr/lib/libc/picolibc/liblib__libc__picolibc.a(errno_wrap.c.obj)
                              (--whole-archive)
zephyr/lib/libc/picolibc/liblib__libc__picolibc.a(exit.c.obj)
                              (--whole-archive)
[...]
Memory Configuration

Name             Origin             Length             Attributes
FLASH            0x0000000000200000 0x0000000000000000 xr
RAM              0x0000000000200000 0x0000000000080000 xw
IDT_LIST         0x00000000ffff8000 0x0000000000008000 xw
*default*        0x0000000000000000 0xffffffffffffffff

Linker script and memory map

                0x0000000000208b14                vfprintf = __d_vfprintf
                0x0000000000000000                vfscanf = __d_vfscanf
LOAD zephyr/CMakeFiles/zephyr_final.dir/misc/empty_file.c.obj
LOAD zephyr/CMakeFiles/zephyr_final.dir/isr_tables.c.obj
LOAD zephyr/CMakeFiles/offsets.dir/./arch/arm64/core/offsets/offsets.c.obj
LOAD app/libapp.a
LOAD zephyr/libzephyr.a
LOAD zephyr/arch/common/libarch__common.a
LOAD zephyr/arch/arch/arm64/core/libarch__arm64__core.a
LOAD zephyr/lib/libc/picolibc/liblib__libc__picolibc.a
LOAD zephyr/lib/libc/common/liblib__libc__common.a
LOAD zephyr/drivers/interrupt_controller/libdrivers__interrupt_controller.a
LOAD zephyr/drivers/console/libdrivers__console.a
LOAD zephyr/drivers/gpio/libdrivers__gpio.a
LOAD zephyr/drivers/serial/libdrivers__serial.a
LOAD zephyr/drivers/timer/libdrivers__timer.a
LOAD zephyr/kernel/libkernel.a
LOAD zephyr/arch/common/libisr_tables.a
LOAD /home/emina/zephyr-sdk-0.17.1/aarch64-zephyr-elf/bin/../lib/gcc/../../picolibc/aarch64-zephyr-elf/lib/./libc.a
LOAD /home/emina/zephyr-sdk-0.17.1/aarch64-zephyr-elf/bin/../lib/gcc/aarch64-zephyr-elf/12.2.0/libgcc.a
                0x0000000000001000                _region_min_align = 0x1000

.rel.plt        0x0000000000000000        0x0
 *(SORT_BY_ALIGNMENT(.rel.plt))
                [!provide]                        PROVIDE (__rel_iplt_start = .)
 *(SORT_BY_ALIGNMENT(.rel.iplt))
                [!provide]                        PROVIDE (__rel_iplt_end = .)

.rela.plt       0x0000000000200000        0x0
 *(SORT_BY_ALIGNMENT(.rela.plt))
                [!provide]                        PROVIDE (__rela_iplt_start = .)
 *(SORT_BY_ALIGNMENT(.rela.iplt))
 .rela.iplt     0x0000000000200000        0x0 zephyr/CMakeFiles/zephyr_final.dir/isr_tables.c.obj
                [!provide]                        PROVIDE (__rela_iplt_end = .)

.rel.dyn
 *(SORT_BY_ALIGNMENT(.rel.*))

.rela.dyn       0x0000000000200000        0x0
 *(SORT_BY_ALIGNMENT(.rela.*))
 .rela.text.cbvprintf_package
                0x0000000000200000        0x0 zephyr/CMakeFiles/zephyr_final.dir/isr_tables.c.obj
 .rela.text.cbprintf_package_convert
                0x0000000000200000        0x0 zephyr/CMakeFiles/zephyr_final.dir/isr_tables.c.obj
 .rela.data._char_out
                0x0000000000200000        0x0 zephyr/CMakeFiles/zephyr_final.dir/isr_tables.c.obj
 .rela.text.activate_foreach_backend
                0x0000000000200000        0x0 zephyr/CMakeFiles/zephyr_final.dir/isr_tables.c.obj
 .rela.text.z_log_init
                0x0000000000200000        0x0 zephyr/CMakeFiles/zephyr_final.dir/isr_tables.c.obj
 .rela.text.dropped_notify
                0x0000000000200000        0x0 zephyr/CMakeFiles/zephyr_final.dir/isr_tables.c.obj
 .rela.text.log_core_init
                0x0000000000200000        0x0 zephyr/CMakeFiles/zephyr_final.dir/isr_tables.c.obj
 .rela.text.z_impl_log_process
                0x0000000000200000        0x0 zephyr/CMakeFiles/zephyr_final.dir/isr_tables.c.obj
 .rela.text.z_impl_log_panic
                0x0000000000200000        0x0 zephyr/CMakeFiles/zephyr_final.dir/isr_tables.c.obj
 .rela.text.log_process_thread_func
                0x0000000000200000        0x0 zephyr/CMakeFiles/zephyr_final.dir/isr_tables.c.obj
 .rela.text.log_source_name_get
                0x0000000000200000        0x0 zephyr/CMakeFiles/zephyr_final.dir/isr_tables.c.obj
 .rela.text.log_msg_get_source_id
                0x0000000000200000        0x0 zephyr/CMakeFiles/zephyr_final.dir/isr_tables.c.obj
 .rela.rodata.mmu_zephyr_ranges
                0x0000000000200000        0x0 zephyr/CMakeFiles/zephyr_final.dir/isr_tables.c.obj
 .rela.text.arch_tls_stack_setup
                0x0000000000200000        0x0 zephyr/CMakeFiles/zephyr_final.dir/isr_tables.c.obj
 .rela.image_header._image_header_section
                0x0000000000200000        0x0 zephyr/CMakeFiles/zephyr_final.dir/isr_tables.c.obj
 .rela.text.bg_thread_main
                0x0000000000200000        0x0 zephyr/CMakeFiles/zephyr_final.dir/isr_tables.c.obj
 .rela.text.z_bss_zero
                0x0000000000200000        0x0 zephyr/CMakeFiles/zephyr_final.dir/isr_tables.c.obj
 .rela.rodata.levels.0
                0x0000000000200000        0x0 zephyr/CMakeFiles/zephyr_final.dir/isr_tables.c.obj
 .rela.text.virt_region_free
                0x0000000000200000        0x0 zephyr/CMakeFiles/zephyr_final.dir/isr_tables.c.obj
 .rela.text.virt_region_alloc
                0x0000000000200000        0x0 zephyr/CMakeFiles/zephyr_final.dir/isr_tables.c.obj
 .rela.text.z_mem_manage_init
                0x0000000000200000        0x0 zephyr/CMakeFiles/zephyr_final.dir/isr_tables.c.obj

/DISCARD/
 *(SORT_BY_ALIGNMENT(.plt))

/DISCARD/
 *(SORT_BY_ALIGNMENT(.iplt))
                0x0000000000200000                __rom_region_start = 0x200000

text            0x0000000000200000     0xb000
                0x0000000000200000                __text_region_start = .
                0x0000000000200000                z_mapped_start = .
 *(SORT_BY_ALIGNMENT(.image_header))
 *(SORT_BY_ALIGNMENT(.image_header.*))
 .image_header._image_header_section
                0x0000000000200000       0x40 zephyr/arch/arch/arm64/core/libarch__arm64__core.a(header.S.obj)
                0x0000000000200040                _vector_start = .
 *(SORT_BY_ALIGNMENT(.exc_vector_table))
 *(SORT_BY_ALIGNMENT(.exc_vector_table.*))
 *fill*         0x0000000000200040      0x7c0 
 .exc_vector_table._vector_table_section
                0x0000000000200800      0x784 zephyr/arch/arch/arm64/core/libarch__arm64__core.a(vector_table.S.obj)
                0x0000000000200800                _vector_table
 *(SORT_BY_ALIGNMENT(.vectors))
                0x0000000000200f84                _vector_end = .
 *(SORT_BY_ALIGNMENT(.text))
 *fill*         0x0000000000200f84        0xc 
 .text          0x0000000000200f90       0x2c /home/emina/zephyr-sdk-0.17.1/aarch64-zephyr-elf/bin/../lib/gcc/aarch64-zephyr-elf/12.2.0/libgcc.a(swp_8_4.o)
                0x0000000000200f90                __aarch64_swp8_acq_rel
 *fill*         0x0000000000200fbc        0x4 
 .text          0x0000000000200fc0       0x30 /home/emina/zephyr-sdk-0.17.1/aarch64-zephyr-elf/bin/../lib/gcc/aarch64-zephyr-elf/12.2.0/libgcc.a(ldadd_8_4.o)
                0x0000000000200fc0                __aarch64_ldadd8_acq_rel
 .text          0x0000000000200ff0       0x3c /home/emina/zephyr-sdk-0.17.1/aarch64-zephyr-elf/bin/../lib/gcc/aarch64-zephyr-elf/12.2.0/libgcc.a(_lshrdi3.o)
                0x0000000000200ff0                __lshrti3
 .text          0x000000000020102c       0x3c /home/emina/zephyr-sdk-0.17.1/aarch64-zephyr-elf/bin/../lib/gcc/aarch64-zephyr-elf/12.2.0/libgcc.a(_ashldi3.o)
                0x000000000020102c                __ashlti3
 *(SORT_BY_ALIGNMENT(.text.*))
 .text._reset_section
                0x0000000000201068      0x108 zephyr/arch/arch/arm64/core/libarch__arm64__core.a(reset.S.obj)
                0x0000000000201068                __reset_prep_c
                0x00000000002010ec                __reset
                0x00000000002010ec                __start
 .text._isr_wrapper
                0x0000000000201170       0xa8 zephyr/arch/arch/arm64/core/libarch__arm64__core.a(isr_wrapper.S.obj)
                0x0000000000201170                _isr_wrapper
                0x00000000002011cc                z_arm64_irq_done
 .text._OffsetAbsSyms
                0x0000000000201218        0x4 zephyr/CMakeFiles/offsets.dir/./arch/arm64/core/offsets/offsets.c.obj
                0x0000000000201218                _OffsetAbsSyms
 .text.gpio_pin_set.constprop.0.isra.0
                0x000000000020121c       0x34 app/libapp.a(main.c.obj)
 .text.led_timer_handler
                0x0000000000201250       0x8c app/libapp.a(main.c.obj)
                0x0000000000201250                led_timer_handler
 .text.status_timer_handler
                0x00000000002012dc       0x8c app/libapp.a(main.c.obj)
                0x00000000002012dc                status_timer_handler
 .text.main     0x0000000000201368       0xe0 app/libapp.a(main.c.obj)
                0x0000000000201368                main
 .text.chunk_size
                0x0000000000201448       0x14 zephyr/libzephyr.a(heap.c.obj)
 .text.free_list_add
                0x000000000020145c       0x94 zephyr/libzephyr.a(heap.c.obj)
 .text.sys_heap_init
                0x00000000002014f0       0xb8 zephyr/libzephyr.a(heap.c.obj)
                0x00000000002014f0                sys_heap_init
 .text.cbvprintf_package
                0x00000000002015a8      0x698 zephyr/libzephyr.a(cbprintf_packaged.c.obj)
                0x00000000002015a8                cbvprintf_package
 .text.cbpprintf_external
                0x0000000000201c40       0xcc zephyr/libzephyr.a(cbprintf_packaged.c.obj)
                0x0000000000201c40                cbpprintf_external
 .text.is_ptr   0x0000000000201d0c       0x7c zephyr/libzephyr.a(cbprintf_packaged.c.obj)
                0x0000000000201d0c                is_ptr
 .text.cbprintf_package_convert
                0x0000000000201d88      0x52c zephyr/libzephyr.a(cbprintf_packaged.c.obj)
                0x0000000000201d88                cbprintf_package_convert
 .text.arch_printk_char_out
                0x00000000002022b4        0x8 zephyr/libzephyr.a(printk.c.obj)
                0x00000000002022b4                arch_printk_char_out
 .text.__printk_hook_install
                0x00000000002022bc        0xc zephyr/libzephyr.a(printk.c.obj)
                0x00000000002022bc                __printk_hook_install
 .text.printk   0x00000000002022c8       0x80 zephyr/libzephyr.a(printk.c.obj)
                0x00000000002022c8                printk
 .text.z_thread_entry
                0x0000000000202348       0x50 zephyr/libzephyr.a(thread_entry.c.obj)
                0x0000000000202348                z_thread_entry
 .text.free_space
                0x0000000000202398       0x40 zephyr/libzephyr.a(mpsc_pbuf.c.obj)
 .text.get_usage
                0x00000000002023d8       0x48 zephyr/libzephyr.a(mpsc_pbuf.c.obj)
 .text.max_utilization_update
                0x0000000000202420       0x34 zephyr/libzephyr.a(mpsc_pbuf.c.obj)
 .text.idx_inc.isra.0
                0x0000000000202454       0x28 zephyr/libzephyr.a(mpsc_pbuf.c.obj)
 .text.post_drop_action
                0x000000000020247c       0x78 zephyr/libzephyr.a(mpsc_pbuf.c.obj)
 .text.add_skip_item
                0x00000000002024f4       0x78 zephyr/libzephyr.a(mpsc_pbuf.c.obj)
 .text.rd_idx_inc
                0x000000000020256c       0x30 zephyr/libzephyr.a(mpsc_pbuf.c.obj)
 .text.drop_item_locked
                0x000000000020259c      0x188 zephyr/libzephyr.a(mpsc_pbuf.c.obj)
 .text.mpsc_pbuf_init
                0x0000000000202724       0x58 zephyr/libzephyr.a(mpsc_pbuf.c.obj)
                0x0000000000202724                mpsc_pbuf_init
 .text.mpsc_pbuf_alloc
                0x000000000020277c      0x1ac zephyr/libzephyr.a(mpsc_pbuf.c.obj)
                0x000000000020277c                mpsc_pbuf_alloc
 .text.mpsc_pbuf_commit
                0x0000000000202928       0x68 zephyr/libzephyr.a(mpsc_pbuf.c.obj)
                0x0000000000202928                mpsc_pbuf_commit
 .text.mpsc_pbuf_claim
                0x0000000000202990      0x100 zephyr/libzephyr.a(mpsc_pbuf.c.obj)
                0x0000000000202990                mpsc_pbuf_claim
 .text.mpsc_pbuf_free
                0x0000000000202a90       0xb0 zephyr/libzephyr.a(mpsc_pbuf.c.obj)
                0x0000000000202a90                mpsc_pbuf_free
 .text.mpsc_pbuf_is_pending
                0x0000000000202b40       0x44 zephyr/libzephyr.a(mpsc_pbuf.c.obj)
                0x0000000000202b40                mpsc_pbuf_is_pending
 .text.setup_bundle_data.constprop.0
                0x0000000000202b84       0x50 zephyr/libzephyr.a(bitarray.c.obj)
 .text.set_region
                0x0000000000202bd4       0xf0 zephyr/libzephyr.a(bitarray.c.obj)
 .text.set_clear_region
                0x0000000000202cc4       0x74 zephyr/libzephyr.a(bitarray.c.obj)
 .text.match_region
                0x0000000000202d38       0xdc zephyr/libzephyr.a(bitarray.c.obj)
 .text.sys_bitarray_alloc
                0x0000000000202e14      0x108 zephyr/libzephyr.a(bitarray.c.obj)
                0x0000000000202e14                sys_bitarray_alloc
 .text.sys_bitarray_free
                0x0000000000202f1c       0xa8 zephyr/libzephyr.a(bitarray.c.obj)
                0x0000000000202f1c                sys_bitarray_free
 .text.sys_bitarray_set_region
                0x0000000000202fc4        0x8 zephyr/libzephyr.a(bitarray.c.obj)
                0x0000000000202fc4                sys_bitarray_set_region
 .text._ConfigAbsSyms
                0x0000000000202fcc        0x4 zephyr/libzephyr.a(configs.c.obj)
                0x0000000000202fcc                _ConfigAbsSyms
 .text.log_msg_generic_get_wlen
                0x0000000000202fd0       0x30 zephyr/libzephyr.a(log_core.c.obj)
 .text.dummy_timestamp
                0x0000000000203000        0x8 zephyr/libzephyr.a(log_core.c.obj)
 .text.default_get_timestamp
                0x0000000000203008        0x4 zephyr/libzephyr.a(log_core.c.obj)
 .text.activate_foreach_backend
                0x000000000020300c       0xb8 zephyr/libzephyr.a(log_core.c.obj)
 .text.atomic_inc
                0x00000000002030c4       0x1c zephyr/libzephyr.a(log_core.c.obj)
 .text.enable_logger
                0x00000000002030e0       0x88 zephyr/libzephyr.a(log_core.c.obj)
 .text.default_lf_get_timestamp
                0x0000000000203168       0x14 zephyr/libzephyr.a(log_core.c.obj)
 .text.log_process_thread_timer_expiry_fn
                0x000000000020317c        0xc zephyr/libzephyr.a(log_core.c.obj)
 .text.z_log_init
                0x0000000000203188      0x104 zephyr/libzephyr.a(log_core.c.obj)
 .text.log_format_func_t_get
                0x000000000020328c       0x10 zephyr/libzephyr.a(log_core.c.obj)
                0x000000000020328c                log_format_func_t_get
 .text.z_log_vprintk
                0x000000000020329c       0x44 zephyr/libzephyr.a(log_core.c.obj)
                0x000000000020329c                z_log_vprintk
 .text.log_set_timestamp_func
                0x00000000002032e0       0x34 zephyr/libzephyr.a(log_core.c.obj)
                0x00000000002032e0                log_set_timestamp_func
 .text.z_log_notify_backend_enabled
                0x0000000000203314       0x38 zephyr/libzephyr.a(log_core.c.obj)
                0x0000000000203314                z_log_notify_backend_enabled
 .text.z_log_dropped
                0x000000000020334c       0x50 zephyr/libzephyr.a(log_core.c.obj)
                0x000000000020334c                z_log_dropped
 .text.z_log_notify_drop
                0x000000000020339c        0x8 zephyr/libzephyr.a(log_core.c.obj)
 .text.z_log_dropped_read_and_clear
                0x00000000002033a4       0x20 zephyr/libzephyr.a(log_core.c.obj)
                0x00000000002033a4                z_log_dropped_read_and_clear
 .text.dropped_notify
                0x00000000002033c4       0x6c zephyr/libzephyr.a(log_core.c.obj)
                0x00000000002033c4                dropped_notify
 .text.z_log_msg_init
                0x0000000000203430       0x38 zephyr/libzephyr.a(log_core.c.obj)
                0x0000000000203430                z_log_msg_init
 .text.log_core_init
                0x0000000000203468       0x9c zephyr/libzephyr.a(log_core.c.obj)
                0x0000000000203468                log_core_init
 .text.z_log_msg_alloc
                0x0000000000203504       0x14 zephyr/libzephyr.a(log_core.c.obj)
                0x0000000000203504                z_log_msg_alloc
 .text.z_log_msg_local_claim
                0x0000000000203518        0xc zephyr/libzephyr.a(log_core.c.obj)
                0x0000000000203518                z_log_msg_local_claim
 .text.z_log_msg_free
                0x0000000000203524       0x10 zephyr/libzephyr.a(log_core.c.obj)
                0x0000000000203524                z_log_msg_free
 .text.z_log_msg_pending
                0x0000000000203534        0xc zephyr/libzephyr.a(log_core.c.obj)
                0x0000000000203534                z_log_msg_pending
 .text.z_impl_log_process
                0x0000000000203540       0xd4 zephyr/libzephyr.a(log_core.c.obj)
                0x0000000000203540                z_impl_log_process
 .text.z_impl_log_panic
                0x0000000000203614       0x88 zephyr/libzephyr.a(log_core.c.obj)
                0x0000000000203614                z_impl_log_panic
 .text.log_process_thread_func
                0x000000000020369c       0xf8 zephyr/libzephyr.a(log_core.c.obj)
 .text.z_log_msg_post_finalize
                0x0000000000203794       0x98 zephyr/libzephyr.a(log_core.c.obj)
 .text.z_log_msg_commit
                0x000000000020382c       0x3c zephyr/libzephyr.a(log_core.c.obj)
                0x000000000020382c                z_log_msg_commit
 .text.z_log_get_tag
                0x0000000000203868        0x8 zephyr/libzephyr.a(log_core.c.obj)
                0x0000000000203868                z_log_get_tag
 .text.log_source_name_get
                0x0000000000203870       0x34 zephyr/libzephyr.a(log_mgmt.c.obj)
                0x0000000000203870                log_source_name_get
 .text.log_backend_enable
                0x00000000002038a4       0x20 zephyr/libzephyr.a(log_mgmt.c.obj)
                0x00000000002038a4                log_backend_enable
 .text.z_cbprintf_cpy
                0x00000000002038c4       0x5c zephyr/libzephyr.a(log_msg.c.obj)
 .text.z_log_msg_finalize
                0x0000000000203920       0x60 zephyr/libzephyr.a(log_msg.c.obj)
                0x0000000000203920                z_log_msg_finalize
 .text.z_impl_z_log_msg_static_create
                0x0000000000203980      0x160 zephyr/libzephyr.a(log_msg.c.obj)
                0x0000000000203980                z_impl_z_log_msg_static_create
 .text.z_log_msg_runtime_vcreate
                0x0000000000203ae0      0x154 zephyr/libzephyr.a(log_msg.c.obj)
                0x0000000000203ae0                z_log_msg_runtime_vcreate
 .text.log_msg_get_source_id
                0x0000000000203c34       0x24 zephyr/libzephyr.a(log_msg.c.obj)
                0x0000000000203c34                log_msg_get_source_id
 .text.log_output_write
                0x0000000000203c58       0x50 zephyr/libzephyr.a(log_output.c.obj)
 .text.log_output_flush
                0x0000000000203ca8       0x34 zephyr/libzephyr.a(log_output.c.obj)
 .text.print_formatted
                0x0000000000203cdc       0x84 zephyr/libzephyr.a(log_output.c.obj)
 .text.newline_print
                0x0000000000203d60       0x24 zephyr/libzephyr.a(log_output.c.obj)
 .text.out_func
                0x0000000000203d84       0x54 zephyr/libzephyr.a(log_output.c.obj)
 .text.cr_out_func
                0x0000000000203dd8       0x40 zephyr/libzephyr.a(log_output.c.obj)
 .text.log_output_process
                0x0000000000203e18      0x418 zephyr/libzephyr.a(log_output.c.obj)
                0x0000000000203e18                log_output_process
 .text.log_output_msg_process
                0x0000000000204230       0xa8 zephyr/libzephyr.a(log_output.c.obj)
                0x0000000000204230                log_output_msg_process
 .text.log_output_dropped_process
                0x00000000002042d8       0x9c zephyr/libzephyr.a(log_output.c.obj)
                0x00000000002042d8                log_output_dropped_process
 .text.log_output_timestamp_freq_set
                0x0000000000204374       0x44 zephyr/libzephyr.a(log_output.c.obj)
                0x0000000000204374                log_output_timestamp_freq_set
 .text.format_set
                0x00000000002043b8       0x18 zephyr/libzephyr.a(log_backend_uart.c.obj)
 .text.log_backend_uart_init
                0x00000000002043d0       0x18 zephyr/libzephyr.a(log_backend_uart.c.obj)
 .text.panic    0x00000000002043e8       0x74 zephyr/libzephyr.a(log_backend_uart.c.obj)
 .text.dropped  0x000000000020445c       0x10 zephyr/libzephyr.a(log_backend_uart.c.obj)
 .text.process  0x000000000020446c       0x40 zephyr/libzephyr.a(log_backend_uart.c.obj)
 .text.char_out
                0x00000000002044ac       0x58 zephyr/libzephyr.a(log_backend_uart.c.obj)
 .text.arch_cpu_idle
                0x0000000000204504       0x10 zephyr/arch/arch/arm64/core/libarch__arm64__core.a(cpu_idle.S.obj)
                0x0000000000204504                arch_cpu_idle
 .text.z_early_memset
                0x0000000000204514       0x40 zephyr/arch/arch/arm64/core/libarch__arm64__core.a(early_mem_funcs.S.obj)
                0x0000000000204514                z_early_memset
 .text.z_log_msg_static_create.constprop.0
                0x0000000000204554        0x8 zephyr/arch/arch/arm64/core/libarch__arm64__core.a(fatal.c.obj)
 .text.z_arm64_fatal_error
                0x000000000020455c      0x5fc zephyr/arch/arch/arm64/core/libarch__arm64__core.a(fatal.c.obj)
                0x000000000020455c                z_arm64_fatal_error
 .text.z_arm64_do_kernel_oops
                0x0000000000204b58        0xc zephyr/arch/arch/arm64/core/libarch__arm64__core.a(fatal.c.obj)
                0x0000000000204b58                z_arm64_do_kernel_oops
 .text.z_arm64_interrupt_init
                0x0000000000204b64        0x4 zephyr/arch/arch/arm64/core/libarch__arm64__core.a(irq_init.c.obj)
                0x0000000000204b64                z_arm64_interrupt_init
 .text.arch_irq_enable
                0x0000000000204b68        0x4 zephyr/arch/arch/arm64/core/libarch__arm64__core.a(irq_manage.c.obj)
                0x0000000000204b68                arch_irq_enable
 .text.z_arm64_irq_priority_set
                0x0000000000204b6c        0x4 zephyr/arch/arch/arm64/core/libarch__arm64__core.a(irq_manage.c.obj)
                0x0000000000204b6c                z_arm64_irq_priority_set
 .text.z_irq_spurious
                0x0000000000204b70        0xc zephyr/arch/arch/arm64/core/libarch__arm64__core.a(irq_manage.c.obj)
                0x0000000000204b70                z_irq_spurious
 .text.z_prep_c
                0x0000000000204b7c       0x28 zephyr/arch/arch/arm64/core/libarch__arm64__core.a(prep_c.c.obj)
                0x0000000000204b7c                z_prep_c
 .text.z_arm64_el3_plat_prep_c
                0x0000000000204ba4        0x4 zephyr/arch/arch/arm64/core/libarch__arm64__core.a(reset.S.obj)
                0x0000000000204ba4                z_arm64_el3_plat_prep_c
 .text.z_arm64_el2_plat_prep_c
                0x0000000000204ba8        0x4 zephyr/arch/arch/arm64/core/libarch__arm64__core.a(reset.S.obj)
                0x0000000000204ba8                z_arm64_el2_plat_prep_c
 .text.z_arm64_el1_plat_prep_c
                0x0000000000204bac        0x4 zephyr/arch/arch/arm64/core/libarch__arm64__core.a(reset.S.obj)
                0x0000000000204bac                z_arm64_el1_plat_prep_c
 .text.el3_get_next_el
                0x0000000000204bb0       0x28 zephyr/arch/arch/arm64/core/libarch__arm64__core.a(reset.c.obj)
 .text.z_arm64_el_highest_plat_init
                0x0000000000204bd8        0x4 zephyr/arch/arch/arm64/core/libarch__arm64__core.a(reset.c.obj)
                0x0000000000204bd8                z_arm64_el_highest_plat_init
 .text.z_arm64_el3_plat_init
                0x0000000000204bdc        0x4 zephyr/arch/arch/arm64/core/libarch__arm64__core.a(reset.c.obj)
                0x0000000000204bdc                z_arm64_el3_plat_init
 .text.z_arm64_el2_plat_init
                0x0000000000204be0        0x4 zephyr/arch/arch/arm64/core/libarch__arm64__core.a(reset.c.obj)
                0x0000000000204be0                z_arm64_el2_plat_init
 .text.z_arm64_el1_plat_init
                0x0000000000204be4        0x4 zephyr/arch/arch/arm64/core/libarch__arm64__core.a(reset.c.obj)
                0x0000000000204be4                z_arm64_el1_plat_init
 .text.z_arm64_el_highest_init
                0x0000000000204be8       0x48 zephyr/arch/arch/arm64/core/libarch__arm64__core.a(reset.c.obj)
                0x0000000000204be8                z_arm64_el_highest_init
 .text.z_arm64_el2_init
                0x0000000000204c30       0x58 zephyr/arch/arch/arm64/core/libarch__arm64__core.a(reset.c.obj)
                0x0000000000204c30                z_arm64_el2_init
 .text.z_arm64_el3_init
                0x0000000000204c88       0x5c zephyr/arch/arch/arm64/core/libarch__arm64__core.a(reset.c.obj)
                0x0000000000204c88                z_arm64_el3_init
 .text.z_arm64_el1_init
                0x0000000000204ce4       0x4c zephyr/arch/arch/arm64/core/libarch__arm64__core.a(reset.c.obj)
                0x0000000000204ce4                z_arm64_el1_init
 .text.z_arm64_el3_get_next_el
                0x0000000000204d30       0x2c zephyr/arch/arch/arm64/core/libarch__arm64__core.a(reset.c.obj)
                0x0000000000204d30                z_arm64_el3_get_next_el
 .text.z_arm64_context_switch
                0x0000000000204d5c       0x80 zephyr/arch/arch/arm64/core/libarch__arm64__core.a(switch.S.obj)
                0x0000000000204d5c                z_arm64_context_switch
 .text.z_arm64_sync_exc
                0x0000000000204ddc       0x4c zephyr/arch/arch/arm64/core/libarch__arm64__core.a(switch.S.obj)
                0x0000000000204ddc                z_arm64_sync_exc
 .text.arch_new_thread
                0x0000000000204e28       0x8c zephyr/arch/arch/arm64/core/libarch__arm64__core.a(thread.c.obj)
                0x0000000000204e28                arch_new_thread
 .text.z_arm64_serror
                0x0000000000204eb4       0x10 zephyr/arch/arch/arm64/core/libarch__arm64__core.a(vector_table.S.obj)
                0x0000000000204eb4                z_arm64_serror
 .text.z_arm64_exit_exc
                0x0000000000204ec4       0x5c zephyr/arch/arch/arm64/core/libarch__arm64__core.a(vector_table.S.obj)
                0x0000000000204ec4                z_arm64_exit_exc
                0x0000000000204ec8                z_arm64_exit_exc_fpu_done
 .text.fpu_access_update
                0x0000000000204f20       0x48 zephyr/arch/arch/arm64/core/libarch__arm64__core.a(fpu.c.obj)
 .text.arch_flush_local_fpu
                0x0000000000204f68       0x5c zephyr/arch/arch/arm64/core/libarch__arm64__core.a(fpu.c.obj)
                0x0000000000204f68                arch_flush_local_fpu
 .text.z_arm64_fpu_enter_exc
                0x0000000000204fc4       0x14 zephyr/arch/arch/arm64/core/libarch__arm64__core.a(fpu.c.obj)
                0x0000000000204fc4                z_arm64_fpu_enter_exc
 .text.z_arm64_fpu_trap
                0x0000000000204fd8       0xfc zephyr/arch/arch/arm64/core/libarch__arm64__core.a(fpu.c.obj)
                0x0000000000204fd8                z_arm64_fpu_trap
 .text.z_arm64_fpu_exit_exc
                0x00000000002050d4        0x8 zephyr/arch/arch/arm64/core/libarch__arm64__core.a(fpu.c.obj)
                0x00000000002050d4                z_arm64_fpu_exit_exc
 .text.z_arm64_fpu_thread_context_switch
                0x00000000002050dc        0x8 zephyr/arch/arch/arm64/core/libarch__arm64__core.a(fpu.c.obj)
                0x00000000002050dc                z_arm64_fpu_thread_context_switch
 .text.arch_float_disable
                0x00000000002050e4       0x50 zephyr/arch/arch/arm64/core/libarch__arm64__core.a(fpu.c.obj)
                0x00000000002050e4                arch_float_disable
 .text.z_arm64_fpu_save
                0x0000000000205134       0x54 zephyr/arch/arch/arm64/core/libarch__arm64__core.a(fpu.S.obj)
                0x0000000000205134                z_arm64_fpu_save
 .text.z_arm64_fpu_restore
                0x0000000000205188       0x54 zephyr/arch/arch/arm64/core/libarch__arm64__core.a(fpu.S.obj)
                0x0000000000205188                z_arm64_fpu_restore
 .text.table_usage
                0x00000000002051dc       0x34 zephyr/arch/arch/arm64/core/libarch__arm64__core.a(mmu.c.obj)
 .text.invalidate_tlb_all
                0x0000000000205210       0x14 zephyr/arch/arch/arm64/core/libarch__arm64__core.a(mmu.c.obj)
 .text.new_table
                0x0000000000205224       0x94 zephyr/arch/arch/arm64/core/libarch__arm64__core.a(mmu.c.obj)
 .text.expand_to_table
                0x00000000002052b8       0x88 zephyr/arch/arch/arm64/core/libarch__arm64__core.a(mmu.c.obj)
 .text.__add_map.constprop.0
                0x0000000000205340      0x250 zephyr/arch/arch/arm64/core/libarch__arm64__core.a(mmu.c.obj)
 .text.z_arm64_mm_init
                0x0000000000205590      0x164 zephyr/arch/arch/arm64/core/libarch__arm64__core.a(mmu.c.obj)
                0x0000000000205590                z_arm64_mm_init
 .text.arch_mem_map
                0x00000000002056f4       0xf8 zephyr/arch/arch/arm64/core/libarch__arm64__core.a(mmu.c.obj)
                0x00000000002056f4                arch_mem_map
 .text.arch_virt_region_align
                0x00000000002057ec       0x44 zephyr/arch/arch/arm64/core/libarch__arm64__core.a(mmu.c.obj)
                0x00000000002057ec                arch_virt_region_align
 .text.arch_tls_stack_setup
                0x0000000000205830       0x74 zephyr/arch/arch/arm64/core/libarch__arm64__core.a(tls.c.obj)
                0x0000000000205830                arch_tls_stack_setup
 .text.cbputc   0x00000000002058a4       0x20 zephyr/lib/libc/picolibc/liblib__libc__picolibc.a(cbprintf.c.obj)
 .text.cbvprintf
                0x00000000002058c4       0x54 zephyr/lib/libc/picolibc/liblib__libc__picolibc.a(cbprintf.c.obj)
                0x00000000002058c4                cbvprintf
 .text.z_impl_zephyr_fputc
                0x0000000000205918       0x20 zephyr/lib/libc/picolibc/liblib__libc__picolibc.a(stdio.c.obj)
                0x0000000000205918                z_impl_zephyr_fputc
 .text.picolibc_put
                0x0000000000205938       0x1c zephyr/lib/libc/picolibc/liblib__libc__picolibc.a(stdio.c.obj)
 .text.__stdout_hook_install
                0x0000000000205954       0x20 zephyr/lib/libc/picolibc/liblib__libc__picolibc.a(stdio.c.obj)
                0x0000000000205954                __stdout_hook_install
 .text.malloc_prepare
                0x0000000000205974       0x2c zephyr/lib/libc/common/liblib__libc__common.a(malloc.c.obj)
 .text.arm_gic_init
                0x00000000002059a0      0x1dc zephyr/drivers/interrupt_controller/libdrivers__interrupt_controller.a(intc_gic.c.obj)
                0x00000000002059a0                arm_gic_init
 .text.arm_gic_irq_enable
                0x0000000000205b7c       0x24 zephyr/drivers/interrupt_controller/libdrivers__interrupt_controller.a(intc_gic.c.obj)
                0x0000000000205b7c                arm_gic_irq_enable
 .text.arm_gic_irq_set_priority
                0x0000000000205ba0       0x58 zephyr/drivers/interrupt_controller/libdrivers__interrupt_controller.a(intc_gic.c.obj)
                0x0000000000205ba0                arm_gic_irq_set_priority
 .text.arm_gic_get_active
                0x0000000000205bf8       0x14 zephyr/drivers/interrupt_controller/libdrivers__interrupt_controller.a(intc_gic.c.obj)
                0x0000000000205bf8                arm_gic_get_active
 .text.arm_gic_eoi
                0x0000000000205c0c       0x18 zephyr/drivers/interrupt_controller/libdrivers__interrupt_controller.a(intc_gic.c.obj)
                0x0000000000205c0c                arm_gic_eoi
 .text.uart_console_init
                0x0000000000205c24       0x50 zephyr/drivers/console/libdrivers__console.a(uart_console.c.obj)
 .text.console_out
                0x0000000000205c74       0x58 zephyr/drivers/console/libdrivers__console.a(uart_console.c.obj)
 .text.gpio_bcm2711_pin_configure
                0x0000000000205ccc      0x164 zephyr/drivers/gpio/libdrivers__gpio.a(gpio_bcm2711.c.obj)
 .text.gpio_bcm2711_port_get_raw
                0x0000000000205e30       0x58 zephyr/drivers/gpio/libdrivers__gpio.a(gpio_bcm2711.c.obj)
 .text.gpio_bcm2711_port_set_masked_raw
                0x0000000000205e88       0x80 zephyr/drivers/gpio/libdrivers__gpio.a(gpio_bcm2711.c.obj)
 .text.gpio_bcm2711_port_set_bits_raw
                0x0000000000205f08       0x4c zephyr/drivers/gpio/libdrivers__gpio.a(gpio_bcm2711.c.obj)
 .text.gpio_bcm2711_port_clear_bits_raw
                0x0000000000205f54       0x4c zephyr/drivers/gpio/libdrivers__gpio.a(gpio_bcm2711.c.obj)
 .text.gpio_bcm2711_port_toggle_bits
                0x0000000000205fa0       0xa0 zephyr/drivers/gpio/libdrivers__gpio.a(gpio_bcm2711.c.obj)
 .text.gpio_bcm2711_pin_interrupt_configure
                0x0000000000206040      0x200 zephyr/drivers/gpio/libdrivers__gpio.a(gpio_bcm2711.c.obj)
 .text.gpio_bcm2711_manage_callback
                0x0000000000206240       0x94 zephyr/drivers/gpio/libdrivers__gpio.a(gpio_bcm2711.c.obj)
 .text.gpio_bcm2711_init
                0x00000000002062d4       0x54 zephyr/drivers/gpio/libdrivers__gpio.a(gpio_bcm2711.c.obj)
                0x00000000002062d4                gpio_bcm2711_init
 .text.gpio_bcm2711_irq_config_func_0
                0x0000000000206328       0x24 zephyr/drivers/gpio/libdrivers__gpio.a(gpio_bcm2711.c.obj)
 .text.gpio_bcm2711_irq_config_func_1
                0x000000000020634c       0x24 zephyr/drivers/gpio/libdrivers__gpio.a(gpio_bcm2711.c.obj)
 .text.gpio_bcm2711_isr
                0x0000000000206370       0xe4 zephyr/drivers/gpio/libdrivers__gpio.a(gpio_bcm2711.c.obj)
 .text.bcm2711_mu_lowlevel_can_putc
                0x0000000000206454       0x14 zephyr/drivers/serial/libdrivers__serial.a(uart_bcm2711.c.obj)
 .text.uart_bcm2711_poll_out
                0x0000000000206468       0x34 zephyr/drivers/serial/libdrivers__serial.a(uart_bcm2711.c.obj)
 .text.uart_bcm2711_poll_in
                0x000000000020649c       0x2c zephyr/drivers/serial/libdrivers__serial.a(uart_bcm2711.c.obj)
 .text.uart_bcm2711_irq_tx_enable
                0x00000000002064c8       0x1c zephyr/drivers/serial/libdrivers__serial.a(uart_bcm2711.c.obj)
 .text.uart_bcm2711_irq_tx_disable
                0x00000000002064e4       0x1c zephyr/drivers/serial/libdrivers__serial.a(uart_bcm2711.c.obj)
 .text.uart_bcm2711_irq_tx_ready
                0x0000000000206500       0x20 zephyr/drivers/serial/libdrivers__serial.a(uart_bcm2711.c.obj)
 .text.uart_bcm2711_irq_rx_enable
                0x0000000000206520       0x1c zephyr/drivers/serial/libdrivers__serial.a(uart_bcm2711.c.obj)
 .text.uart_bcm2711_irq_rx_disable
                0x000000000020653c       0x1c zephyr/drivers/serial/libdrivers__serial.a(uart_bcm2711.c.obj)
 .text.uart_bcm2711_irq_update
                0x0000000000206558        0x8 zephyr/drivers/serial/libdrivers__serial.a(uart_bcm2711.c.obj)
 .text.uart_bcm2711_irq_callback_set
                0x0000000000206560        0xc zephyr/drivers/serial/libdrivers__serial.a(uart_bcm2711.c.obj)
 .text.uart_isr
                0x000000000020656c       0x1c zephyr/drivers/serial/libdrivers__serial.a(uart_bcm2711.c.obj)
                0x000000000020656c                uart_isr
 .text.irq_config_func_0
                0x0000000000206588       0x24 zephyr/drivers/serial/libdrivers__serial.a(uart_bcm2711.c.obj)
 .text.uart_bcm2711_init
                0x00000000002065ac       0x9c zephyr/drivers/serial/libdrivers__serial.a(uart_bcm2711.c.obj)
 .text.uart_bcm2711_fifo_fill
                0x0000000000206648       0x68 zephyr/drivers/serial/libdrivers__serial.a(uart_bcm2711.c.obj)
 .text.uart_bcm2711_irq_is_pending
                0x00000000002066b0       0x3c zephyr/drivers/serial/libdrivers__serial.a(uart_bcm2711.c.obj)
 .text.uart_bcm2711_irq_rx_ready
                0x00000000002066ec       0x1c zephyr/drivers/serial/libdrivers__serial.a(uart_bcm2711.c.obj)
 .text.uart_bcm2711_fifo_read
                0x0000000000206708       0x44 zephyr/drivers/serial/libdrivers__serial.a(uart_bcm2711.c.obj)
 .text.sys_clock_driver_init
                0x000000000020674c       0xb0 zephyr/drivers/timer/libdrivers__timer.a(arm_arch_timer.c.obj)
 .text.arm_arch_timer_compare_isr
                0x00000000002067fc       0x60 zephyr/drivers/timer/libdrivers__timer.a(arm_arch_timer.c.obj)
 .text.sys_clock_set_timeout
                0x000000000020685c       0x8c zephyr/drivers/timer/libdrivers__timer.a(arm_arch_timer.c.obj)
                0x000000000020685c                sys_clock_set_timeout
 .text.sys_clock_elapsed
                0x00000000002068e8       0x38 zephyr/drivers/timer/libdrivers__timer.a(arm_arch_timer.c.obj)
                0x00000000002068e8                sys_clock_elapsed
 .text.sys_clock_cycle_get_32
                0x0000000000206920        0x8 zephyr/drivers/timer/libdrivers__timer.a(arm_arch_timer.c.obj)
                0x0000000000206920                sys_clock_cycle_get_32
 .text.z_device_state_init
                0x0000000000206928        0x4 zephyr/kernel/libkernel.a(device.c.obj)
                0x0000000000206928                z_device_state_init
 .text.z_impl_device_is_ready
                0x000000000020692c       0x28 zephyr/kernel/libkernel.a(device.c.obj)
                0x000000000020692c                z_impl_device_is_ready
 .text.arch_system_halt
                0x0000000000206954        0xc zephyr/kernel/libkernel.a(fatal.c.obj)
                0x0000000000206954                arch_system_halt
 .text.k_sys_fatal_error_handler
                0x0000000000206960       0x54 zephyr/kernel/libkernel.a(fatal.c.obj)
                0x0000000000206960                k_sys_fatal_error_handler
 .text.z_fatal_error
                0x00000000002069b4      0x140 zephyr/kernel/libkernel.a(fatal.c.obj)
                0x00000000002069b4                z_fatal_error
 .text.do_device_init
                0x0000000000206af4       0x60 zephyr/kernel/libkernel.a(init.c.obj)
 .text.z_sys_init_run_level
                0x0000000000206b54       0x5c zephyr/kernel/libkernel.a(init.c.obj)
 .text.bg_thread_main
                0x0000000000206bb0      0x110 zephyr/kernel/libkernel.a(init.c.obj)
 .text.z_bss_zero
                0x0000000000206cc0       0x1c zephyr/kernel/libkernel.a(init.c.obj)
                0x0000000000206cc0                z_bss_zero
 .text.z_init_cpu
                0x0000000000206cdc       0xc8 zephyr/kernel/libkernel.a(init.c.obj)
                0x0000000000206cdc                z_init_cpu
 .text.z_cstart
                0x0000000000206da4       0xfc zephyr/kernel/libkernel.a(init.c.obj)
                0x0000000000206da4                z_cstart
 .text.idle     0x0000000000206ea0       0x18 zephyr/kernel/libkernel.a(idle.c.obj)
                0x0000000000206ea0                idle
 .text.z_impl_k_sem_init
                0x0000000000206eb8       0x24 zephyr/kernel/libkernel.a(sem.c.obj)
                0x0000000000206eb8                z_impl_k_sem_init
 .text.z_impl_k_sem_give
                0x0000000000206edc       0x94 zephyr/kernel/libkernel.a(sem.c.obj)
                0x0000000000206edc                z_impl_k_sem_give
 .text.z_impl_k_sem_take
                0x0000000000206f70       0x50 zephyr/kernel/libkernel.a(sem.c.obj)
                0x0000000000206f70                z_impl_k_sem_take
 .text.k_is_in_isr
                0x0000000000206fc0       0x18 zephyr/kernel/libkernel.a(thread.c.obj)
                0x0000000000206fc0                k_is_in_isr
 .text.z_impl_k_thread_name_set
                0x0000000000206fd8        0x8 zephyr/kernel/libkernel.a(thread.c.obj)
                0x0000000000206fd8                z_impl_k_thread_name_set
 .text.k_thread_name_get
                0x0000000000206fe0        0x8 zephyr/kernel/libkernel.a(thread.c.obj)
                0x0000000000206fe0                k_thread_name_get
 .text.z_setup_new_thread
                0x0000000000206fe8       0xc8 zephyr/kernel/libkernel.a(thread.c.obj)
                0x0000000000206fe8                z_setup_new_thread
 .text.z_impl_k_thread_create
                0x00000000002070b0       0x68 zephyr/kernel/libkernel.a(thread.c.obj)
                0x00000000002070b0                z_impl_k_thread_create
 .text.z_dummy_thread_init
                0x0000000000207118       0x18 zephyr/kernel/libkernel.a(thread.c.obj)
                0x0000000000207118                z_dummy_thread_init
 .text.sys_dlist_remove
                0x0000000000207130       0x14 zephyr/kernel/libkernel.a(sched.c.obj)
 .text.unpend_thread_no_timeout
                0x0000000000207144       0x28 zephyr/kernel/libkernel.a(sched.c.obj)
 .text.ready_thread
                0x000000000020716c       0xe8 zephyr/kernel/libkernel.a(sched.c.obj)
 .text.unready_thread
                0x0000000000207254       0x94 zephyr/kernel/libkernel.a(sched.c.obj)
 .text.z_swap   0x00000000002072e8       0x80 zephyr/kernel/libkernel.a(sched.c.obj)
 .text.add_thread_timeout
                0x0000000000207368       0x20 zephyr/kernel/libkernel.a(sched.c.obj)
 .text.add_to_waitq_locked
                0x0000000000207388       0x94 zephyr/kernel/libkernel.a(sched.c.obj)
 .text.move_thread_to_end_of_prio_q
                0x000000000020741c       0xf4 zephyr/kernel/libkernel.a(sched.c.obj)
                0x000000000020741c                move_thread_to_end_of_prio_q
 .text.z_ready_thread
                0x0000000000207510       0x2c zephyr/kernel/libkernel.a(sched.c.obj)
                0x0000000000207510                z_ready_thread
 .text.z_unpend_thread_no_timeout
                0x000000000020753c       0x38 zephyr/kernel/libkernel.a(sched.c.obj)
                0x000000000020753c                z_unpend_thread_no_timeout
 .text.z_sched_wake_thread
                0x0000000000207574       0x5c zephyr/kernel/libkernel.a(sched.c.obj)
                0x0000000000207574                z_sched_wake_thread
 .text.z_thread_timeout
                0x00000000002075d0        0xc zephyr/kernel/libkernel.a(sched.c.obj)
                0x00000000002075d0                z_thread_timeout
 .text.z_pend_curr
                0x00000000002075dc       0x5c zephyr/kernel/libkernel.a(sched.c.obj)
                0x00000000002075dc                z_pend_curr
 .text.z_unpend1_no_timeout
                0x0000000000207638       0x50 zephyr/kernel/libkernel.a(sched.c.obj)
                0x0000000000207638                z_unpend1_no_timeout
 .text.z_reschedule
                0x0000000000207688       0x3c zephyr/kernel/libkernel.a(sched.c.obj)
                0x0000000000207688                z_reschedule
 .text.z_reschedule_irqlock
                0x00000000002076c4       0x88 zephyr/kernel/libkernel.a(sched.c.obj)
                0x00000000002076c4                z_reschedule_irqlock
 .text.k_sched_lock
                0x000000000020774c       0x28 zephyr/kernel/libkernel.a(sched.c.obj)
                0x000000000020774c                k_sched_lock
 .text.k_sched_unlock
                0x0000000000207774       0x9c zephyr/kernel/libkernel.a(sched.c.obj)
                0x0000000000207774                k_sched_unlock
 .text.z_swap_next_thread
                0x0000000000207810        0xc zephyr/kernel/libkernel.a(sched.c.obj)
                0x0000000000207810                z_swap_next_thread
 .text.z_get_next_switch_handle
                0x000000000020781c       0x20 zephyr/kernel/libkernel.a(sched.c.obj)
                0x000000000020781c                z_get_next_switch_handle
 .text.z_sched_init
                0x000000000020783c       0x18 zephyr/kernel/libkernel.a(sched.c.obj)
                0x000000000020783c                z_sched_init
 .text.z_impl_k_yield
                0x0000000000207854       0xe8 zephyr/kernel/libkernel.a(sched.c.obj)
                0x0000000000207854                z_impl_k_yield
 .text.z_tick_sleep
                0x000000000020793c       0xa8 zephyr/kernel/libkernel.a(sched.c.obj)
 .text.z_impl_k_sleep
                0x00000000002079e4       0x4c zephyr/kernel/libkernel.a(sched.c.obj)
                0x00000000002079e4                z_impl_k_sleep
 .text.z_impl_k_wakeup
                0x0000000000207a30       0x68 zephyr/kernel/libkernel.a(sched.c.obj)
                0x0000000000207a30                z_impl_k_wakeup
 .text.z_impl_k_sched_current_thread_query
                0x0000000000207a98        0xc zephyr/kernel/libkernel.a(sched.c.obj)
                0x0000000000207a98                z_impl_k_sched_current_thread_query
 .text.z_thread_abort
                0x0000000000207aa4      0x1a4 zephyr/kernel/libkernel.a(sched.c.obj)
                0x0000000000207aa4                z_thread_abort
 .text.z_impl_k_thread_abort
                0x0000000000207c48        0x4 zephyr/kernel/libkernel.a(sched.c.obj)
                0x0000000000207c48                z_impl_k_thread_abort
 .text.slice_timeout
                0x0000000000207c4c       0x24 zephyr/kernel/libkernel.a(timeslicing.c.obj)
 .text.thread_is_sliceable
                0x0000000000207c70       0x58 zephyr/kernel/libkernel.a(timeslicing.c.obj)
                0x0000000000207c70                thread_is_sliceable
 .text.z_reset_time_slice
                0x0000000000207cc8       0x8c zephyr/kernel/libkernel.a(timeslicing.c.obj)
                0x0000000000207cc8                z_reset_time_slice
 .text.z_time_slice
                0x0000000000207d54       0x74 zephyr/kernel/libkernel.a(timeslicing.c.obj)
                0x0000000000207d54                z_time_slice
 .text.first    0x0000000000207dc8       0x18 zephyr/kernel/libkernel.a(timeout.c.obj)
 .text.next_timeout
                0x0000000000207de0       0x40 zephyr/kernel/libkernel.a(timeout.c.obj)
 .text.elapsed  0x0000000000207e20       0x18 zephyr/kernel/libkernel.a(timeout.c.obj)
 .text.remove_timeout
                0x0000000000207e38       0x40 zephyr/kernel/libkernel.a(timeout.c.obj)
 .text.z_add_timeout
                0x0000000000207e78      0x138 zephyr/kernel/libkernel.a(timeout.c.obj)
                0x0000000000207e78                z_add_timeout
 .text.z_abort_timeout
                0x0000000000207fb0       0x70 zephyr/kernel/libkernel.a(timeout.c.obj)
                0x0000000000207fb0                z_abort_timeout
 .text.sys_clock_announce
                0x0000000000208020       0xc0 zephyr/kernel/libkernel.a(timeout.c.obj)
                0x0000000000208020                sys_clock_announce
 .text.sys_clock_tick_get
                0x00000000002080e0       0x38 zephyr/kernel/libkernel.a(timeout.c.obj)
                0x00000000002080e0                sys_clock_tick_get
 .text.sys_clock_tick_get_32
                0x0000000000208118       0x14 zephyr/kernel/libkernel.a(timeout.c.obj)
                0x0000000000208118                sys_clock_tick_get_32
 .text.z_impl_k_uptime_ticks
                0x000000000020812c        0x4 zephyr/kernel/libkernel.a(timeout.c.obj)
                0x000000000020812c                z_impl_k_uptime_ticks
 .text.z_timer_expiration_handler
                0x0000000000208130      0x120 zephyr/kernel/libkernel.a(timer.c.obj)
                0x0000000000208130                z_timer_expiration_handler
 .text.k_timer_init
                0x0000000000208250       0x1c zephyr/kernel/libkernel.a(timer.c.obj)
                0x0000000000208250                k_timer_init
 .text.z_impl_k_timer_start
                0x000000000020826c       0x7c zephyr/kernel/libkernel.a(timer.c.obj)
                0x000000000020826c                z_impl_k_timer_start
 .text.z_impl_k_timer_stop
                0x00000000002082e8       0x58 zephyr/kernel/libkernel.a(timer.c.obj)
                0x00000000002082e8                z_impl_k_timer_stop
 .text.virt_region_free
                0x0000000000208340       0xac zephyr/kernel/libkernel.a(mmu.c.obj)
 .text.free_page_frame_list_put
                0x00000000002083ec       0x48 zephyr/kernel/libkernel.a(mmu.c.obj)
 .text.virt_region_alloc
                0x0000000000208434      0x148 zephyr/kernel/libkernel.a(mmu.c.obj)
 .text.k_mem_region_align
                0x000000000020857c       0x2c zephyr/kernel/libkernel.a(mmu.c.obj)
                0x000000000020857c                k_mem_region_align
 .text.k_mem_map_phys_bare
                0x00000000002085a8       0xf4 zephyr/kernel/libkernel.a(mmu.c.obj)
                0x00000000002085a8                k_mem_map_phys_bare
 .text.z_mem_manage_init
                0x000000000020869c       0xc0 zephyr/kernel/libkernel.a(mmu.c.obj)
                0x000000000020869c                z_mem_manage_init
 .text.z_mem_manage_boot_finish
                0x000000000020875c        0x4 zephyr/kernel/libkernel.a(mmu.c.obj)
                0x000000000020875c                z_mem_manage_boot_finish
 .text.boot_banner
                0x0000000000208760        0xc zephyr/kernel/libkernel.a(banner.c.obj)
                0x0000000000208760                boot_banner
 .text.memcpy   0x000000000020876c       0x20 /home/emina/zephyr-sdk-0.17.1/aarch64-zephyr-elf/bin/../lib/gcc/../../picolibc/aarch64-zephyr-elf/lib/./libc.a(memcpy-stub.c.o)
                0x000000000020876c                memcpy
 .text.memset   0x000000000020878c       0x1c /home/emina/zephyr-sdk-0.17.1/aarch64-zephyr-elf/bin/../lib/gcc/../../picolibc/aarch64-zephyr-elf/lib/./libc.a(memset-stub.c.o)
                0x000000000020878c                memset
 .text.strlen   0x00000000002087a8       0x1c /home/emina/zephyr-sdk-0.17.1/aarch64-zephyr-elf/bin/../lib/gcc/../../picolibc/aarch64-zephyr-elf/lib/./libc.a(strlen-stub.c.o)
                0x00000000002087a8                strlen
 .text.strnlen  0x00000000002087c4       0x28 /home/emina/zephyr-sdk-0.17.1/aarch64-zephyr-elf/bin/../lib/gcc/../../picolibc/aarch64-zephyr-elf/lib/./libc.a(strnlen-stub.c.o)
                0x00000000002087c4                strnlen
 .text.snprintf
                0x00000000002087ec       0xe8 /home/emina/zephyr-sdk-0.17.1/aarch64-zephyr-elf/bin/../lib/gcc/../../picolibc/aarch64-zephyr-elf/lib/./libc.a(libc_tinystdio_snprintf.c.o)
                0x00000000002087ec                snprintf
 .text.__ultoa_invert
                0x00000000002088d4       0x50 /home/emina/zephyr-sdk-0.17.1/aarch64-zephyr-elf/bin/../lib/gcc/../../picolibc/aarch64-zephyr-elf/lib/./libc.a(libc_tinystdio_vfprintf.c.o)
 .text.skip_to_arg
                0x0000000000208924      0x1f0 /home/emina/zephyr-sdk-0.17.1/aarch64-zephyr-elf/bin/../lib/gcc/../../picolibc/aarch64-zephyr-elf/lib/./libc.a(libc_tinystdio_vfprintf.c.o)
 .text.vfprintf
                0x0000000000208b14      0xeb8 /home/emina/zephyr-sdk-0.17.1/aarch64-zephyr-elf/bin/../lib/gcc/../../picolibc/aarch64-zephyr-elf/lib/./libc.a(libc_tinystdio_vfprintf.c.o)
                0x0000000000208b14                __d_vfprintf
 .text.mulShift64
                0x00000000002099cc       0x30 /home/emina/zephyr-sdk-0.17.1/aarch64-zephyr-elf/bin/../lib/gcc/../../picolibc/aarch64-zephyr-elf/lib/./libc.a(libc_tinystdio_dtoa_ryu.c.o)
 .text.__dtoa_engine
                0x00000000002099fc      0x504 /home/emina/zephyr-sdk-0.17.1/aarch64-zephyr-elf/bin/../lib/gcc/../../picolibc/aarch64-zephyr-elf/lib/./libc.a(libc_tinystdio_dtoa_ryu.c.o)
                0x00000000002099fc                __dtoa_engine
 .text.__log10Pow2
                0x0000000000209f00       0x14 /home/emina/zephyr-sdk-0.17.1/aarch64-zephyr-elf/bin/../lib/gcc/../../picolibc/aarch64-zephyr-elf/lib/./libc.a(libc_tinystdio_ryu_log10.c.o)
                0x0000000000209f00                __log10Pow2
 .text.__log10Pow5
                0x0000000000209f14       0x14 /home/emina/zephyr-sdk-0.17.1/aarch64-zephyr-elf/bin/../lib/gcc/../../picolibc/aarch64-zephyr-elf/lib/./libc.a(libc_tinystdio_ryu_log10.c.o)
                0x0000000000209f14                __log10Pow5
 .text.__pow5bits
                0x0000000000209f28       0x18 /home/emina/zephyr-sdk-0.17.1/aarch64-zephyr-elf/bin/../lib/gcc/../../picolibc/aarch64-zephyr-elf/lib/./libc.a(libc_tinystdio_ryu_pow5bits.c.o)
                0x0000000000209f28                __pow5bits
 .text.__pow5Factor
                0x0000000000209f40       0x2c /home/emina/zephyr-sdk-0.17.1/aarch64-zephyr-elf/bin/../lib/gcc/../../picolibc/aarch64-zephyr-elf/lib/./libc.a(libc_tinystdio_ryu_table.c.o)
                0x0000000000209f40                __pow5Factor
 .text.__double_computePow5
                0x0000000000209f6c      0x100 /home/emina/zephyr-sdk-0.17.1/aarch64-zephyr-elf/bin/../lib/gcc/../../picolibc/aarch64-zephyr-elf/lib/./libc.a(libc_tinystdio_ryu_table.c.o)
                0x0000000000209f6c                __double_computePow5
 .text.__double_computeInvPow5
                0x000000000020a06c      0x104 /home/emina/zephyr-sdk-0.17.1/aarch64-zephyr-elf/bin/../lib/gcc/../../picolibc/aarch64-zephyr-elf/lib/./libc.a(libc_tinystdio_ryu_table.c.o)
                0x000000000020a06c                __double_computeInvPow5
 .text.__dtox_engine
                0x000000000020a170      0x128 /home/emina/zephyr-sdk-0.17.1/aarch64-zephyr-elf/bin/../lib/gcc/../../picolibc/aarch64-zephyr-elf/lib/./libc.a(libc_tinystdio_dtox_engine.c.o)
                0x000000000020a170                __dtox_engine
 .text.__file_str_put
                0x000000000020a298       0x20 /home/emina/zephyr-sdk-0.17.1/aarch64-zephyr-elf/bin/../lib/gcc/../../picolibc/aarch64-zephyr-elf/lib/./libc.a(libc_tinystdio_filestrput.c.o)
                0x000000000020a298                __file_str_put
 *(SORT_BY_ALIGNMENT(.gnu.linkonce.t.*))
                0x000000000020b000                . = ALIGN (_region_min_align)
 *fill*         0x000000000020a2b8      0xd48 
                0x000000000020b000                __text_region_end = .
                0x000000000000b000                __text_region_size = (__text_region_end - __text_region_start)

.ARM.exidx      0x000000000020b000        0x0
                0x000000000020b000                __exidx_start = .
 *(SORT_BY_ALIGNMENT(.ARM.exidx*) SORT_BY_ALIGNMENT(gnu.linkonce.armexidx.*))
                0x000000000020b000                __exidx_end = .
                0x000000000020b000                . = ALIGN (_region_min_align)
                0x000000000020b000                __rodata_region_start = .

initlevel       0x000000000020b000       0x80
                0x000000000020b000                __init_start = .
                0x000000000020b000                __init_EARLY_start = .
 *(SORT_BY_NAME(SORT_BY_ALIGNMENT(.z_init_EARLY_P_?_*)))
 *(SORT_BY_NAME(SORT_BY_ALIGNMENT(.z_init_EARLY_P_??_*)))
 *(SORT_BY_NAME(SORT_BY_ALIGNMENT(.z_init_EARLY_P_???_*)))
                0x000000000020b000                __init_PRE_KERNEL_1_start = .
 *(SORT_BY_NAME(SORT_BY_ALIGNMENT(.z_init_PRE_KERNEL_1_P_?_*)))
 *(SORT_BY_NAME(SORT_BY_ALIGNMENT(.z_init_PRE_KERNEL_1_P_??_*)))
 .z_init_PRE_KERNEL_1_P_40_SUB_00004_
                0x000000000020b000       0x10 zephyr/drivers/interrupt_controller/libdrivers__interrupt_controller.a(intc_gic.c.obj)
 .z_init_PRE_KERNEL_1_P_40_SUB_00009_
                0x000000000020b010       0x10 zephyr/drivers/gpio/libdrivers__gpio.a(gpio_bcm2711.c.obj)
 .z_init_PRE_KERNEL_1_P_40_SUB_00014_
                0x000000000020b020       0x10 zephyr/drivers/gpio/libdrivers__gpio.a(gpio_bcm2711.c.obj)
 .z_init_PRE_KERNEL_1_P_50_SUB_00013_
                0x000000000020b030       0x10 zephyr/drivers/serial/libdrivers__serial.a(uart_bcm2711.c.obj)
 .z_init_PRE_KERNEL_1_P_60_SUB_0_
                0x000000000020b040       0x10 zephyr/drivers/console/libdrivers__console.a(uart_console.c.obj)
 *(SORT_BY_NAME(SORT_BY_ALIGNMENT(.z_init_PRE_KERNEL_1_P_???_*)))
                0x000000000020b050                __init_PRE_KERNEL_2_start = .
 *(SORT_BY_NAME(SORT_BY_ALIGNMENT(.z_init_PRE_KERNEL_2_P_?_*)))
 .z_init_PRE_KERNEL_2_P_0_SUB_0_
                0x000000000020b050       0x10 zephyr/drivers/timer/libdrivers__timer.a(arm_arch_timer.c.obj)
 *(SORT_BY_NAME(SORT_BY_ALIGNMENT(.z_init_PRE_KERNEL_2_P_??_*)))
 *(SORT_BY_NAME(SORT_BY_ALIGNMENT(.z_init_PRE_KERNEL_2_P_???_*)))
                0x000000000020b060                __init_POST_KERNEL_start = .
 *(SORT_BY_NAME(SORT_BY_ALIGNMENT(.z_init_POST_KERNEL_P_?_*)))
 .z_init_POST_KERNEL_P_0_SUB_0_
                0x000000000020b060       0x10 zephyr/libzephyr.a(log_core.c.obj)
 *(SORT_BY_NAME(SORT_BY_ALIGNMENT(.z_init_POST_KERNEL_P_??_*)))
 .z_init_POST_KERNEL_P_35_SUB_0_
                0x000000000020b070       0x10 zephyr/lib/libc/common/liblib__libc__common.a(malloc.c.obj)
 *(SORT_BY_NAME(SORT_BY_ALIGNMENT(.z_init_POST_KERNEL_P_???_*)))
                0x000000000020b080                __init_APPLICATION_start = .
 *(SORT_BY_NAME(SORT_BY_ALIGNMENT(.z_init_APPLICATION_P_?_*)))
 *(SORT_BY_NAME(SORT_BY_ALIGNMENT(.z_init_APPLICATION_P_??_*)))
 *(SORT_BY_NAME(SORT_BY_ALIGNMENT(.z_init_APPLICATION_P_???_*)))
                0x000000000020b080                __init_SMP_start = .
 *(SORT_BY_NAME(SORT_BY_ALIGNMENT(.z_init_SMP_P_?_*)))
 *(SORT_BY_NAME(SORT_BY_ALIGNMENT(.z_init_SMP_P_??_*)))
 *(SORT_BY_NAME(SORT_BY_ALIGNMENT(.z_init_SMP_P_???_*)))
                0x000000000020b080                __init_end = .

device_area     0x000000000020b080      0x100
                0x000000000020b080                _device_list_start = .
 *(SORT_BY_NAME(SORT_BY_ALIGNMENT(._device.static.*_?_*)))
 *(SORT_BY_NAME(SORT_BY_ALIGNMENT(._device.static.*_??_*)))
 ._device.static.1_40_
                0x000000000020b080       0x40 zephyr/drivers/interrupt_controller/libdrivers__interrupt_controller.a(intc_gic.c.obj)
                0x000000000020b080                __device_dts_ord_4
 ._device.static.1_40_
                0x000000000020b0c0       0x80 zephyr/drivers/gpio/libdrivers__gpio.a(gpio_bcm2711.c.obj)
                0x000000000020b0c0                __device_dts_ord_9
                0x000000000020b100                __device_dts_ord_14
 ._device.static.1_50_
                0x000000000020b140       0x40 zephyr/drivers/serial/libdrivers__serial.a(uart_bcm2711.c.obj)
                0x000000000020b140                __device_dts_ord_13
 *(SORT_BY_NAME(SORT_BY_ALIGNMENT(._device.static.*_???_*)))
 *(SORT_BY_NAME(SORT_BY_ALIGNMENT(._device.static.*_????_*)))
 *(SORT_BY_NAME(SORT_BY_ALIGNMENT(._device.static.*_?????_*)))
                0x000000000020b180                _device_list_end = .

sw_isr_table    0x000000000020b180     0x1040
                0x000000000020b180                . = ALIGN (0x4)
 *(SORT_BY_ALIGNMENT(.gnu.linkonce.sw_isr_table*))
 .gnu.linkonce.sw_isr_table
                0x000000000020b180     0x1040 zephyr/CMakeFiles/zephyr_final.dir/isr_tables.c.obj
                0x000000000020b180                _sw_isr_table

initlevel_error
                0x000000000020b000        0x0
 *(SORT_BY_NAME(SORT_BY_ALIGNMENT(.z_init_*)))
                0x0000000000000001                ASSERT ((SIZEOF (initlevel_error) == 0x0), Undefined initialization levels used.)

app_shmem_regions
                0x000000000020c1c0        0x0
                0x000000000020c1c0                __app_shmem_regions_start = .
 *(SORT_BY_NAME(SORT_BY_ALIGNMENT(.app_regions.*)))
                0x000000000020c1c0                __app_shmem_regions_end = .

k_p4wq_initparam_area
                0x000000000020c1c0        0x0
                0x000000000020c1c0                _k_p4wq_initparam_list_start = .
 *(SORT_BY_NAME(SORT_BY_ALIGNMENT(._k_p4wq_initparam.static.*)))
                0x000000000020c1c0                _k_p4wq_initparam_list_end = .

_static_thread_data_area
                0x000000000020c1c0        0x0
                0x000000000020c1c0                __static_thread_data_list_start = .
 *(SORT_BY_NAME(SORT_BY_ALIGNMENT(.__static_thread_data.static.*)))
                0x000000000020c1c0                __static_thread_data_list_end = .

device_deps     0x000000000020c1c0        0x0
                0x000000000020c1c0                __device_deps_start = .
 *(SORT_BY_NAME(SORT_BY_ALIGNMENT(.__device_deps_pass2*)))
                0x000000000020c1c0                __device_deps_end = .

gpio_driver_api_area
                0x000000000020c1c0       0x48
                0x000000000020c1c0                _gpio_driver_api_list_start = .
 *(SORT_BY_NAME(SORT_BY_ALIGNMENT(._gpio_driver_api.static.*)))
 ._gpio_driver_api.static.gpio_bcm2711_api_
                0x000000000020c1c0       0x48 zephyr/drivers/gpio/libdrivers__gpio.a(gpio_bcm2711.c.obj)
                0x000000000020c208                _gpio_driver_api_list_end = .

shared_irq_driver_api_area
                0x000000000020c208        0x0
                0x000000000020c208                _shared_irq_driver_api_list_start = .
 *(SORT_BY_NAME(SORT_BY_ALIGNMENT(._shared_irq_driver_api.static.*)))
                0x000000000020c208                _shared_irq_driver_api_list_end = .

crypto_driver_api_area
                0x000000000020c208        0x0
                0x000000000020c208                _crypto_driver_api_list_start = .
 *(SORT_BY_NAME(SORT_BY_ALIGNMENT(._crypto_driver_api.static.*)))
                0x000000000020c208                _crypto_driver_api_list_end = .

adc_driver_api_area
                0x000000000020c208        0x0
                0x000000000020c208                _adc_driver_api_list_start = .
 *(SORT_BY_NAME(SORT_BY_ALIGNMENT(._adc_driver_api.static.*)))
                0x000000000020c208                _adc_driver_api_list_end = .

auxdisplay_driver_api_area
                0x000000000020c208        0x0
                0x000000000020c208                _auxdisplay_driver_api_list_start = .
 *(SORT_BY_NAME(SORT_BY_ALIGNMENT(._auxdisplay_driver_api.static.*)))
                0x000000000020c208                _auxdisplay_driver_api_list_end = .

bbram_driver_api_area
                0x000000000020c208        0x0
                0x000000000020c208                _bbram_driver_api_list_start = .
 *(SORT_BY_NAME(SORT_BY_ALIGNMENT(._bbram_driver_api.static.*)))
                0x000000000020c208                _bbram_driver_api_list_end = .

bt_hci_driver_api_area
                0x000000000020c208        0x0
                0x000000000020c208                _bt_hci_driver_api_list_start = .
 *(SORT_BY_NAME(SORT_BY_ALIGNMENT(._bt_hci_driver_api.static.*)))
                0x000000000020c208                _bt_hci_driver_api_list_end = .

can_driver_api_area
                0x000000000020c208        0x0
                0x000000000020c208                _can_driver_api_list_start = .
 *(SORT_BY_NAME(SORT_BY_ALIGNMENT(._can_driver_api.static.*)))
                0x000000000020c208                _can_driver_api_list_end = .

cellular_driver_api_area
                0x000000000020c208        0x0
                0x000000000020c208                _cellular_driver_api_list_start = .
 *(SORT_BY_NAME(SORT_BY_ALIGNMENT(._cellular_driver_api.static.*)))
                0x000000000020c208                _cellular_driver_api_list_end = .

charger_driver_api_area
                0x000000000020c208        0x0
                0x000000000020c208                _charger_driver_api_list_start = .
 *(SORT_BY_NAME(SORT_BY_ALIGNMENT(._charger_driver_api.static.*)))
                0x000000000020c208                _charger_driver_api_list_end = .

clock_control_driver_api_area
                0x000000000020c208        0x0
                0x000000000020c208                _clock_control_driver_api_list_start = .
 *(SORT_BY_NAME(SORT_BY_ALIGNMENT(._clock_control_driver_api.static.*)))
                0x000000000020c208                _clock_control_driver_api_list_end = .

comparator_driver_api_area
                0x000000000020c208        0x0
                0x000000000020c208                _comparator_driver_api_list_start = .
 *(SORT_BY_NAME(SORT_BY_ALIGNMENT(._comparator_driver_api.static.*)))
                0x000000000020c208                _comparator_driver_api_list_end = .

coredump_driver_api_area
                0x000000000020c208        0x0
                0x000000000020c208                _coredump_driver_api_list_start = .
 *(SORT_BY_NAME(SORT_BY_ALIGNMENT(._coredump_driver_api.static.*)))
                0x000000000020c208                _coredump_driver_api_list_end = .

counter_driver_api_area
                0x000000000020c208        0x0
                0x000000000020c208                _counter_driver_api_list_start = .
 *(SORT_BY_NAME(SORT_BY_ALIGNMENT(._counter_driver_api.static.*)))
                0x000000000020c208                _counter_driver_api_list_end = .

dac_driver_api_area
                0x000000000020c208        0x0
                0x000000000020c208                _dac_driver_api_list_start = .
 *(SORT_BY_NAME(SORT_BY_ALIGNMENT(._dac_driver_api.static.*)))
                0x000000000020c208                _dac_driver_api_list_end = .

dai_driver_api_area
                0x000000000020c208        0x0
                0x000000000020c208                _dai_driver_api_list_start = .
 *(SORT_BY_NAME(SORT_BY_ALIGNMENT(._dai_driver_api.static.*)))
                0x000000000020c208                _dai_driver_api_list_end = .

display_driver_api_area
                0x000000000020c208        0x0
                0x000000000020c208                _display_driver_api_list_start = .
 *(SORT_BY_NAME(SORT_BY_ALIGNMENT(._display_driver_api.static.*)))
                0x000000000020c208                _display_driver_api_list_end = .

dma_driver_api_area
                0x000000000020c208        0x0
                0x000000000020c208                _dma_driver_api_list_start = .
 *(SORT_BY_NAME(SORT_BY_ALIGNMENT(._dma_driver_api.static.*)))
                0x000000000020c208                _dma_driver_api_list_end = .

edac_driver_api_area
                0x000000000020c208        0x0
                0x000000000020c208                _edac_driver_api_list_start = .
 *(SORT_BY_NAME(SORT_BY_ALIGNMENT(._edac_driver_api.static.*)))
                0x000000000020c208                _edac_driver_api_list_end = .

eeprom_driver_api_area
                0x000000000020c208        0x0
                0x000000000020c208                _eeprom_driver_api_list_start = .
 *(SORT_BY_NAME(SORT_BY_ALIGNMENT(._eeprom_driver_api.static.*)))
                0x000000000020c208                _eeprom_driver_api_list_end = .

emul_bbram_driver_api_area
                0x000000000020c208        0x0
                0x000000000020c208                _emul_bbram_driver_api_list_start = .
 *(SORT_BY_NAME(SORT_BY_ALIGNMENT(._emul_bbram_driver_api.static.*)))
                0x000000000020c208                _emul_bbram_driver_api_list_end = .

fuel_gauge_emul_driver_api_area
                0x000000000020c208        0x0
                0x000000000020c208                _fuel_gauge_emul_driver_api_list_start = .
 *(SORT_BY_NAME(SORT_BY_ALIGNMENT(._fuel_gauge_emul_driver_api.static.*)))
                0x000000000020c208                _fuel_gauge_emul_driver_api_list_end = .

emul_sensor_driver_api_area
                0x000000000020c208        0x0
                0x000000000020c208                _emul_sensor_driver_api_list_start = .
 *(SORT_BY_NAME(SORT_BY_ALIGNMENT(._emul_sensor_driver_api.static.*)))
                0x000000000020c208                _emul_sensor_driver_api_list_end = .

entropy_driver_api_area
                0x000000000020c208        0x0
                0x000000000020c208                _entropy_driver_api_list_start = .
 *(SORT_BY_NAME(SORT_BY_ALIGNMENT(._entropy_driver_api.static.*)))
                0x000000000020c208                _entropy_driver_api_list_end = .

espi_driver_api_area
                0x000000000020c208        0x0
                0x000000000020c208                _espi_driver_api_list_start = .
 *(SORT_BY_NAME(SORT_BY_ALIGNMENT(._espi_driver_api.static.*)))
                0x000000000020c208                _espi_driver_api_list_end = .

espi_saf_driver_api_area
                0x000000000020c208        0x0
                0x000000000020c208                _espi_saf_driver_api_list_start = .
 *(SORT_BY_NAME(SORT_BY_ALIGNMENT(._espi_saf_driver_api.static.*)))
                0x000000000020c208                _espi_saf_driver_api_list_end = .

flash_driver_api_area
                0x000000000020c208        0x0
                0x000000000020c208                _flash_driver_api_list_start = .
 *(SORT_BY_NAME(SORT_BY_ALIGNMENT(._flash_driver_api.static.*)))
                0x000000000020c208                _flash_driver_api_list_end = .

fpga_driver_api_area
                0x000000000020c208        0x0
                0x000000000020c208                _fpga_driver_api_list_start = .
 *(SORT_BY_NAME(SORT_BY_ALIGNMENT(._fpga_driver_api.static.*)))
                0x000000000020c208                _fpga_driver_api_list_end = .

fuel_gauge_driver_api_area
                0x000000000020c208        0x0
                0x000000000020c208                _fuel_gauge_driver_api_list_start = .
 *(SORT_BY_NAME(SORT_BY_ALIGNMENT(._fuel_gauge_driver_api.static.*)))
                0x000000000020c208                _fuel_gauge_driver_api_list_end = .

gnss_driver_api_area
                0x000000000020c208        0x0
                0x000000000020c208                _gnss_driver_api_list_start = .
 *(SORT_BY_NAME(SORT_BY_ALIGNMENT(._gnss_driver_api.static.*)))
                0x000000000020c208                _gnss_driver_api_list_end = .

haptics_driver_api_area
                0x000000000020c208        0x0
                0x000000000020c208                _haptics_driver_api_list_start = .
 *(SORT_BY_NAME(SORT_BY_ALIGNMENT(._haptics_driver_api.static.*)))
                0x000000000020c208                _haptics_driver_api_list_end = .

hwspinlock_driver_api_area
                0x000000000020c208        0x0
                0x000000000020c208                _hwspinlock_driver_api_list_start = .
 *(SORT_BY_NAME(SORT_BY_ALIGNMENT(._hwspinlock_driver_api.static.*)))
                0x000000000020c208                _hwspinlock_driver_api_list_end = .

i2c_driver_api_area
                0x000000000020c208        0x0
                0x000000000020c208                _i2c_driver_api_list_start = .
 *(SORT_BY_NAME(SORT_BY_ALIGNMENT(._i2c_driver_api.static.*)))
                0x000000000020c208                _i2c_driver_api_list_end = .

i2c_target_driver_api_area
                0x000000000020c208        0x0
                0x000000000020c208                _i2c_target_driver_api_list_start = .
 *(SORT_BY_NAME(SORT_BY_ALIGNMENT(._i2c_target_driver_api.static.*)))
                0x000000000020c208                _i2c_target_driver_api_list_end = .

i2s_driver_api_area
                0x000000000020c208        0x0
                0x000000000020c208                _i2s_driver_api_list_start = .
 *(SORT_BY_NAME(SORT_BY_ALIGNMENT(._i2s_driver_api.static.*)))
                0x000000000020c208                _i2s_driver_api_list_end = .

i3c_driver_api_area
                0x000000000020c208        0x0
                0x000000000020c208                _i3c_driver_api_list_start = .
 *(SORT_BY_NAME(SORT_BY_ALIGNMENT(._i3c_driver_api.static.*)))
                0x000000000020c208                _i3c_driver_api_list_end = .

ipm_driver_api_area
                0x000000000020c208        0x0
                0x000000000020c208                _ipm_driver_api_list_start = .
 *(SORT_BY_NAME(SORT_BY_ALIGNMENT(._ipm_driver_api.static.*)))
                0x000000000020c208                _ipm_driver_api_list_end = .

led_driver_api_area
                0x000000000020c208        0x0
                0x000000000020c208                _led_driver_api_list_start = .
 *(SORT_BY_NAME(SORT_BY_ALIGNMENT(._led_driver_api.static.*)))
                0x000000000020c208                _led_driver_api_list_end = .

led_strip_driver_api_area
                0x000000000020c208        0x0
                0x000000000020c208                _led_strip_driver_api_list_start = .
 *(SORT_BY_NAME(SORT_BY_ALIGNMENT(._led_strip_driver_api.static.*)))
                0x000000000020c208                _led_strip_driver_api_list_end = .

lora_driver_api_area
                0x000000000020c208        0x0
                0x000000000020c208                _lora_driver_api_list_start = .
 *(SORT_BY_NAME(SORT_BY_ALIGNMENT(._lora_driver_api.static.*)))
                0x000000000020c208                _lora_driver_api_list_end = .

mbox_driver_api_area
                0x000000000020c208        0x0
                0x000000000020c208                _mbox_driver_api_list_start = .
 *(SORT_BY_NAME(SORT_BY_ALIGNMENT(._mbox_driver_api.static.*)))
                0x000000000020c208                _mbox_driver_api_list_end = .

mdio_driver_api_area
                0x000000000020c208        0x0
                0x000000000020c208                _mdio_driver_api_list_start = .
 *(SORT_BY_NAME(SORT_BY_ALIGNMENT(._mdio_driver_api.static.*)))
                0x000000000020c208                _mdio_driver_api_list_end = .

mipi_dbi_driver_api_area
                0x000000000020c208        0x0
                0x000000000020c208                _mipi_dbi_driver_api_list_start = .
 *(SORT_BY_NAME(SORT_BY_ALIGNMENT(._mipi_dbi_driver_api.static.*)))
                0x000000000020c208                _mipi_dbi_driver_api_list_end = .

mipi_dsi_driver_api_area
                0x000000000020c208        0x0
                0x000000000020c208                _mipi_dsi_driver_api_list_start = .
 *(SORT_BY_NAME(SORT_BY_ALIGNMENT(._mipi_dsi_driver_api.static.*)))
                0x000000000020c208                _mipi_dsi_driver_api_list_end = .

mspi_driver_api_area
                0x000000000020c208        0x0
                0x000000000020c208                _mspi_driver_api_list_start = .
 *(SORT_BY_NAME(SORT_BY_ALIGNMENT(._mspi_driver_api.static.*)))
                0x000000000020c208                _mspi_driver_api_list_end = .

peci_driver_api_area
                0x000000000020c208        0x0
                0x000000000020c208                _peci_driver_api_list_start = .
 *(SORT_BY_NAME(SORT_BY_ALIGNMENT(._peci_driver_api.static.*)))
                0x000000000020c208                _peci_driver_api_list_end = .

ps2_driver_api_area
                0x000000000020c208        0x0
                0x000000000020c208                _ps2_driver_api_list_start = .
 *(SORT_BY_NAME(SORT_BY_ALIGNMENT(._ps2_driver_api.static.*)))
                0x000000000020c208                _ps2_driver_api_list_end = .

ptp_clock_driver_api_area
                0x000000000020c208        0x0
                0x000000000020c208                _ptp_clock_driver_api_list_start = .
 *(SORT_BY_NAME(SORT_BY_ALIGNMENT(._ptp_clock_driver_api.static.*)))
                0x000000000020c208                _ptp_clock_driver_api_list_end = .

pwm_driver_api_area
                0x000000000020c208        0x0
                0x000000000020c208                _pwm_driver_api_list_start = .
 *(SORT_BY_NAME(SORT_BY_ALIGNMENT(._pwm_driver_api.static.*)))
                0x000000000020c208                _pwm_driver_api_list_end = .

regulator_parent_driver_api_area
                0x000000000020c208        0x0
                0x000000000020c208                _regulator_parent_driver_api_list_start = .
 *(SORT_BY_NAME(SORT_BY_ALIGNMENT(._regulator_parent_driver_api.static.*)))
                0x000000000020c208                _regulator_parent_driver_api_list_end = .

regulator_driver_api_area
                0x000000000020c208        0x0
                0x000000000020c208                _regulator_driver_api_list_start = .
 *(SORT_BY_NAME(SORT_BY_ALIGNMENT(._regulator_driver_api.static.*)))
                0x000000000020c208                _regulator_driver_api_list_end = .

reset_driver_api_area
                0x000000000020c208        0x0
                0x000000000020c208                _reset_driver_api_list_start = .
 *(SORT_BY_NAME(SORT_BY_ALIGNMENT(._reset_driver_api.static.*)))
                0x000000000020c208                _reset_driver_api_list_end = .

retained_mem_driver_api_area
                0x000000000020c208        0x0
                0x000000000020c208                _retained_mem_driver_api_list_start = .
 *(SORT_BY_NAME(SORT_BY_ALIGNMENT(._retained_mem_driver_api.static.*)))
                0x000000000020c208                _retained_mem_driver_api_list_end = .

rtc_driver_api_area
                0x000000000020c208        0x0
                0x000000000020c208                _rtc_driver_api_list_start = .
 *(SORT_BY_NAME(SORT_BY_ALIGNMENT(._rtc_driver_api.static.*)))
                0x000000000020c208                _rtc_driver_api_list_end = .

sdhc_driver_api_area
                0x000000000020c208        0x0
                0x000000000020c208                _sdhc_driver_api_list_start = .
 *(SORT_BY_NAME(SORT_BY_ALIGNMENT(._sdhc_driver_api.static.*)))
                0x000000000020c208                _sdhc_driver_api_list_end = .

sensor_driver_api_area
                0x000000000020c208        0x0
                0x000000000020c208                _sensor_driver_api_list_start = .
 *(SORT_BY_NAME(SORT_BY_ALIGNMENT(._sensor_driver_api.static.*)))
                0x000000000020c208                _sensor_driver_api_list_end = .

smbus_driver_api_area
                0x000000000020c208        0x0
                0x000000000020c208                _smbus_driver_api_list_start = .
 *(SORT_BY_NAME(SORT_BY_ALIGNMENT(._smbus_driver_api.static.*)))
                0x000000000020c208                _smbus_driver_api_list_end = .

spi_driver_api_area
                0x000000000020c208        0x0
                0x000000000020c208                _spi_driver_api_list_start = .
 *(SORT_BY_NAME(SORT_BY_ALIGNMENT(._spi_driver_api.static.*)))
                0x000000000020c208                _spi_driver_api_list_end = .

stepper_driver_api_area
                0x000000000020c208        0x0
                0x000000000020c208                _stepper_driver_api_list_start = .
 *(SORT_BY_NAME(SORT_BY_ALIGNMENT(._stepper_driver_api.static.*)))
                0x000000000020c208                _stepper_driver_api_list_end = .

syscon_driver_api_area
                0x000000000020c208        0x0
                0x000000000020c208                _syscon_driver_api_list_start = .
 *(SORT_BY_NAME(SORT_BY_ALIGNMENT(._syscon_driver_api.static.*)))
                0x000000000020c208                _syscon_driver_api_list_end = .

tee_driver_api_area
                0x000000000020c208        0x0
                0x000000000020c208                _tee_driver_api_list_start = .
 *(SORT_BY_NAME(SORT_BY_ALIGNMENT(._tee_driver_api.static.*)))
                0x000000000020c208                _tee_driver_api_list_end = .

video_driver_api_area
                0x000000000020c208        0x0
                0x000000000020c208                _video_driver_api_list_start = .
 *(SORT_BY_NAME(SORT_BY_ALIGNMENT(._video_driver_api.static.*)))
                0x000000000020c208                _video_driver_api_list_end = .

w1_driver_api_area
                0x000000000020c208        0x0
                0x000000000020c208                _w1_driver_api_list_start = .
 *(SORT_BY_NAME(SORT_BY_ALIGNMENT(._w1_driver_api.static.*)))
                0x000000000020c208                _w1_driver_api_list_end = .

wdt_driver_api_area
                0x000000000020c208        0x0
                0x000000000020c208                _wdt_driver_api_list_start = .
 *(SORT_BY_NAME(SORT_BY_ALIGNMENT(._wdt_driver_api.static.*)))
                0x000000000020c208                _wdt_driver_api_list_end = .

can_transceiver_driver_api_area
                0x000000000020c208        0x0
                0x000000000020c208                _can_transceiver_driver_api_list_start = .
 *(SORT_BY_NAME(SORT_BY_ALIGNMENT(._can_transceiver_driver_api.static.*)))
                0x000000000020c208                _can_transceiver_driver_api_list_end = .

nrf_clock_control_driver_api_area
                0x000000000020c208        0x0
                0x000000000020c208                _nrf_clock_control_driver_api_list_start = .
 *(SORT_BY_NAME(SORT_BY_ALIGNMENT(._nrf_clock_control_driver_api.static.*)))
                0x000000000020c208                _nrf_clock_control_driver_api_list_end = .

i3c_target_driver_api_area
                0x000000000020c208        0x0
                0x000000000020c208                _i3c_target_driver_api_list_start = .
 *(SORT_BY_NAME(SORT_BY_ALIGNMENT(._i3c_target_driver_api.static.*)))
                0x000000000020c208                _i3c_target_driver_api_list_end = .

its_driver_api_area
                0x000000000020c208        0x0
                0x000000000020c208                _its_driver_api_list_start = .
 *(SORT_BY_NAME(SORT_BY_ALIGNMENT(._its_driver_api.static.*)))
                0x000000000020c208                _its_driver_api_list_end = .

vtd_driver_api_area
                0x000000000020c208        0x0
                0x000000000020c208                _vtd_driver_api_list_start = .
 *(SORT_BY_NAME(SORT_BY_ALIGNMENT(._vtd_driver_api.static.*)))
                0x000000000020c208                _vtd_driver_api_list_end = .

renesas_elc_driver_api_area
                0x000000000020c208        0x0
                0x000000000020c208                _renesas_elc_driver_api_list_start = .
 *(SORT_BY_NAME(SORT_BY_ALIGNMENT(._renesas_elc_driver_api.static.*)))
                0x000000000020c208                _renesas_elc_driver_api_list_end = .

tgpio_driver_api_area
                0x000000000020c208        0x0
                0x000000000020c208                _tgpio_driver_api_list_start = .
 *(SORT_BY_NAME(SORT_BY_ALIGNMENT(._tgpio_driver_api.static.*)))
                0x000000000020c208                _tgpio_driver_api_list_end = .

pcie_ctrl_driver_api_area
                0x000000000020c208        0x0
                0x000000000020c208                _pcie_ctrl_driver_api_list_start = .
 *(SORT_BY_NAME(SORT_BY_ALIGNMENT(._pcie_ctrl_driver_api.static.*)))
                0x000000000020c208                _pcie_ctrl_driver_api_list_end = .

pcie_ep_driver_api_area
                0x000000000020c208        0x0
                0x000000000020c208                _pcie_ep_driver_api_list_start = .
 *(SORT_BY_NAME(SORT_BY_ALIGNMENT(._pcie_ep_driver_api.static.*)))
                0x000000000020c208                _pcie_ep_driver_api_list_end = .

svc_driver_api_area
                0x000000000020c208        0x0
                0x000000000020c208                _svc_driver_api_list_start = .
 *(SORT_BY_NAME(SORT_BY_ALIGNMENT(._svc_driver_api.static.*)))
                0x000000000020c208                _svc_driver_api_list_end = .

uart_driver_api_area
                0x000000000020c208       0x98
                0x000000000020c208                _uart_driver_api_list_start = .
 *(SORT_BY_NAME(SORT_BY_ALIGNMENT(._uart_driver_api.static.*)))
 ._uart_driver_api.static.uart_bcm2711_driver_api_
                0x000000000020c208       0x98 zephyr/drivers/serial/libdrivers__serial.a(uart_bcm2711.c.obj)
                0x000000000020c2a0                _uart_driver_api_list_end = .

bc12_emul_driver_api_area
                0x000000000020c2a0        0x0
                0x000000000020c2a0                _bc12_emul_driver_api_list_start = .
 *(SORT_BY_NAME(SORT_BY_ALIGNMENT(._bc12_emul_driver_api.static.*)))
                0x000000000020c2a0                _bc12_emul_driver_api_list_end = .

bc12_driver_api_area
                0x000000000020c2a0        0x0
                0x000000000020c2a0                _bc12_driver_api_list_start = .
 *(SORT_BY_NAME(SORT_BY_ALIGNMENT(._bc12_driver_api.static.*)))
                0x000000000020c2a0                _bc12_driver_api_list_end = .

usbc_ppc_driver_api_area
                0x000000000020c2a0        0x0
                0x000000000020c2a0                _usbc_ppc_driver_api_list_start = .
 *(SORT_BY_NAME(SORT_BY_ALIGNMENT(._usbc_ppc_driver_api.static.*)))
                0x000000000020c2a0                _usbc_ppc_driver_api_list_end = .

tcpc_driver_api_area
                0x000000000020c2a0        0x0
                0x000000000020c2a0                _tcpc_driver_api_list_start = .
 *(SORT_BY_NAME(SORT_BY_ALIGNMENT(._tcpc_driver_api.static.*)))
                0x000000000020c2a0                _tcpc_driver_api_list_end = .

usbc_vbus_driver_api_area
                0x000000000020c2a0        0x0
                0x000000000020c2a0                _usbc_vbus_driver_api_list_start = .
 *(SORT_BY_NAME(SORT_BY_ALIGNMENT(._usbc_vbus_driver_api.static.*)))
                0x000000000020c2a0                _usbc_vbus_driver_api_list_end = .

ivshmem_driver_api_area
                0x000000000020c2a0        0x0
                0x000000000020c2a0                _ivshmem_driver_api_list_start = .
 *(SORT_BY_NAME(SORT_BY_ALIGNMENT(._ivshmem_driver_api.static.*)))
                0x000000000020c2a0                _ivshmem_driver_api_list_end = .

ethphy_driver_api_area
                0x000000000020c2a0        0x0
                0x000000000020c2a0                _ethphy_driver_api_list_start = .
 *(SORT_BY_NAME(SORT_BY_ALIGNMENT(._ethphy_driver_api.static.*)))
                0x000000000020c2a0                _ethphy_driver_api_list_end = .

virtio_driver_api_area
                0x000000000020c2a0        0x0
                0x000000000020c2a0                _virtio_driver_api_list_start = .
 *(SORT_BY_NAME(SORT_BY_ALIGNMENT(._virtio_driver_api.static.*)))
                0x000000000020c2a0                _virtio_driver_api_list_end = .

ztest           0x000000000020c2a0        0x0
                0x000000000020c2a0                _ztest_expected_result_entry_list_start = .
 *(SORT_BY_NAME(SORT_BY_ALIGNMENT(._ztest_expected_result_entry.static.*)))
                0x000000000020c2a0                _ztest_expected_result_entry_list_end = .
                0x000000000020c2a0                _ztest_suite_node_list_start = .
 *(SORT_BY_NAME(SORT_BY_ALIGNMENT(._ztest_suite_node.static.*)))
                0x000000000020c2a0                _ztest_suite_node_list_end = .
                0x000000000020c2a0                _ztest_unit_test_list_start = .
 *(SORT_BY_NAME(SORT_BY_ALIGNMENT(._ztest_unit_test.static.*)))
                0x000000000020c2a0                _ztest_unit_test_list_end = .
                0x000000000020c2a0                _ztest_test_rule_list_start = .
 *(SORT_BY_NAME(SORT_BY_ALIGNMENT(._ztest_test_rule.static.*)))
                0x000000000020c2a0                _ztest_test_rule_list_end = .

init_array      0x000000000020c2a0        0x0
                0x000000000020c2a0                __zephyr_init_array_start = .
 *(SORT_BY_INIT_PRIORITY(.init_array.*) SORT_BY_INIT_PRIORITY(.ctors.*))
 *(SORT_BY_ALIGNMENT(.init_array) SORT_BY_ALIGNMENT(.ctors))
                0x000000000020c2a0                __zephyr_init_array_end = .
                0x0000000000000001                ASSERT ((__zephyr_init_array_start == __zephyr_init_array_end), GNU-style constructors required but STATIC_INIT_GNU not enabled)

bt_l2cap_fixed_chan_area
                0x000000000020c2a0        0x0
                0x000000000020c2a0                _bt_l2cap_fixed_chan_list_start = .
 *(SORT_BY_NAME(SORT_BY_ALIGNMENT(._bt_l2cap_fixed_chan.static.*)))
                0x000000000020c2a0                _bt_l2cap_fixed_chan_list_end = .

bt_gatt_service_static_area
                0x000000000020c2a0        0x0
                0x000000000020c2a0                _bt_gatt_service_static_list_start = .
 *(SORT_BY_NAME(SORT_BY_ALIGNMENT(._bt_gatt_service_static.static.*)))
                0x000000000020c2a0                _bt_gatt_service_static_list_end = .

log_strings_area
                0x000000000020c2a0        0x0
                0x000000000020c2a0                _log_strings_list_start = .
 *(SORT_BY_NAME(SORT_BY_ALIGNMENT(._log_strings.static.*)))
                0x000000000020c2a0                _log_strings_list_end = .

log_stmesp_ptr_area
                0x000000000020c2a0        0x0
                0x000000000020c2a0                _log_stmesp_ptr_list_start = .
 *(SORT_BY_NAME(SORT_BY_ALIGNMENT(._log_stmesp_ptr.static.*)))
                0x000000000020c2a0                _log_stmesp_ptr_list_end = .

log_stmesp_str_area
                0x000000000020c2a0        0x0
                0x000000000020c2a0                _log_stmesp_str_list_start = .
 *(SORT_BY_NAME(SORT_BY_ALIGNMENT(._log_stmesp_str.static.*)))
                0x000000000020c2a0                _log_stmesp_str_list_end = .

log_const_area  0x000000000020c2a0       0x50
                0x000000000020c2a0                _log_const_list_start = .
 *(SORT_BY_NAME(SORT_BY_ALIGNMENT(._log_const.static.*)))
 ._log_const.static.log_const_cbprintf_package_
                0x000000000020c2a0       0x10 zephyr/libzephyr.a(cbprintf_packaged.c.obj)
                0x000000000020c2a0                log_const_cbprintf_package
 ._log_const.static.log_const_log_
                0x000000000020c2b0       0x10 zephyr/libzephyr.a(log_core.c.obj)
                0x000000000020c2b0                log_const_log
 ._log_const.static.log_const_log_mgmt_
                0x000000000020c2c0       0x10 zephyr/libzephyr.a(log_mgmt.c.obj)
                0x000000000020c2c0                log_const_log_mgmt
 ._log_const.static.log_const_log_uart_
                0x000000000020c2d0       0x10 zephyr/libzephyr.a(log_backend_uart.c.obj)
                0x000000000020c2d0                log_const_log_uart
 ._log_const.static.log_const_os_
                0x000000000020c2e0       0x10 zephyr/kernel/libkernel.a(init.c.obj)
                0x000000000020c2e0                log_const_os
                0x000000000020c2f0                _log_const_list_end = .

log_backend_area
                0x000000000020c2f0       0x20
                0x000000000020c2f0                _log_backend_list_start = .
 *(SORT_BY_NAME(SORT_BY_ALIGNMENT(._log_backend.static.*)))
 ._log_backend.static.log_backend_uart_
                0x000000000020c2f0       0x20 zephyr/libzephyr.a(log_backend_uart.c.obj)
                0x000000000020c310                _log_backend_list_end = .

log_link_area   0x000000000020c310        0x0
                0x000000000020c310                _log_link_list_start = .
 *(SORT_BY_NAME(SORT_BY_ALIGNMENT(._log_link.static.*)))
                0x000000000020c310                _log_link_list_end = .

tracing_backend_area
                0x000000000020c310        0x0
                0x000000000020c310                _tracing_backend_list_start = .
 *(SORT_BY_NAME(SORT_BY_ALIGNMENT(._tracing_backend.static.*)))
                0x000000000020c310                _tracing_backend_list_end = .

zephyr_dbg_info
 *(SORT_BY_ALIGNMENT(.dbg_thread_info))

intc_table_area
                0x000000000020c310        0x0
                0x000000000020c310                _intc_table_list_start = .
 *(SORT_BY_NAME(SORT_BY_ALIGNMENT(._intc_table.static.*)))
                0x000000000020c310                _intc_table_list_end = .

symbol_to_keep  0x000000000020c310        0x0
                0x000000000020c310                __symbol_to_keep_start = .
 *(SORT_BY_NAME(SORT_BY_ALIGNMENT(.symbol_to_keep*)))
                0x000000000020c310                __symbol_to_keep_end = .

shell_area      0x000000000020c310        0x0
                0x000000000020c310                _shell_list_start = .
 *(SORT_BY_NAME(SORT_BY_ALIGNMENT(._shell.static.*)))
                0x000000000020c310                _shell_list_end = .

shell_root_cmds_area
                0x000000000020c310        0x0
                0x000000000020c310                _shell_root_cmds_list_start = .
 *(SORT_BY_NAME(SORT_BY_ALIGNMENT(._shell_root_cmds.static.*)))
                0x000000000020c310                _shell_root_cmds_list_end = .

shell_subcmds_area
                0x000000000020c310        0x0
                0x000000000020c310                _shell_subcmds_list_start = .
 *(SORT_BY_NAME(SORT_BY_ALIGNMENT(._shell_subcmds.static.*)))
                0x000000000020c310                _shell_subcmds_list_end = .

shell_dynamic_subcmds_area
                0x000000000020c310        0x0
                0x000000000020c310                _shell_dynamic_subcmds_list_start = .
 *(SORT_BY_NAME(SORT_BY_ALIGNMENT(._shell_dynamic_subcmds.static.*)))
                0x000000000020c310                _shell_dynamic_subcmds_list_end = .

cfb_font_area   0x000000000020c310        0x0
                0x000000000020c310                _cfb_font_list_start = .
 *(SORT_BY_NAME(SORT_BY_ALIGNMENT(._cfb_font.static.*)))
                0x000000000020c310                _cfb_font_list_end = .

tdata           0x000000000020c310        0x0
 *(SORT_BY_ALIGNMENT(.tdata) SORT_BY_ALIGNMENT(.tdata.*) SORT_BY_ALIGNMENT(.gnu.linkonce.td.*))

tbss            0x000000000020c310        0x8
 *(SORT_BY_ALIGNMENT(.tbss) SORT_BY_ALIGNMENT(.tbss.*) SORT_BY_ALIGNMENT(.gnu.linkonce.tb.*) SORT_BY_ALIGNMENT(.tcommon))
 .tbss.z_tls_current
                0x000000000020c310        0x8 zephyr/libzephyr.a(thread_entry.c.obj)
                0x000000000020c310                z_tls_current
                0x000000000020c310                PROVIDE (__tdata_start = ADDR (tdata))
                0x0000000000000001                PROVIDE (__tdata_align = ALIGNOF (tdata))
                0x0000000000000000                PROVIDE (__tdata_size = (((SIZEOF (tdata) + __tdata_align) - 0x1) & ~ ((__tdata_align - 0x1))))
                [!provide]                        PROVIDE (__tdata_end = (__tdata_start + __tdata_size))
                0x0000000000000008                PROVIDE (__tbss_align = ALIGNOF (tbss))
                [!provide]                        PROVIDE (__tbss_start = ADDR (tbss))
                0x0000000000000008                PROVIDE (__tbss_size = (((SIZEOF (tbss) + __tbss_align) - 0x1) & ~ ((__tbss_align - 0x1))))
                [!provide]                        PROVIDE (__tbss_end = (__tbss_start + __tbss_size))
                [!provide]                        PROVIDE (__tls_start = __tdata_start)
                [!provide]                        PROVIDE (__tls_end = __tbss_end)
                [!provide]                        PROVIDE (__tls_size = (__tbss_end - __tdata_start))

rodata          0x000000000020c310     0x148e
 *(SORT_BY_ALIGNMENT(.rodata))
 *(SORT_BY_ALIGNMENT(.rodata.*))
 .rodata.mmu_config
                0x000000000020c310       0x10 zephyr/libzephyr.a(mmu_regions.c.obj)
                0x000000000020c310                mmu_config
 .rodata.mmu_regions